Component: Arm Compiler for Embedded 6.22 Tool: armlink [5ee90200]

==============================================================================

Section Cross References

    calibparaswc.o(.text.CalibParaSWC_Init) refers to calibparaswc.o(.bss.SpeedThreshold) for SpeedThreshold
    calibparaswc.o(.ARM.exidx.text.CalibParaSWC_Init) refers to calibparaswc.o(.text.CalibParaSWC_Init) for [Anonymous Symbol]
    calibparaswc.o(.text.CalibParaSWC_GetSpeedThreshold) refers to calibparaswc.o(.bss.SpeedThreshold) for SpeedThreshold
    calibparaswc.o(.ARM.exidx.text.CalibParaSWC_GetSpeedThreshold) refers to calibparaswc.o(.text.CalibParaSWC_GetSpeedThreshold) for [Anonymous Symbol]
    ficontrolswc.o(.text.FIControlSWC_ReadCalibData) refers to ficontrolswc.o(.bss.SpeedThreshold) for SpeedThreshold
    ficontrolswc.o(.text.FIControlSWC_ReadCalibData) refers to rte_calibpara.o(.text.Rte_Read_CalibPara_SpeedThreshold) for Rte_Read_CalibPara_SpeedThreshold
    ficontrolswc.o(.text.FIControlSWC_ReadCalibData) refers to ficontrolswc.o(.bss.read_threshold_simulation) for read_threshold_simulation
    ficontrolswc.o(.ARM.exidx.text.FIControlSWC_ReadCalibData) refers to ficontrolswc.o(.text.FIControlSWC_ReadCalibData) for [Anonymous Symbol]
    ficontrolswc.o(.text.FIControlSWC_ReadCANData) refers to ficontrolswc.o(.bss.VehicleSpeed) for VehicleSpeed
    ficontrolswc.o(.text.FIControlSWC_ReadCANData) refers to rte_can.o(.text.Rte_Read_CANMessage) for Rte_Read_CANMessage
    ficontrolswc.o(.text.FIControlSWC_ReadCANData) refers to ficontrolswc.o(.bss.read_speed_simulation) for read_speed_simulation
    ficontrolswc.o(.ARM.exidx.text.FIControlSWC_ReadCANData) refers to ficontrolswc.o(.text.FIControlSWC_ReadCANData) for [Anonymous Symbol]
    ficontrolswc.o(.text.FIControlSWC_CompareSpeedAndThreshold) refers to ficontrolswc.o(.bss.VehicleSpeed) for VehicleSpeed
    ficontrolswc.o(.text.FIControlSWC_CompareSpeedAndThreshold) refers to ficontrolswc.o(.bss.SpeedThreshold) for SpeedThreshold
    ficontrolswc.o(.ARM.exidx.text.FIControlSWC_CompareSpeedAndThreshold) refers to ficontrolswc.o(.text.FIControlSWC_CompareSpeedAndThreshold) for [Anonymous Symbol]
    ficontrolswc.o(.text.FIControlSWC_ControlFIValve) refers to rte_ficontrol.o(.text.Rte_Write_FIValve_State) for Rte_Write_FIValve_State
    ficontrolswc.o(.text.FIControlSWC_ControlFIValve) refers to rte_ficontrol.o(.text.Rte_Read_FIValve_State) for Rte_Read_FIValve_State
    ficontrolswc.o(.ARM.exidx.text.FIControlSWC_ControlFIValve) refers to ficontrolswc.o(.text.FIControlSWC_ControlFIValve) for [Anonymous Symbol]
    rte_calibpara.o(.text.Rte_Call_CalibPara_InitThreshold) refers to calibparaswc.o(.text.CalibParaSWC_Init) for CalibParaSWC_Init
    rte_calibpara.o(.ARM.exidx.text.Rte_Call_CalibPara_InitThreshold) refers to rte_calibpara.o(.text.Rte_Call_CalibPara_InitThreshold) for [Anonymous Symbol]
    rte_calibpara.o(.text.Rte_Read_CalibPara_SpeedThreshold) refers to calibparaswc.o(.text.CalibParaSWC_GetSpeedThreshold) for CalibParaSWC_GetSpeedThreshold
    rte_calibpara.o(.ARM.exidx.text.Rte_Read_CalibPara_SpeedThreshold) refers to rte_calibpara.o(.text.Rte_Read_CalibPara_SpeedThreshold) for [Anonymous Symbol]
    rte_ficontrol.o(.text.Rte_Write_FIValve_State) refers to fi_valvecdd.o(.text.FI_ValveCDD_SetState) for FI_ValveCDD_SetState
    rte_ficontrol.o(.ARM.exidx.text.Rte_Write_FIValve_State) refers to rte_ficontrol.o(.text.Rte_Write_FIValve_State) for [Anonymous Symbol]
    rte_ficontrol.o(.text.Rte_Read_FIValve_State) refers to fi_valvecdd.o(.text.FI_ValveCDD_GetState) for FI_ValveCDD_GetState
    rte_ficontrol.o(.ARM.exidx.text.Rte_Read_FIValve_State) refers to rte_ficontrol.o(.text.Rte_Read_FIValve_State) for [Anonymous Symbol]
    rte_ficontrol.o(.text.Rte_Call_FIControlSWC_ReadCalibData) refers to ficontrolswc.o(.text.FIControlSWC_ReadCalibData) for FIControlSWC_ReadCalibData
    rte_ficontrol.o(.ARM.exidx.text.Rte_Call_FIControlSWC_ReadCalibData) refers to rte_ficontrol.o(.text.Rte_Call_FIControlSWC_ReadCalibData) for [Anonymous Symbol]
    rte_ficontrol.o(.text.Rte_Call_FIControlSWC_ReadCANData) refers to ficontrolswc.o(.text.FIControlSWC_ReadCANData) for FIControlSWC_ReadCANData
    rte_ficontrol.o(.ARM.exidx.text.Rte_Call_FIControlSWC_ReadCANData) refers to rte_ficontrol.o(.text.Rte_Call_FIControlSWC_ReadCANData) for [Anonymous Symbol]
    rte_ficontrol.o(.text.Rte_Call_FIControlSWC_CompareSpeedAndThreshold) refers to ficontrolswc.o(.text.FIControlSWC_CompareSpeedAndThreshold) for FIControlSWC_CompareSpeedAndThreshold
    rte_ficontrol.o(.ARM.exidx.text.Rte_Call_FIControlSWC_CompareSpeedAndThreshold) refers to rte_ficontrol.o(.text.Rte_Call_FIControlSWC_CompareSpeedAndThreshold) for [Anonymous Symbol]
    rte_ficontrol.o(.text.Rte_Call_FIControlSWC_ControlFIValve) refers to ficontrolswc.o(.text.FIControlSWC_ControlFIValve) for FIControlSWC_ControlFIValve
    rte_ficontrol.o(.ARM.exidx.text.Rte_Call_FIControlSWC_ControlFIValve) refers to rte_ficontrol.o(.text.Rte_Call_FIControlSWC_ControlFIValve) for [Anonymous Symbol]
    rte_can.o(.text.Rte_Read_CANMessage) refers to canif.o(.text.CanIf_ReceiveSpeed) for CanIf_ReceiveSpeed
    rte_can.o(.ARM.exidx.text.Rte_Read_CANMessage) refers to rte_can.o(.text.Rte_Read_CANMessage) for [Anonymous Symbol]
    canif.o(.text.CanIf_ReceiveSpeed) refers to comhwabstraction.o(.text.Com_HAL_ReceiveSpeed) for Com_HAL_ReceiveSpeed
    canif.o(.ARM.exidx.text.CanIf_ReceiveSpeed) refers to canif.o(.text.CanIf_ReceiveSpeed) for [Anonymous Symbol]
    comhwabstraction.o(.text.Com_HAL_Init) refers to can.o(.text.CanDrv_Init) for CanDrv_Init
    comhwabstraction.o(.ARM.exidx.text.Com_HAL_Init) refers to comhwabstraction.o(.text.Com_HAL_Init) for [Anonymous Symbol]
    comhwabstraction.o(.text.Com_HAL_ReceiveSpeed) refers to can.o(.text.CanDrv_Receive) for CanDrv_Receive
    comhwabstraction.o(.ARM.exidx.text.Com_HAL_ReceiveSpeed) refers to comhwabstraction.o(.text.Com_HAL_ReceiveSpeed) for [Anonymous Symbol]
    keiluvisoin_startup.o(RESET) refers to keiluvisoin_startup.o(STACK) for __initial_sp
    keiluvisoin_startup.o(RESET) refers to keiluvisoin_startup.o(.text) for Reset_Handler
    keiluvisoin_startup.o(RESET) refers to task.o(.text) for SVC_Dispatcher
    keiluvisoin_startup.o(RESET) refers to port.o(.text) for OsPort_PendSVHandler
    keiluvisoin_startup.o(RESET) refers to alarm.o(.text) for SystemTimerHandler
    keiluvisoin_startup.o(.text) refers to osekosecu2.o(.text.SystemInit) for SystemInit
    keiluvisoin_startup.o(.text) refers to entry.o(.ARM.Collect$$$$00000000) for __main
    counter.o(.text.SysTick_Init) refers to oscfg.o(.rodata.OsCfg_SYSTEM_TICK_IN_MS) for OsCfg_SYSTEM_TICK_IN_MS
    counter.o(.ARM.exidx.text.SysTick_Init) refers to counter.o(.text.SysTick_Init) for [Anonymous Symbol]
    counter.o(.text.OsCnt_IncrSystemCounter) refers to counter.o(.bss.OsCnt_SystemCounter) for OsCnt_SystemCounter
    counter.o(.ARM.exidx.text.OsCnt_IncrSystemCounter) refers to counter.o(.text.OsCnt_IncrSystemCounter) for [Anonymous Symbol]
    counter.o(.text.OsCnt_GetSystemCounter) refers to counter.o(.bss.OsCnt_SystemCounter) for OsCnt_SystemCounter
    counter.o(.ARM.exidx.text.OsCnt_GetSystemCounter) refers to counter.o(.text.OsCnt_GetSystemCounter) for [Anonymous Symbol]
    hook.o(.ARM.exidx.text.ErrorHook) refers to hook.o(.text.ErrorHook) for [Anonymous Symbol]
    hook.o(.ARM.exidx.text.StartupHook) refers to hook.o(.text.StartupHook) for [Anonymous Symbol]
    hook.o(.ARM.exidx.text.PreTaskHook) refers to hook.o(.text.PreTaskHook) for [Anonymous Symbol]
    hook.o(.ARM.exidx.text.PostTaskHook) refers to hook.o(.text.PostTaskHook) for [Anonymous Symbol]
    hook.o(.ARM.exidx.text.StackOverFlowHook) refers to hook.o(.text.StackOverFlowHook) for [Anonymous Symbol]
    oscfg.o(.data.OsCfg_TCBs) refers to osekosecu2.o(.text.OsTask_Injector_Control_Task) for OsTask_Injector_Control_Task
    oscfg.o(.data.OsCfg_TCBs) refers to osekosecu2.o(.text.OsTask_NVM_Logging_Task) for OsTask_NVM_Logging_Task
    oscfg.o(.data.OsCfg_TCBs) refers to osekosecu2.o(.text.OsTask_CalibPara_Task) for OsTask_CalibPara_Task
    oscfg.o(.data.OsCfg_TCBs) refers to osekosecu2.o(.text.OsTask_FIControl_Task) for OsTask_FIControl_Task
    oscfg.o(.data.OsCfg_TCBs) refers to task.o(.text) for OsTask_IdleMechanism
    oscfg.o(.data.OsCfg_Alarms) refers to oscfg.o(.data.MainCounter) for MainCounter
    osekosecu2.o(.ARM.exidx.text.SystemInit) refers to osekosecu2.o(.text.SystemInit) for [Anonymous Symbol]
    osekosecu2.o(.text.main) refers to task.o(.text) for StartOS
    osekosecu2.o(.ARM.exidx.text.main) refers to osekosecu2.o(.text.main) for [Anonymous Symbol]
    osekosecu2.o(.text.OsTask_CalibPara_Task) refers to osekosecu2.o(.bss.CalibPara_Toggle) for CalibPara_Toggle
    osekosecu2.o(.text.OsTask_CalibPara_Task) refers to rte_calibpara.o(.text.Rte_Call_CalibPara_InitThreshold) for Rte_Call_CalibPara_InitThreshold
    osekosecu2.o(.text.OsTask_CalibPara_Task) refers to osekosecu2.o(.bss.Check_Param_Init) for Check_Param_Init
    osekosecu2.o(.text.OsTask_CalibPara_Task) refers to task.o(.text) for ActivateTask
    osekosecu2.o(.text.OsTask_CalibPara_Task) refers to alarm.o(.text) for SetRelAlarm
    osekosecu2.o(.ARM.exidx.text.OsTask_CalibPara_Task) refers to osekosecu2.o(.text.OsTask_CalibPara_Task) for [Anonymous Symbol]
    osekosecu2.o(.text.OsTask_FIControl_Task) refers to rte_ficontrol.o(.text.Rte_Call_FIControlSWC_ReadCalibData) for Rte_Call_FIControlSWC_ReadCalibData
    osekosecu2.o(.text.OsTask_FIControl_Task) refers to osekosecu2.o(.bss.FIControl_Toggle) for FIControl_Toggle
    osekosecu2.o(.text.OsTask_FIControl_Task) refers to osekosecu2.o(.bss.Check_Param_Read) for Check_Param_Read
    osekosecu2.o(.text.OsTask_FIControl_Task) refers to rte_ficontrol.o(.text.Rte_Call_FIControlSWC_ReadCANData) for Rte_Call_FIControlSWC_ReadCANData
    osekosecu2.o(.text.OsTask_FIControl_Task) refers to osekosecu2.o(.bss.Check_Read_Speed) for Check_Read_Speed
    osekosecu2.o(.text.OsTask_FIControl_Task) refers to task.o(.text) for ActivateTask
    osekosecu2.o(.text.OsTask_FIControl_Task) refers to event.o(.text) for SetEvent
    osekosecu2.o(.ARM.exidx.text.OsTask_FIControl_Task) refers to osekosecu2.o(.text.OsTask_FIControl_Task) for [Anonymous Symbol]
    osekosecu2.o(.text.OsTask_Injector_Control_Task) refers to event.o(.text) for WaitEvent
    osekosecu2.o(.text.OsTask_Injector_Control_Task) refers to osekosecu2.o(.bss.InjectorControl_Toggle) for InjectorControl_Toggle
    osekosecu2.o(.text.OsTask_Injector_Control_Task) refers to rte_ficontrol.o(.text.Rte_Call_FIControlSWC_CompareSpeedAndThreshold) for Rte_Call_FIControlSWC_CompareSpeedAndThreshold
    osekosecu2.o(.text.OsTask_Injector_Control_Task) refers to osekosecu2.o(.bss.Check_Speed_Over) for Check_Speed_Over
    osekosecu2.o(.text.OsTask_Injector_Control_Task) refers to rte_ficontrol.o(.text.Rte_Call_FIControlSWC_ControlFIValve) for Rte_Call_FIControlSWC_ControlFIValve
    osekosecu2.o(.text.OsTask_Injector_Control_Task) refers to osekosecu2.o(.bss.Check_Control_Injector) for Check_Control_Injector
    osekosecu2.o(.text.OsTask_Injector_Control_Task) refers to task.o(.text) for TerminateTask
    osekosecu2.o(.ARM.exidx.text.OsTask_Injector_Control_Task) refers to osekosecu2.o(.text.OsTask_Injector_Control_Task) for [Anonymous Symbol]
    osekosecu2.o(.text.OsTask_NVM_Logging_Task) refers to event.o(.text) for WaitEvent
    osekosecu2.o(.text.OsTask_NVM_Logging_Task) refers to osekosecu2.o(.bss.NvmLogging_Toggle) for NvmLogging_Toggle
    osekosecu2.o(.text.OsTask_NVM_Logging_Task) refers to task.o(.text) for TerminateTask
    osekosecu2.o(.ARM.exidx.text.OsTask_NVM_Logging_Task) refers to osekosecu2.o(.text.OsTask_NVM_Logging_Task) for [Anonymous Symbol]
    can.o(.ARM.exidx.text.CanDrv_Init) refers to can.o(.text.CanDrv_Init) for [Anonymous Symbol]
    can.o(.text.CanDrv_Receive) refers to rand.o(.text) for rand
    can.o(.ARM.exidx.text.CanDrv_Receive) refers to can.o(.text.CanDrv_Receive) for [Anonymous Symbol]
    fi_valvecdd.o(.text.FI_ValveCDD_Init) refers to fi_valvecdd.o(.bss.ValveState) for ValveState
    fi_valvecdd.o(.ARM.exidx.text.FI_ValveCDD_Init) refers to fi_valvecdd.o(.text.FI_ValveCDD_Init) for [Anonymous Symbol]
    fi_valvecdd.o(.text.FI_ValveCDD_SetState) refers to fi_valvecdd.o(.bss.ValveState) for ValveState
    fi_valvecdd.o(.ARM.exidx.text.FI_ValveCDD_SetState) refers to fi_valvecdd.o(.text.FI_ValveCDD_SetState) for [Anonymous Symbol]
    fi_valvecdd.o(.text.FI_ValveCDD_GetState) refers to fi_valvecdd.o(.bss.ValveState) for ValveState
    fi_valvecdd.o(.ARM.exidx.text.FI_ValveCDD_GetState) refers to fi_valvecdd.o(.text.FI_ValveCDD_GetState) for [Anonymous Symbol]
    alarm.o(.text) refers to counter.o(.text.OsCnt_GetSystemCounter) for OsCnt_GetSystemCounter
    alarm.o(.text) refers to tcbprocessor.o(.text) for OsTcb_GetTaskStateProcessor
    alarm.o(.text) refers to errmgr.o(.text) for OsErrMgr_SetServiceID
    alarm.o(.text) refers to hook.o(.text.ErrorHook) for ErrorHook
    alarm.o(.text) refers to port.o(.text) for OsPort_PushUpperContext
    alarm.o(.text) refers to counter.o(.text.OsCnt_IncrSystemCounter) for OsCnt_IncrSystemCounter
    alarm.o(.text) refers to oscfg.o(.data.OsCfg_Alarms) for OsCfg_Alarms
    alarm.o(.text) refers to oscfg.o(.rodata.OsCfg_USE_ERROR_HOOK) for OsCfg_USE_ERROR_HOOK
    alarm.o(.text) refers to oscfg.o(.rodata.OsCfg_USE_POSTTASK_HOOK) for OsCfg_USE_POSTTASK_HOOK
    alarm.o(.text) refers to oscfg.o(.rodata.OsCfg_MAX_NUM_OF_ALARMS) for OsCfg_MAX_NUM_OF_ALARMS
    event.o(.text) refers to tcbprocessor.o(.text) for OsTcb_GetTaskIDProcessor
    event.o(.text) refers to svccontext.o(.text) for SVCCnxt_EventMgrSetTskID
    task.o(.text) refers to portable.o(.text) for OsPort_CoreInit
    task.o(.text) refers to tcbprocessor.o(.text) for OsTcb_TasksInit
    task.o(.text) refers to hook.o(.text.StartupHook) for StartupHook
    task.o(.text) refers to counter.o(.text.SysTick_Init) for SysTick_Init
    task.o(.text) refers to port.o(.text) for OsPort_JumpToApp
    task.o(.text) refers to svccontext.o(.text) for SVCCnxt_TskMgrSetTskID
    task.o(.text) refers to hook.o(.text.StackOverFlowHook) for StackOverFlowHook
    task.o(.text) refers to rcbprocessor.o(.text) for OsRes_GetResourceProcessor
    task.o(.text) refers to oscfg.o(.rodata.OsCfg_USE_STARTUP_HOOK) for OsCfg_USE_STARTUP_HOOK
    task.o(.text) refers to oscfg.o(.rodata.OsCfg_USE_STACK_OVER_FLOW_HOOK) for OsCfg_USE_STACK_OVER_FLOW_HOOK
    task.o(.text) refers to oscfg.o(.rodata.OsCfg_USE_POSTTASK_HOOK) for OsCfg_USE_POSTTASK_HOOK
    port.o(.text) refers to portable.o(.text) for OsPort_SetThreadMode
    port.o(.text) refers to tcbprocessor.o(.text) for OsTcb_GetCurrentTCBRef
    errmgr.o(.text) refers to errmgr.o(.data) for OsErrMgr_DetectedService
    rcbprocessor.o(.text) refers to tcbprocessor.o(.text) for OsTcb_GetTaskIDProcessor
    rcbprocessor.o(.text) refers to svccontext.o(.text) for SVCCnxt_ResMgrGetResID
    rcbprocessor.o(.text) refers to errmgr.o(.text) for OsErrMgr_SetServiceID
    rcbprocessor.o(.text) refers to hook.o(.text.ErrorHook) for ErrorHook
    rcbprocessor.o(.text) refers to oscfg.o(.rodata.OsCfg_MAX_NUM_OF_RESOURCES) for OsCfg_MAX_NUM_OF_RESOURCES
    rcbprocessor.o(.text) refers to oscfg.o(.rodata.OsCfg_ResourceTaskAuthorized) for OsCfg_ResourceTaskAuthorized
    rcbprocessor.o(.text) refers to oscfg.o(.bss.RCB) for RCB
    rcbprocessor.o(.text) refers to oscfg.o(.rodata.OsCfg_ResourceCeilPri) for OsCfg_ResourceCeilPri
    rcbprocessor.o(.text) refers to oscfg.o(.rodata.OsCfg_USE_ERROR_HOOK) for OsCfg_USE_ERROR_HOOK
    svccontext.o(.text) refers to oscfg.o(.bss.SVCCnxt_ErrCodes) for SVCCnxt_ErrCodes
    svccontext.o(.text) refers to svccontext.o(.data) for SVCCnxt_TskMgrCnxt
    svccontext.o(.text) refers to oscfg.o(.bss.SVCCnxt_ResMgrCnxt) for SVCCnxt_ResMgrCnxt
    tcbprocessor.o(.text) refers to svccontext.o(.text) for SVCCnxt_TskMgrGetTskID
    tcbprocessor.o(.text) refers to errmgr.o(.text) for OsErrMgr_SetServiceID
    tcbprocessor.o(.text) refers to hook.o(.text.ErrorHook) for ErrorHook
    tcbprocessor.o(.text) refers to portable.o(.text) for OsPort_SetInitialStack
    tcbprocessor.o(.text) refers to hook.o(.text.PostTaskHook) for PostTaskHook
    tcbprocessor.o(.text) refers to oscfg.o(.data.OsCfg_TCBs) for OsCfg_TCBs
    tcbprocessor.o(.text) refers to oscfg.o(.rodata.OsCfg_USE_STACK_OVER_FLOW_HOOK) for OsCfg_USE_STACK_OVER_FLOW_HOOK
    tcbprocessor.o(.text) refers to oscfg.o(.rodata.OsCfg_StackSize) for OsCfg_StackSize
    tcbprocessor.o(.text) refers to oscfg.o(.bss.OsCfg_Stack) for OsCfg_Stack
    tcbprocessor.o(.text) refers to oscfg.o(.rodata.OsCfg_MAX_NUM_OF_TASKS) for OsCfg_MAX_NUM_OF_TASKS
    tcbprocessor.o(.text) refers to tcbprocessor.o(.data) for TcbProcessor_RunningTaskID
    tcbprocessor.o(.text) refers to oscfg.o(.rodata.OsCfg_USE_ERROR_HOOK) for OsCfg_USE_ERROR_HOOK
    tcbprocessor.o(.text) refers to oscfg.o(.rodata.OsCfg_USE_POSTTASK_HOOK) for OsCfg_USE_POSTTASK_HOOK
    tcbprocessor.o(.text) refers to hook.o(.text.PreTaskHook) for PreTaskHook
    tcbprocessor.o(.text) refers to oscfg.o(.rodata.OsCfg_USE_PRETASK_HOOK) for OsCfg_USE_PRETASK_HOOK
    tcbprocessor.o(.text) refers to oscfg.o(.rodata.OsCfg_ALL_STACK_SIZE) for OsCfg_ALL_STACK_SIZE
    tcbprocessor.o(.text) refers to task.o(.text) for OsTask_IdleMechanism
    tcbprocessor.o(.data) refers to oscfg.o(.data.OsCfg_TCBs) for OsCfg_TCBs
    entry.o(.ARM.Collect$$$$00000000) refers (Special) to entry10a.o(.ARM.Collect$$$$0000000D) for __rt_final_cpp
    entry.o(.ARM.Collect$$$$00000000) refers (Special) to entry11a.o(.ARM.Collect$$$$0000000F) for __rt_final_exit
    entry.o(.ARM.Collect$$$$00000000) refers (Special) to entry7b.o(.ARM.Collect$$$$00000008) for _main_clock
    entry.o(.ARM.Collect$$$$00000000) refers (Special) to entry8b.o(.ARM.Collect$$$$0000000A) for _main_cpp_init
    entry.o(.ARM.Collect$$$$00000000) refers (Special) to entry9a.o(.ARM.Collect$$$$0000000B) for _main_init
    entry.o(.ARM.Collect$$$$00000000) refers (Special) to entry5.o(.ARM.Collect$$$$00000004) for _main_scatterload
    entry.o(.ARM.Collect$$$$00000000) refers (Special) to entry2.o(.ARM.Collect$$$$00000001) for _main_stk
    rand.o(.text) refers to rand.o(.data) for .data
    entry2.o(.ARM.Collect$$$$00000001) refers to entry2.o(.ARM.Collect$$$$00002712) for __lit__00000000
    entry2.o(.ARM.Collect$$$$00002712) refers to keiluvisoin_startup.o(STACK) for __initial_sp
    entry2.o(__vectab_stack_and_reset_area) refers to keiluvisoin_startup.o(STACK) for __initial_sp
    entry2.o(__vectab_stack_and_reset_area) refers to entry.o(.ARM.Collect$$$$00000000) for __main
    entry5.o(.ARM.Collect$$$$00000004) refers to init.o(.text) for __scatterload
    entry9a.o(.ARM.Collect$$$$0000000B) refers to osekosecu2.o(.text.main) for main
    entry9b.o(.ARM.Collect$$$$0000000C) refers to osekosecu2.o(.text.main) for main
    init.o(.text) refers to entry5.o(.ARM.Collect$$$$00000004) for __main_after_scatterload


==============================================================================

Removing Unused input sections from the image.

    Removing calibparaswc.o(.text), (0 bytes).
    Removing calibparaswc.o(.ARM.exidx.text.CalibParaSWC_Init), (8 bytes).
    Removing calibparaswc.o(.ARM.exidx.text.CalibParaSWC_GetSpeedThreshold), (8 bytes).
    Removing ficontrolswc.o(.text), (0 bytes).
    Removing ficontrolswc.o(.ARM.exidx.text.FIControlSWC_ReadCalibData), (8 bytes).
    Removing ficontrolswc.o(.ARM.exidx.text.FIControlSWC_ReadCANData), (8 bytes).
    Removing ficontrolswc.o(.ARM.exidx.text.FIControlSWC_CompareSpeedAndThreshold), (8 bytes).
    Removing ficontrolswc.o(.ARM.exidx.text.FIControlSWC_ControlFIValve), (8 bytes).
    Removing rte_calibpara.o(.text), (0 bytes).
    Removing rte_calibpara.o(.ARM.exidx.text.Rte_Call_CalibPara_InitThreshold), (8 bytes).
    Removing rte_calibpara.o(.ARM.exidx.text.Rte_Read_CalibPara_SpeedThreshold), (8 bytes).
    Removing rte_ficontrol.o(.text), (0 bytes).
    Removing rte_ficontrol.o(.ARM.exidx.text.Rte_Write_FIValve_State), (8 bytes).
    Removing rte_ficontrol.o(.ARM.exidx.text.Rte_Read_FIValve_State), (8 bytes).
    Removing rte_ficontrol.o(.ARM.exidx.text.Rte_Call_FIControlSWC_ReadCalibData), (8 bytes).
    Removing rte_ficontrol.o(.ARM.exidx.text.Rte_Call_FIControlSWC_ReadCANData), (8 bytes).
    Removing rte_ficontrol.o(.ARM.exidx.text.Rte_Call_FIControlSWC_CompareSpeedAndThreshold), (8 bytes).
    Removing rte_ficontrol.o(.ARM.exidx.text.Rte_Call_FIControlSWC_ControlFIValve), (8 bytes).
    Removing rte_can.o(.text), (0 bytes).
    Removing rte_can.o(.ARM.exidx.text.Rte_Read_CANMessage), (8 bytes).
    Removing canif.o(.text), (0 bytes).
    Removing canif.o(.ARM.exidx.text.CanIf_ReceiveSpeed), (8 bytes).
    Removing dem.o(.text), (0 bytes).
    Removing nvm.o(.text), (0 bytes).
    Removing comhwabstraction.o(.text), (0 bytes).
    Removing comhwabstraction.o(.text.Com_HAL_Init), (8 bytes).
    Removing comhwabstraction.o(.ARM.exidx.text.Com_HAL_Init), (8 bytes).
    Removing comhwabstraction.o(.ARM.exidx.text.Com_HAL_ReceiveSpeed), (8 bytes).
    Removing keiluvisoin_startup.o(HEAP), (0 bytes).
    Removing counter.o(.text), (0 bytes).
    Removing counter.o(.ARM.exidx.text.SysTick_Init), (8 bytes).
    Removing counter.o(.ARM.exidx.text.OsCnt_IncrSystemCounter), (8 bytes).
    Removing counter.o(.ARM.exidx.text.OsCnt_GetSystemCounter), (8 bytes).
    Removing hook.o(.text), (0 bytes).
    Removing hook.o(.ARM.exidx.text.ErrorHook), (8 bytes).
    Removing hook.o(.ARM.exidx.text.StartupHook), (8 bytes).
    Removing hook.o(.ARM.exidx.text.PreTaskHook), (8 bytes).
    Removing hook.o(.ARM.exidx.text.PostTaskHook), (8 bytes).
    Removing hook.o(.ARM.exidx.text.StackOverFlowHook), (8 bytes).
    Removing oscfg.o(.text), (0 bytes).
    Removing oscfg.o(.rodata.OsCfg_USE_PARAMETER_ACCESS), (1 bytes).
    Removing oscfg.o(.rodata.OsCfg_USE_GET_SERVICE_ID), (1 bytes).
    Removing oscfg.o(.rodata.OSTICKDURATION), (4 bytes).
    Removing osekosecu2.o(.text), (0 bytes).
    Removing osekosecu2.o(.ARM.exidx.text.SystemInit), (8 bytes).
    Removing osekosecu2.o(.ARM.exidx.text.main), (8 bytes).
    Removing osekosecu2.o(.ARM.exidx.text.OsTask_CalibPara_Task), (8 bytes).
    Removing osekosecu2.o(.ARM.exidx.text.OsTask_FIControl_Task), (8 bytes).
    Removing osekosecu2.o(.ARM.exidx.text.OsTask_Injector_Control_Task), (8 bytes).
    Removing osekosecu2.o(.ARM.exidx.text.OsTask_NVM_Logging_Task), (8 bytes).
    Removing osekosecu2.o(.bss.FIControlTask_Running), (1 bytes).
    Removing osekosecu2.o(.bss.CalibParaTask_Running), (1 bytes).
    Removing osekosecu2.o(.bss.NVMLoggingTask_Running), (1 bytes).
    Removing osekosecu2.o(.bss.Check_Nvm_Stored), (1 bytes).
    Removing osekosecu2.o(.bss.speed), (2 bytes).
    Removing osekosecu2.o(.bss.speedThreshold), (2 bytes).
    Removing osekosecu2.o(.ARM.use_no_argv), (4 bytes).
    Removing can.o(.text), (0 bytes).
    Removing can.o(.text.CanDrv_Init), (2 bytes).
    Removing can.o(.ARM.exidx.text.CanDrv_Init), (8 bytes).
    Removing can.o(.ARM.exidx.text.CanDrv_Receive), (8 bytes).
    Removing fi_valvecdd.o(.text), (0 bytes).
    Removing fi_valvecdd.o(.text.FI_ValveCDD_Init), (14 bytes).
    Removing fi_valvecdd.o(.ARM.exidx.text.FI_ValveCDD_Init), (8 bytes).
    Removing fi_valvecdd.o(.ARM.exidx.text.FI_ValveCDD_SetState), (8 bytes).
    Removing fi_valvecdd.o(.ARM.exidx.text.FI_ValveCDD_GetState), (8 bytes).

66 unused section(s) (total 338 bytes) removed from the image.

==============================================================================

Image Symbol Table

    Local Symbols

    Symbol Name                              Value     Ov Type        Size  Object(Section)

    ../ECU2_FIControl/BSW/OS/startup/keilUvisoin_startup.s 0x00000000   Number         0  keiluvisoin_startup.o ABSOLUTE
    ../clib/microlib/init/entry.s            0x00000000   Number         0  entry.o ABSOLUTE
    ../clib/microlib/init/entry.s            0x00000000   Number         0  entry2.o ABSOLUTE
    ../clib/microlib/init/entry.s            0x00000000   Number         0  entry5.o ABSOLUTE
    ../clib/microlib/init/entry.s            0x00000000   Number         0  entry7a.o ABSOLUTE
    ../clib/microlib/init/entry.s            0x00000000   Number         0  entry7b.o ABSOLUTE
    ../clib/microlib/init/entry.s            0x00000000   Number         0  entry8a.o ABSOLUTE
    ../clib/microlib/init/entry.s            0x00000000   Number         0  entry8b.o ABSOLUTE
    ../clib/microlib/init/entry.s            0x00000000   Number         0  entry9a.o ABSOLUTE
    ../clib/microlib/init/entry.s            0x00000000   Number         0  entry9b.o ABSOLUTE
    ../clib/microlib/init/entry.s            0x00000000   Number         0  entry10a.o ABSOLUTE
    ../clib/microlib/init/entry.s            0x00000000   Number         0  entry10b.o ABSOLUTE
    ../clib/microlib/init/entry.s            0x00000000   Number         0  entry11a.o ABSOLUTE
    ../clib/microlib/init/entry.s            0x00000000   Number         0  entry11b.o ABSOLUTE
    ../clib/microlib/stdlib/rand.c           0x00000000   Number         0  rand.o ABSOLUTE
    CalibParaSWC.c                           0x00000000   Number         0  calibparaswc.o ABSOLUTE
    Can.c                                    0x00000000   Number         0  can.o ABSOLUTE
    CanIf.c                                  0x00000000   Number         0  canif.o ABSOLUTE
    ComHwAbstraction.c                       0x00000000   Number         0  comhwabstraction.o ABSOLUTE
    Dem.c                                    0x00000000   Number         0  dem.o ABSOLUTE
    FIControlSWC.c                           0x00000000   Number         0  ficontrolswc.o ABSOLUTE
    FI_ValveCDD.c                            0x00000000   Number         0  fi_valvecdd.o ABSOLUTE
    NVM.c                                    0x00000000   Number         0  nvm.o ABSOLUTE
    OsCfg.c                                  0x00000000   Number         0  oscfg.o ABSOLUTE
    OsekOSECU2.c                             0x00000000   Number         0  osekosecu2.o ABSOLUTE
    Rte_CalibPara.c                          0x00000000   Number         0  rte_calibpara.o ABSOLUTE
    Rte_Can.c                                0x00000000   Number         0  rte_can.o ABSOLUTE
    Rte_FIControl.c                          0x00000000   Number         0  rte_ficontrol.o ABSOLUTE
    counter.c                                0x00000000   Number         0  counter.o ABSOLUTE
    dc.s                                     0x00000000   Number         0  dc.o ABSOLUTE
    handlers.s                               0x00000000   Number         0  handlers.o ABSOLUTE
    hook.c                                   0x00000000   Number         0  hook.o ABSOLUTE
    init.s                                   0x00000000   Number         0  init.o ABSOLUTE
    src\ErrMgr.c                             0x00000000   Number         0  errmgr.o ABSOLUTE
    src\RcbProcessor.c                       0x00000000   Number         0  rcbprocessor.o ABSOLUTE
    src\SVCContext.c                         0x00000000   Number         0  svccontext.o ABSOLUTE
    src\TcbProcessor.c                       0x00000000   Number         0  tcbprocessor.o ABSOLUTE
    src\alarm.c                              0x00000000   Number         0  alarm.o ABSOLUTE
    src\event.c                              0x00000000   Number         0  event.o ABSOLUTE
    src\portable\Keil\port.s                 0x00000000   Number         0  port.o ABSOLUTE
    src\portable\Keil\portable.c             0x00000000   Number         0  portable.o ABSOLUTE
    src\task.c                               0x00000000   Number         0  task.o ABSOLUTE
    RESET                                    0x00000000   Section      620  keiluvisoin_startup.o(RESET)
    .ARM.Collect$$$$00000000                 0x0000026c   Section        0  entry.o(.ARM.Collect$$$$00000000)
    .ARM.Collect$$$$00000001                 0x0000026c   Section        4  entry2.o(.ARM.Collect$$$$00000001)
    .ARM.Collect$$$$00000004                 0x00000270   Section        4  entry5.o(.ARM.Collect$$$$00000004)
    .ARM.Collect$$$$00000008                 0x00000274   Section        0  entry7b.o(.ARM.Collect$$$$00000008)
    .ARM.Collect$$$$0000000A                 0x00000274   Section        0  entry8b.o(.ARM.Collect$$$$0000000A)
    .ARM.Collect$$$$0000000B                 0x00000274   Section        8  entry9a.o(.ARM.Collect$$$$0000000B)
    __lit__00000000                          0x0000027c   Data           4  entry2.o(.ARM.Collect$$$$00002712)
    .ARM.Collect$$$$0000000D                 0x0000027c   Section        0  entry10a.o(.ARM.Collect$$$$0000000D)
    .ARM.Collect$$$$0000000F                 0x0000027c   Section        0  entry11a.o(.ARM.Collect$$$$0000000F)
    .ARM.Collect$$$$00002712                 0x0000027c   Section        4  entry2.o(.ARM.Collect$$$$00002712)
    $v0                                      0x00000280   Number         0  keiluvisoin_startup.o(.text)
    .text                                    0x00000280   Section      252  keiluvisoin_startup.o(.text)
    .text                                    0x0000037c   Section        0  alarm.o(.text)
    OsAlrm_AssignAlarmEntry                  0x00000419   Thumb Code    38  alarm.o(.text)
    OsAlrm_ValidateStartValue                0x0000043f   Thumb Code    44  alarm.o(.text)
    OsAlrm_ValidateCycle                     0x0000046b   Thumb Code    46  alarm.o(.text)
    OsAlrm_AlarmActionExecute                0x0000056b   Thumb Code   200  alarm.o(.text)
    OsAlrm_AlarmFireProcessor                0x00000633   Thumb Code    82  alarm.o(.text)
    SystemAlarmsProcessor                    0x00000685   Thumb Code    74  alarm.o(.text)
    OsAlrm_ValidateID                        0x000006fb   Thumb Code    16  alarm.o(.text)
    OsAlrm_GetFirePoint                      0x0000070b   Thumb Code    14  alarm.o(.text)
    OsAlrm_AlarmIsEnabled                    0x00000719   Thumb Code    16  alarm.o(.text)
    OsAlrm_DisableAlarm                      0x00000729   Thumb Code    16  alarm.o(.text)
    OsAlrm_GetAlrmTaskID                     0x00000739   Thumb Code    16  alarm.o(.text)
    .text                                    0x0000075c   Section        0  event.o(.text)
    .text                                    0x000007c4   Section        0  task.o(.text)
    .text                                    0x00000930   Section       90  port.o(.text)
    .text                                    0x0000098c   Section        0  errmgr.o(.text)
    .text                                    0x000009e8   Section        0  rcbprocessor.o(.text)
    .text                                    0x00000b04   Section        0  svccontext.o(.text)
    OsTcb_SetInitialStack                    0x00000b5d   Thumb Code   252  tcbprocessor.o(.text)
    .text                                    0x00000b5c   Section        0  tcbprocessor.o(.text)
    OsTcb_StackPointersInit                  0x00000c59   Thumb Code   110  tcbprocessor.o(.text)
    OsTcb_SetTaskState                       0x00000cf7   Thumb Code    20  tcbprocessor.o(.text)
    OsTcb_ResetTaskEvent                     0x00000d21   Thumb Code    26  tcbprocessor.o(.text)
    OsTcb_ResetTCB                           0x00000db7   Thumb Code    66  tcbprocessor.o(.text)
    OsTcb_CheckEventTrigger                  0x0000101d   Thumb Code    42  tcbprocessor.o(.text)
    OsTcb_SetTaskEvent                       0x00001047   Thumb Code    30  tcbprocessor.o(.text)
    OsTcb_StackCanarInit                     0x0000141d   Thumb Code   114  tcbprocessor.o(.text)
    OsTcb_IdleTaskInit                       0x0000148f   Thumb Code   144  tcbprocessor.o(.text)
    OsTcb_GetTaskPriority                    0x0000151f   Thumb Code    16  tcbprocessor.o(.text)
    OsTcb_TaskModelIsBasic                   0x0000152f   Thumb Code    24  tcbprocessor.o(.text)
    OsTcb_TaskIDValid                        0x00001547   Thumb Code    18  tcbprocessor.o(.text)
    OsTcb_SetCurrentTCBRef                   0x00001559   Thumb Code    16  tcbprocessor.o(.text)
    .text                                    0x00001598   Section        0  portable.o(.text)
    .text                                    0x00001630   Section        0  rand.o(.text)
    .text                                    0x00001654   Section       48  init.o(.text)
    [Anonymous Symbol]                       0x00001684   Section        0  calibparaswc.o(.text.CalibParaSWC_GetSpeedThreshold)
    [Anonymous Symbol]                       0x0000169c   Section        0  calibparaswc.o(.text.CalibParaSWC_Init)
    [Anonymous Symbol]                       0x000016ac   Section        0  can.o(.text.CanDrv_Receive)
    [Anonymous Symbol]                       0x00001738   Section        0  canif.o(.text.CanIf_ReceiveSpeed)
    [Anonymous Symbol]                       0x00001748   Section        0  comhwabstraction.o(.text.Com_HAL_ReceiveSpeed)
    [Anonymous Symbol]                       0x000017d4   Section        0  hook.o(.text.ErrorHook)
    [Anonymous Symbol]                       0x000017e0   Section        0  ficontrolswc.o(.text.FIControlSWC_CompareSpeedAndThreshold)
    [Anonymous Symbol]                       0x00001814   Section        0  ficontrolswc.o(.text.FIControlSWC_ControlFIValve)
    [Anonymous Symbol]                       0x00001880   Section        0  ficontrolswc.o(.text.FIControlSWC_ReadCANData)
    [Anonymous Symbol]                       0x000018c4   Section        0  ficontrolswc.o(.text.FIControlSWC_ReadCalibData)
    [Anonymous Symbol]                       0x00001908   Section        0  fi_valvecdd.o(.text.FI_ValveCDD_GetState)
    [Anonymous Symbol]                       0x00001920   Section        0  fi_valvecdd.o(.text.FI_ValveCDD_SetState)
    [Anonymous Symbol]                       0x00001960   Section        0  counter.o(.text.OsCnt_GetSystemCounter)
    [Anonymous Symbol]                       0x0000196c   Section        0  counter.o(.text.OsCnt_IncrSystemCounter)
    [Anonymous Symbol]                       0x0000197c   Section        0  osekosecu2.o(.text.OsTask_CalibPara_Task)
    [Anonymous Symbol]                       0x000019d4   Section        0  osekosecu2.o(.text.OsTask_FIControl_Task)
    [Anonymous Symbol]                       0x00001a5c   Section        0  osekosecu2.o(.text.OsTask_Injector_Control_Task)
    [Anonymous Symbol]                       0x00001b0c   Section        0  osekosecu2.o(.text.OsTask_NVM_Logging_Task)
    [Anonymous Symbol]                       0x00001b38   Section        0  hook.o(.text.PostTaskHook)
    [Anonymous Symbol]                       0x00001b3c   Section        0  hook.o(.text.PreTaskHook)
    [Anonymous Symbol]                       0x00001b40   Section        0  rte_calibpara.o(.text.Rte_Call_CalibPara_InitThreshold)
    [Anonymous Symbol]                       0x00001b48   Section        0  rte_ficontrol.o(.text.Rte_Call_FIControlSWC_CompareSpeedAndThreshold)
    [Anonymous Symbol]                       0x00001b50   Section        0  rte_ficontrol.o(.text.Rte_Call_FIControlSWC_ControlFIValve)
    [Anonymous Symbol]                       0x00001b64   Section        0  rte_ficontrol.o(.text.Rte_Call_FIControlSWC_ReadCANData)
    [Anonymous Symbol]                       0x00001b6c   Section        0  rte_ficontrol.o(.text.Rte_Call_FIControlSWC_ReadCalibData)
    [Anonymous Symbol]                       0x00001b74   Section        0  rte_can.o(.text.Rte_Read_CANMessage)
    [Anonymous Symbol]                       0x00001b84   Section        0  rte_calibpara.o(.text.Rte_Read_CalibPara_SpeedThreshold)
    [Anonymous Symbol]                       0x00001b94   Section        0  rte_ficontrol.o(.text.Rte_Read_FIValve_State)
    [Anonymous Symbol]                       0x00001ba4   Section        0  rte_ficontrol.o(.text.Rte_Write_FIValve_State)
    [Anonymous Symbol]                       0x00001bb8   Section        0  hook.o(.text.StackOverFlowHook)
    [Anonymous Symbol]                       0x00001bbc   Section        0  hook.o(.text.StartupHook)
    [Anonymous Symbol]                       0x00001bc0   Section        0  counter.o(.text.SysTick_Init)
    [Anonymous Symbol]                       0x00001c10   Section        0  osekosecu2.o(.text.SystemInit)
    [Anonymous Symbol]                       0x00001c14   Section        0  osekosecu2.o(.text.main)
    i.__scatterload_copy                     0x00001c24   Section       14  handlers.o(i.__scatterload_copy)
    i.__scatterload_null                     0x00001c32   Section        2  handlers.o(i.__scatterload_null)
    i.__scatterload_zeroinit                 0x00001c34   Section       14  handlers.o(i.__scatterload_zeroinit)
    OsErrMgr_DetectedService                 0x20000000   Data           1  errmgr.o(.data)
    .data                                    0x20000000   Section       12  errmgr.o(.data)
    OsErrMgr_DetectedTaskID                  0x20000001   Data           1  errmgr.o(.data)
    OsErrMgr_DetectedEventID                 0x20000002   Data           1  errmgr.o(.data)
    OSErrMgr_DetectedResID                   0x20000003   Data           1  errmgr.o(.data)
    OsErrMgr_OverflowContext                 0x20000004   Data           8  errmgr.o(.data)
    SVCCnxt_TskMgrCnxt                       0x2000000c   Data           1  svccontext.o(.data)
    .data                                    0x2000000c   Section        3  svccontext.o(.data)
    SVCCnxt_EventMgrCnxt                     0x2000000d   Data           2  svccontext.o(.data)
    .data                                    0x20000010   Section        6  tcbprocessor.o(.data)
    TcbProcessor_RunningTaskID               0x20000014   Data           1  tcbprocessor.o(.data)
    TaskHookIsSilent                         0x20000015   Data           1  tcbprocessor.o(.data)
    _rand_state                              0x20000018   Data           4  rand.o(.data)
    .data                                    0x20000018   Section        4  rand.o(.data)
    CalibPara_Toggle                         0x200000d0   Data           1  osekosecu2.o(.bss.CalibPara_Toggle)
    [Anonymous Symbol]                       0x200000d0   Section        0  osekosecu2.o(.bss.CalibPara_Toggle)
    FIControl_Toggle                         0x200000d6   Data           1  osekosecu2.o(.bss.FIControl_Toggle)
    [Anonymous Symbol]                       0x200000d6   Section        0  osekosecu2.o(.bss.FIControl_Toggle)
    InjectorControl_Toggle                   0x200000d7   Data           1  osekosecu2.o(.bss.InjectorControl_Toggle)
    [Anonymous Symbol]                       0x200000d7   Section        0  osekosecu2.o(.bss.InjectorControl_Toggle)
    NvmLogging_Toggle                        0x200000d8   Data           1  osekosecu2.o(.bss.NvmLogging_Toggle)
    [Anonymous Symbol]                       0x200000d8   Section        0  osekosecu2.o(.bss.NvmLogging_Toggle)
    OsCnt_SystemCounter                      0x2000211c   Data           4  counter.o(.bss.OsCnt_SystemCounter)
    [Anonymous Symbol]                       0x2000211c   Section        0  counter.o(.bss.OsCnt_SystemCounter)
    SpeedThreshold                           0x20002128   Data           2  calibparaswc.o(.bss.SpeedThreshold)
    [Anonymous Symbol]                       0x20002128   Section        0  calibparaswc.o(.bss.SpeedThreshold)
    ValveState                               0x2000212c   Data           1  fi_valvecdd.o(.bss.ValveState)
    [Anonymous Symbol]                       0x2000212c   Section        0  fi_valvecdd.o(.bss.ValveState)
    STACK                                    0x20002138   Section      512  keiluvisoin_startup.o(STACK)

    Global Symbols

    Symbol Name                              Value     Ov Type        Size  Object(Section)

    BuildAttributes$$THM_ISAv4$E$P$D$K$B$S$7EM$VFPi3$EXTD16$VFPS$VFMA$PE$A:L22UL41UL21$X:L11$S22US41US21$IEEE1$IW$~IW$USESV6$~STKCKD$USESV7$~SHL$OSPACE$EBA8$MICROLIB$REQ8$PRES8$EABIv2 0x00000000   Number         0  anon$$obj.o ABSOLUTE
    __Vectors                                0x00000000   Data           4  keiluvisoin_startup.o(RESET)
    __cpp_initialize__aeabi_                  - Undefined Weak Reference
    __cxa_finalize                            - Undefined Weak Reference
    __decompress                              - Undefined Weak Reference
    _clock_init                               - Undefined Weak Reference
    _microlib_exit                            - Undefined Weak Reference
    __Vectors_End                            0x0000026c   Data           0  keiluvisoin_startup.o(RESET)
    __Vectors_Size                           0x0000026c   Number         0  keiluvisoin_startup.o ABSOLUTE
    __main                                   0x0000026d   Thumb Code     0  entry.o(.ARM.Collect$$$$00000000)
    _main_stk                                0x0000026d   Thumb Code     0  entry2.o(.ARM.Collect$$$$00000001)
    _main_scatterload                        0x00000271   Thumb Code     0  entry5.o(.ARM.Collect$$$$00000004)
    __main_after_scatterload                 0x00000275   Thumb Code     0  entry5.o(.ARM.Collect$$$$00000004)
    _main_clock                              0x00000275   Thumb Code     0  entry7b.o(.ARM.Collect$$$$00000008)
    _main_cpp_init                           0x00000275   Thumb Code     0  entry8b.o(.ARM.Collect$$$$0000000A)
    _main_init                               0x00000275   Thumb Code     0  entry9a.o(.ARM.Collect$$$$0000000B)
    __rt_final_cpp                           0x0000027d   Thumb Code     0  entry10a.o(.ARM.Collect$$$$0000000D)
    __rt_final_exit                          0x0000027d   Thumb Code     0  entry11a.o(.ARM.Collect$$$$0000000F)
    Reset_Handler                            0x00000281   Thumb Code     8  keiluvisoin_startup.o(.text)
    NMI_Handler                              0x00000289   Thumb Code     2  keiluvisoin_startup.o(.text)
    HardFault_Handler                        0x0000028b   Thumb Code     2  keiluvisoin_startup.o(.text)
    MemManage_Handler                        0x0000028d   Thumb Code     2  keiluvisoin_startup.o(.text)
    BusFault_Handler                         0x0000028f   Thumb Code     2  keiluvisoin_startup.o(.text)
    UsageFault_Handler                       0x00000291   Thumb Code     2  keiluvisoin_startup.o(.text)
    SVC_Handler                              0x00000293   Thumb Code     2  keiluvisoin_startup.o(.text)
    DebugMon_Handler                         0x00000295   Thumb Code     2  keiluvisoin_startup.o(.text)
    PendSV_Handler                           0x00000297   Thumb Code     2  keiluvisoin_startup.o(.text)
    SysTick_Handler                          0x00000299   Thumb Code     2  keiluvisoin_startup.o(.text)
    GPIOA_Handler                            0x0000029b   Thumb Code     2  keiluvisoin_startup.o(.text)
    GPIOB_Handler                            0x0000029d   Thumb Code     2  keiluvisoin_startup.o(.text)
    GPIOC_Handler                            0x0000029f   Thumb Code     2  keiluvisoin_startup.o(.text)
    GPIOD_Handler                            0x000002a1   Thumb Code     2  keiluvisoin_startup.o(.text)
    GPIOE_Handler                            0x000002a3   Thumb Code     2  keiluvisoin_startup.o(.text)
    UART0_Handler                            0x000002a5   Thumb Code     2  keiluvisoin_startup.o(.text)
    UART1_Handler                            0x000002a7   Thumb Code     2  keiluvisoin_startup.o(.text)
    SSI0_Handler                             0x000002a9   Thumb Code     2  keiluvisoin_startup.o(.text)
    I2C0_Handler                             0x000002ab   Thumb Code     2  keiluvisoin_startup.o(.text)
    PMW0_FAULT_Handler                       0x000002ad   Thumb Code     2  keiluvisoin_startup.o(.text)
    PWM0_0_Handler                           0x000002af   Thumb Code     2  keiluvisoin_startup.o(.text)
    PWM0_1_Handler                           0x000002b1   Thumb Code     2  keiluvisoin_startup.o(.text)
    PWM0_2_Handler                           0x000002b3   Thumb Code     2  keiluvisoin_startup.o(.text)
    QEI0_Handler                             0x000002b5   Thumb Code     2  keiluvisoin_startup.o(.text)
    ADC0SS0_Handler                          0x000002b7   Thumb Code     2  keiluvisoin_startup.o(.text)
    ADC0SS1_Handler                          0x000002b9   Thumb Code     2  keiluvisoin_startup.o(.text)
    ADC0SS2_Handler                          0x000002bb   Thumb Code     2  keiluvisoin_startup.o(.text)
    ADC0SS3_Handler                          0x000002bd   Thumb Code     2  keiluvisoin_startup.o(.text)
    WDT0_Handler                             0x000002bf   Thumb Code     2  keiluvisoin_startup.o(.text)
    TIMER0A_Handler                          0x000002c1   Thumb Code     2  keiluvisoin_startup.o(.text)
    TIMER0B_Handler                          0x000002c3   Thumb Code     2  keiluvisoin_startup.o(.text)
    TIMER1A_Handler                          0x000002c5   Thumb Code     2  keiluvisoin_startup.o(.text)
    TIMER1B_Handler                          0x000002c7   Thumb Code     2  keiluvisoin_startup.o(.text)
    TIMER2A_Handler                          0x000002c9   Thumb Code     2  keiluvisoin_startup.o(.text)
    TIMER2B_Handler                          0x000002cb   Thumb Code     2  keiluvisoin_startup.o(.text)
    COMP0_Handler                            0x000002cd   Thumb Code     2  keiluvisoin_startup.o(.text)
    COMP1_Handler                            0x000002cf   Thumb Code     2  keiluvisoin_startup.o(.text)
    COMP2_Handler                            0x000002d1   Thumb Code     2  keiluvisoin_startup.o(.text)
    SYSCTL_Handler                           0x000002d3   Thumb Code     2  keiluvisoin_startup.o(.text)
    FLASH_Handler                            0x000002d5   Thumb Code     2  keiluvisoin_startup.o(.text)
    GPIOF_Handler                            0x000002d7   Thumb Code     2  keiluvisoin_startup.o(.text)
    GPIOG_Handler                            0x000002d9   Thumb Code     2  keiluvisoin_startup.o(.text)
    GPIOH_Handler                            0x000002db   Thumb Code     2  keiluvisoin_startup.o(.text)
    UART2_Handler                            0x000002dd   Thumb Code     2  keiluvisoin_startup.o(.text)
    SSI1_Handler                             0x000002df   Thumb Code     2  keiluvisoin_startup.o(.text)
    TIMER3A_Handler                          0x000002e1   Thumb Code     2  keiluvisoin_startup.o(.text)
    TIMER3B_Handler                          0x000002e3   Thumb Code     2  keiluvisoin_startup.o(.text)
    I2C1_Handler                             0x000002e5   Thumb Code     2  keiluvisoin_startup.o(.text)
    QEI1_Handler                             0x000002e7   Thumb Code     2  keiluvisoin_startup.o(.text)
    CAN0_Handler                             0x000002e9   Thumb Code     2  keiluvisoin_startup.o(.text)
    CAN1_Handler                             0x000002eb   Thumb Code     2  keiluvisoin_startup.o(.text)
    CAN2_Handler                             0x000002ed   Thumb Code     2  keiluvisoin_startup.o(.text)
    HIB_Handler                              0x000002ef   Thumb Code     2  keiluvisoin_startup.o(.text)
    USB0_Handler                             0x000002f1   Thumb Code     2  keiluvisoin_startup.o(.text)
    PWM0_3_Handler                           0x000002f3   Thumb Code     2  keiluvisoin_startup.o(.text)
    UDMA_Handler                             0x000002f5   Thumb Code     2  keiluvisoin_startup.o(.text)
    UDMAERR_Handler                          0x000002f7   Thumb Code     2  keiluvisoin_startup.o(.text)
    ADC1SS0_Handler                          0x000002f9   Thumb Code     2  keiluvisoin_startup.o(.text)
    ADC1SS1_Handler                          0x000002fb   Thumb Code     2  keiluvisoin_startup.o(.text)
    ADC1SS2_Handler                          0x000002fd   Thumb Code     2  keiluvisoin_startup.o(.text)
    ADC1SS3_Handler                          0x000002ff   Thumb Code     2  keiluvisoin_startup.o(.text)
    GPIOJ_Handler                            0x00000301   Thumb Code     2  keiluvisoin_startup.o(.text)
    GPIOK_Handler                            0x00000303   Thumb Code     2  keiluvisoin_startup.o(.text)
    GPIOL_Handler                            0x00000305   Thumb Code     2  keiluvisoin_startup.o(.text)
    SSI2_Handler                             0x00000307   Thumb Code     2  keiluvisoin_startup.o(.text)
    SSI3_Handler                             0x00000309   Thumb Code     2  keiluvisoin_startup.o(.text)
    UART3_Handler                            0x0000030b   Thumb Code     2  keiluvisoin_startup.o(.text)
    UART4_Handler                            0x0000030d   Thumb Code     2  keiluvisoin_startup.o(.text)
    UART5_Handler                            0x0000030f   Thumb Code     2  keiluvisoin_startup.o(.text)
    UART6_Handler                            0x00000311   Thumb Code     2  keiluvisoin_startup.o(.text)
    UART7_Handler                            0x00000313   Thumb Code     2  keiluvisoin_startup.o(.text)
    I2C2_Handler                             0x00000315   Thumb Code     2  keiluvisoin_startup.o(.text)
    I2C3_Handler                             0x00000317   Thumb Code     2  keiluvisoin_startup.o(.text)
    TIMER4A_Handler                          0x00000319   Thumb Code     2  keiluvisoin_startup.o(.text)
    TIMER4B_Handler                          0x0000031b   Thumb Code     2  keiluvisoin_startup.o(.text)
    TIMER5A_Handler                          0x0000031d   Thumb Code     2  keiluvisoin_startup.o(.text)
    TIMER5B_Handler                          0x0000031f   Thumb Code     2  keiluvisoin_startup.o(.text)
    WTIMER0A_Handler                         0x00000321   Thumb Code     2  keiluvisoin_startup.o(.text)
    WTIMER0B_Handler                         0x00000323   Thumb Code     2  keiluvisoin_startup.o(.text)
    WTIMER1A_Handler                         0x00000325   Thumb Code     2  keiluvisoin_startup.o(.text)
    WTIMER1B_Handler                         0x00000327   Thumb Code     2  keiluvisoin_startup.o(.text)
    WTIMER2A_Handler                         0x00000329   Thumb Code     2  keiluvisoin_startup.o(.text)
    WTIMER2B_Handler                         0x0000032b   Thumb Code     2  keiluvisoin_startup.o(.text)
    WTIMER3A_Handler                         0x0000032d   Thumb Code     2  keiluvisoin_startup.o(.text)
    WTIMER3B_Handler                         0x0000032f   Thumb Code     2  keiluvisoin_startup.o(.text)
    WTIMER4A_Handler                         0x00000331   Thumb Code     2  keiluvisoin_startup.o(.text)
    WTIMER4B_Handler                         0x00000333   Thumb Code     2  keiluvisoin_startup.o(.text)
    WTIMER5A_Handler                         0x00000335   Thumb Code     2  keiluvisoin_startup.o(.text)
    WTIMER5B_Handler                         0x00000337   Thumb Code     2  keiluvisoin_startup.o(.text)
    FPU_Handler                              0x00000339   Thumb Code     2  keiluvisoin_startup.o(.text)
    I2C4_Handler                             0x0000033b   Thumb Code     2  keiluvisoin_startup.o(.text)
    I2C5_Handler                             0x0000033d   Thumb Code     2  keiluvisoin_startup.o(.text)
    GPIOM_Handler                            0x0000033f   Thumb Code     2  keiluvisoin_startup.o(.text)
    GPION_Handler                            0x00000341   Thumb Code     2  keiluvisoin_startup.o(.text)
    QEI2_Handler                             0x00000343   Thumb Code     2  keiluvisoin_startup.o(.text)
    GPIOP0_Handler                           0x00000345   Thumb Code     2  keiluvisoin_startup.o(.text)
    GPIOP1_Handler                           0x00000347   Thumb Code     2  keiluvisoin_startup.o(.text)
    GPIOP2_Handler                           0x00000349   Thumb Code     2  keiluvisoin_startup.o(.text)
    GPIOP3_Handler                           0x0000034b   Thumb Code     2  keiluvisoin_startup.o(.text)
    GPIOP4_Handler                           0x0000034d   Thumb Code     2  keiluvisoin_startup.o(.text)
    GPIOP5_Handler                           0x0000034f   Thumb Code     2  keiluvisoin_startup.o(.text)
    GPIOP6_Handler                           0x00000351   Thumb Code     2  keiluvisoin_startup.o(.text)
    GPIOP7_Handler                           0x00000353   Thumb Code     2  keiluvisoin_startup.o(.text)
    GPIOQ0_Handler                           0x00000355   Thumb Code     2  keiluvisoin_startup.o(.text)
    GPIOQ1_Handler                           0x00000357   Thumb Code     2  keiluvisoin_startup.o(.text)
    GPIOQ2_Handler                           0x00000359   Thumb Code     2  keiluvisoin_startup.o(.text)
    GPIOQ3_Handler                           0x0000035b   Thumb Code     2  keiluvisoin_startup.o(.text)
    GPIOQ4_Handler                           0x0000035d   Thumb Code     2  keiluvisoin_startup.o(.text)
    GPIOQ5_Handler                           0x0000035f   Thumb Code     2  keiluvisoin_startup.o(.text)
    GPIOQ6_Handler                           0x00000361   Thumb Code     2  keiluvisoin_startup.o(.text)
    GPIOQ7_Handler                           0x00000363   Thumb Code     2  keiluvisoin_startup.o(.text)
    GPIOR_Handler                            0x00000365   Thumb Code     2  keiluvisoin_startup.o(.text)
    GPIOS_Handler                            0x00000367   Thumb Code     2  keiluvisoin_startup.o(.text)
    PMW1_0_Handler                           0x00000369   Thumb Code     2  keiluvisoin_startup.o(.text)
    PWM1_1_Handler                           0x0000036b   Thumb Code     2  keiluvisoin_startup.o(.text)
    PWM1_2_Handler                           0x0000036d   Thumb Code     2  keiluvisoin_startup.o(.text)
    PWM1_3_Handler                           0x0000036f   Thumb Code     2  keiluvisoin_startup.o(.text)
    PWM1_FAULT_Handler                       0x00000371   Thumb Code     2  keiluvisoin_startup.o(.text)
    DeclareAlarm                             0x0000037d   Thumb Code     2  alarm.o(.text)
    GetAlarmBase                             0x0000037f   Thumb Code    74  alarm.o(.text)
    GetAlarm                                 0x000003c9   Thumb Code    80  alarm.o(.text)
    SetAbsAlarm                              0x00000499   Thumb Code    76  alarm.o(.text)
    SetRelAlarm                              0x000004e5   Thumb Code    94  alarm.o(.text)
    CancelAlarm                              0x00000543   Thumb Code    40  alarm.o(.text)
    SystemTimerHandler                       0x000006cf   Thumb Code    44  alarm.o(.text)
    SetEvent                                 0x0000075d   Thumb Code    34  event.o(.text)
    ClearEvent                               0x0000077f   Thumb Code    26  event.o(.text)
    GetEvent                                 0x00000799   Thumb Code    16  event.o(.text)
    WaitEvent                                0x000007a9   Thumb Code    26  event.o(.text)
    StartOS                                  0x000007c5   Thumb Code    48  task.o(.text)
    ActivateTask                             0x000007f5   Thumb Code    30  task.o(.text)
    TerminateTask                            0x00000813   Thumb Code    22  task.o(.text)
    ChainTask                                0x00000829   Thumb Code    30  task.o(.text)
    Schedule                                 0x00000847   Thumb Code    22  task.o(.text)
    GetTaskID                                0x0000085d   Thumb Code    16  task.o(.text)
    GetTaskState                             0x0000086d   Thumb Code    16  task.o(.text)
    SVC_Dispatcher                           0x0000087d   Thumb Code   160  task.o(.text)
    OsTask_IdleMechanism                     0x0000091d   Thumb Code     4  task.o(.text)
    OsPort_JumpToApp                         0x00000931   Thumb Code     0  port.o(.text)
    OsPort_PendSVHandler                     0x00000953   Thumb Code     0  port.o(.text)
    OsPort_PushUpperContext                  0x00000965   Thumb Code     0  port.o(.text)
    OsPort_PopUpperContext                   0x00000973   Thumb Code     0  port.o(.text)
    OsPort_ReturnWithAutopop                 0x00000981   Thumb Code     0  port.o(.text)
    OsErrMgr_SetServiceID                    0x0000098d   Thumb Code     6  errmgr.o(.text)
    OsErrMgr_GetServiceID                    0x00000993   Thumb Code     6  errmgr.o(.text)
    OsErrMgr_StoreTaskID                     0x00000999   Thumb Code     6  errmgr.o(.text)
    OsErrMgr_GetTaskID                       0x0000099f   Thumb Code     6  errmgr.o(.text)
    OsErrMgr_StoreEventID                    0x000009a5   Thumb Code     6  errmgr.o(.text)
    OsErrMgr_GetEventID                      0x000009ab   Thumb Code     6  errmgr.o(.text)
    OsErrMgr_StoreResID                      0x000009b1   Thumb Code     6  errmgr.o(.text)
    OsErrMgr_GetResID                        0x000009b7   Thumb Code     6  errmgr.o(.text)
    OsErrMgr_SetOverFlowContext              0x000009bd   Thumb Code     8  errmgr.o(.text)
    OsErrMgr_GetOverFlowContext              0x000009c5   Thumb Code    14  errmgr.o(.text)
    OsRes_GetResourceProcessor               0x000009e9   Thumb Code   136  rcbprocessor.o(.text)
    OsRcb_ReleaseResourceProcessor           0x00000a71   Thumb Code   128  rcbprocessor.o(.text)
    SVCCnxt_SetErrCode                       0x00000b05   Thumb Code     6  svccontext.o(.text)
    SVCCnxt_GetErrCode                       0x00000b0b   Thumb Code     8  svccontext.o(.text)
    SVCCnxt_TskMgrSetTskID                   0x00000b13   Thumb Code     6  svccontext.o(.text)
    SVCCnxt_TskMgrGetTskID                   0x00000b19   Thumb Code     8  svccontext.o(.text)
    SVCCnxt_EventMgrSetTskID                 0x00000b21   Thumb Code     6  svccontext.o(.text)
    SVCCnxt_EventMgrGetTskID                 0x00000b27   Thumb Code     8  svccontext.o(.text)
    SVCCnxt_EventMgrSetEventMsk              0x00000b2f   Thumb Code     6  svccontext.o(.text)
    SVCCnxt_EventMgrGetEventMsk              0x00000b35   Thumb Code     8  svccontext.o(.text)
    SVCCnxt_ResMgrSetResID                   0x00000b3d   Thumb Code     6  svccontext.o(.text)
    SVCCnxt_ResMgrGetResID                   0x00000b43   Thumb Code     8  svccontext.o(.text)
    OsTcb_TasksInit                          0x00000cc7   Thumb Code    48  tcbprocessor.o(.text)
    OsTcb_GetTaskState                       0x00000d0b   Thumb Code    16  tcbprocessor.o(.text)
    OsTcb_GetTaskIDProcessor                 0x00000d1b   Thumb Code     6  tcbprocessor.o(.text)
    OsTcb_ActivateTaskTCBProcesor            0x00000d3b   Thumb Code   124  tcbprocessor.o(.text)
    OsTcb_GetResOccupied                     0x00000df9   Thumb Code    16  tcbprocessor.o(.text)
    OsTcb_ChainTaskTCBProcessor              0x00000e09   Thumb Code   178  tcbprocessor.o(.text)
    OsTcb_SetScheduleReq                     0x00000ebb   Thumb Code    18  tcbprocessor.o(.text)
    OsTcb_TerminateTaskTCBProcessor          0x00000ecd   Thumb Code    82  tcbprocessor.o(.text)
    OsTcb_JumpToNextTCB                      0x00000f1f   Thumb Code   254  tcbprocessor.o(.text)
    OsTcb_SetEventProcessor                  0x00001065   Thumb Code   152  tcbprocessor.o(.text)
    OsTcb_ClearEventProcessor                0x000010fd   Thumb Code   128  tcbprocessor.o(.text)
    OsTcb_GetEventProcessor                  0x0000117d   Thumb Code    92  tcbprocessor.o(.text)
    OsTcb_WaitEventProcessor                 0x000011d9   Thumb Code   154  tcbprocessor.o(.text)
    OsTcb_GetTaskStateProcessor              0x00001273   Thumb Code    60  tcbprocessor.o(.text)
    OsTcb_TaskAlrmExpiredProcessor           0x000012af   Thumb Code    32  tcbprocessor.o(.text)
    OsTcb_EventAlrmExpiredProcessor          0x000012cf   Thumb Code    32  tcbprocessor.o(.text)
    OsTcb_SetTaskPri                         0x000012ef   Thumb Code    18  tcbprocessor.o(.text)
    OsTcb_GetTaskPriorityEx                  0x00001301   Thumb Code    12  tcbprocessor.o(.text)
    OsTcb_SetResOccupied                     0x0000130d   Thumb Code    14  tcbprocessor.o(.text)
    OsTcb_GetCurrentTCBRef                   0x0000131b   Thumb Code     8  tcbprocessor.o(.text)
    OsTcb_GetTcbSP                           0x00001323   Thumb Code    14  tcbprocessor.o(.text)
    OsTcb_UpdateTCBSP                        0x00001331   Thumb Code    36  tcbprocessor.o(.text)
    OsTcb_UpdatePSP                          0x00001355   Thumb Code    56  tcbprocessor.o(.text)
    OsTcb_SilenceHook                        0x0000138d   Thumb Code     8  tcbprocessor.o(.text)
    OsTcb_ScheduleProcessor                  0x00001395   Thumb Code    92  tcbprocessor.o(.text)
    OsTcb_ThreadStackOverFlow                0x000013f1   Thumb Code    44  tcbprocessor.o(.text)
    OsPort_SetInitialStack                   0x00001599   Thumb Code    90  portable.o(.text)
    OsPort_GetSVCNumber                      0x000015f3   Thumb Code    14  portable.o(.text)
    OsPort_GetPSP                            0x00001601   Thumb Code     8  portable.o(.text)
    OsPort_SetPSP                            0x00001609   Thumb Code     6  portable.o(.text)
    OsPort_SetThreadMode                     0x0000160f   Thumb Code    14  portable.o(.text)
    OsPort_CoreInit                          0x0000161d   Thumb Code    14  portable.o(.text)
    rand                                     0x00001631   Thumb Code    20  rand.o(.text)
    srand                                    0x00001645   Thumb Code     6  rand.o(.text)
    __scatterload                            0x00001655   Thumb Code    38  init.o(.text)
    __scatterload_rt2                        0x00001655   Thumb Code     0  init.o(.text)
    CalibParaSWC_GetSpeedThreshold           0x00001685   Thumb Code    24  calibparaswc.o(.text.CalibParaSWC_GetSpeedThreshold)
    CalibParaSWC_Init                        0x0000169d   Thumb Code    16  calibparaswc.o(.text.CalibParaSWC_Init)
    CanDrv_Receive                           0x000016ad   Thumb Code   138  can.o(.text.CanDrv_Receive)
    CanIf_ReceiveSpeed                       0x00001739   Thumb Code    16  canif.o(.text.CanIf_ReceiveSpeed)
    Com_HAL_ReceiveSpeed                     0x00001749   Thumb Code   138  comhwabstraction.o(.text.Com_HAL_ReceiveSpeed)
    ErrorHook                                0x000017d5   Thumb Code    10  hook.o(.text.ErrorHook)
    FIControlSWC_CompareSpeedAndThreshold    0x000017e1   Thumb Code    52  ficontrolswc.o(.text.FIControlSWC_CompareSpeedAndThreshold)
    FIControlSWC_ControlFIValve              0x00001815   Thumb Code   108  ficontrolswc.o(.text.FIControlSWC_ControlFIValve)
    FIControlSWC_ReadCANData                 0x00001881   Thumb Code    68  ficontrolswc.o(.text.FIControlSWC_ReadCANData)
    FIControlSWC_ReadCalibData               0x000018c5   Thumb Code    68  ficontrolswc.o(.text.FIControlSWC_ReadCalibData)
    FI_ValveCDD_GetState                     0x00001909   Thumb Code    24  fi_valvecdd.o(.text.FI_ValveCDD_GetState)
    FI_ValveCDD_SetState                     0x00001921   Thumb Code    62  fi_valvecdd.o(.text.FI_ValveCDD_SetState)
    OsCnt_GetSystemCounter                   0x00001961   Thumb Code    12  counter.o(.text.OsCnt_GetSystemCounter)
    OsCnt_IncrSystemCounter                  0x0000196d   Thumb Code    16  counter.o(.text.OsCnt_IncrSystemCounter)
    OsTask_CalibPara_Task                    0x0000197d   Thumb Code    88  osekosecu2.o(.text.OsTask_CalibPara_Task)
    OsTask_FIControl_Task                    0x000019d5   Thumb Code   134  osekosecu2.o(.text.OsTask_FIControl_Task)
    OsTask_Injector_Control_Task             0x00001a5d   Thumb Code   174  osekosecu2.o(.text.OsTask_Injector_Control_Task)
    OsTask_NVM_Logging_Task                  0x00001b0d   Thumb Code    42  osekosecu2.o(.text.OsTask_NVM_Logging_Task)
    PostTaskHook                             0x00001b39   Thumb Code     2  hook.o(.text.PostTaskHook)
    PreTaskHook                              0x00001b3d   Thumb Code     2  hook.o(.text.PreTaskHook)
    Rte_Call_CalibPara_InitThreshold         0x00001b41   Thumb Code     8  rte_calibpara.o(.text.Rte_Call_CalibPara_InitThreshold)
    Rte_Call_FIControlSWC_CompareSpeedAndThreshold 0x00001b49   Thumb Code     8  rte_ficontrol.o(.text.Rte_Call_FIControlSWC_CompareSpeedAndThreshold)
    Rte_Call_FIControlSWC_ControlFIValve     0x00001b51   Thumb Code    20  rte_ficontrol.o(.text.Rte_Call_FIControlSWC_ControlFIValve)
    Rte_Call_FIControlSWC_ReadCANData        0x00001b65   Thumb Code     8  rte_ficontrol.o(.text.Rte_Call_FIControlSWC_ReadCANData)
    Rte_Call_FIControlSWC_ReadCalibData      0x00001b6d   Thumb Code     8  rte_ficontrol.o(.text.Rte_Call_FIControlSWC_ReadCalibData)
    Rte_Read_CANMessage                      0x00001b75   Thumb Code    16  rte_can.o(.text.Rte_Read_CANMessage)
    Rte_Read_CalibPara_SpeedThreshold        0x00001b85   Thumb Code    16  rte_calibpara.o(.text.Rte_Read_CalibPara_SpeedThreshold)
    Rte_Read_FIValve_State                   0x00001b95   Thumb Code    16  rte_ficontrol.o(.text.Rte_Read_FIValve_State)
    Rte_Write_FIValve_State                  0x00001ba5   Thumb Code    20  rte_ficontrol.o(.text.Rte_Write_FIValve_State)
    StackOverFlowHook                        0x00001bb9   Thumb Code     2  hook.o(.text.StackOverFlowHook)
    StartupHook                              0x00001bbd   Thumb Code     2  hook.o(.text.StartupHook)
    SysTick_Init                             0x00001bc1   Thumb Code    78  counter.o(.text.SysTick_Init)
    SystemInit                               0x00001c11   Thumb Code     2  osekosecu2.o(.text.SystemInit)
    main                                     0x00001c15   Thumb Code    16  osekosecu2.o(.text.main)
    __scatterload_copy                       0x00001c25   Thumb Code    14  handlers.o(i.__scatterload_copy)
    __scatterload_null                       0x00001c33   Thumb Code     2  handlers.o(i.__scatterload_null)
    __scatterload_zeroinit                   0x00001c35   Thumb Code    14  handlers.o(i.__scatterload_zeroinit)
    OsCfg_ALL_STACK_SIZE                     0x00001c42   Data           2  oscfg.o(.rodata.OsCfg_ALL_STACK_SIZE)
    OsCfg_MAX_NUM_OF_ALARMS                  0x00001c44   Data           1  oscfg.o(.rodata.OsCfg_MAX_NUM_OF_ALARMS)
    OsCfg_MAX_NUM_OF_RESOURCES               0x00001c45   Data           1  oscfg.o(.rodata.OsCfg_MAX_NUM_OF_RESOURCES)
    OsCfg_MAX_NUM_OF_TASKS                   0x00001c46   Data           1  oscfg.o(.rodata.OsCfg_MAX_NUM_OF_TASKS)
    OsCfg_ResourceCeilPri                    0x00001c47   Data           1  oscfg.o(.rodata.OsCfg_ResourceCeilPri)
    OsCfg_ResourceTaskAuthorized             0x00001c48   Data           1  oscfg.o(.rodata.OsCfg_ResourceTaskAuthorized)
    OsCfg_SYSTEM_TICK_IN_MS                  0x00001c4c   Data           4  oscfg.o(.rodata.OsCfg_SYSTEM_TICK_IN_MS)
    OsCfg_StackSize                          0x00001c50   Data          16  oscfg.o(.rodata.OsCfg_StackSize)
    OsCfg_USE_ERROR_HOOK                     0x00001c60   Data           1  oscfg.o(.rodata.OsCfg_USE_ERROR_HOOK)
    OsCfg_USE_POSTTASK_HOOK                  0x00001c61   Data           1  oscfg.o(.rodata.OsCfg_USE_POSTTASK_HOOK)
    OsCfg_USE_PRETASK_HOOK                   0x00001c62   Data           1  oscfg.o(.rodata.OsCfg_USE_PRETASK_HOOK)
    OsCfg_USE_STACK_OVER_FLOW_HOOK           0x00001c63   Data           1  oscfg.o(.rodata.OsCfg_USE_STACK_OVER_FLOW_HOOK)
    OsCfg_USE_STARTUP_HOOK                   0x00001c64   Data           1  oscfg.o(.rodata.OsCfg_USE_STARTUP_HOOK)
    Region$$Table$$Base                      0x00001c68   Number         0  anon$$obj.o(Region$$Table)
    Region$$Table$$Limit                     0x00001c88   Number         0  anon$$obj.o(Region$$Table)
    Current_TCB_Ref                          0x20000010   Data           4  tcbprocessor.o(.data)
    MainCounter                              0x2000001c   Data          12  oscfg.o(.data.MainCounter)
    OsCfg_Alarms                             0x20000028   Data          24  oscfg.o(.data.OsCfg_Alarms)
    OsCfg_TCBs                               0x20000040   Data         140  oscfg.o(.data.OsCfg_TCBs)
    Check_Control_Injector                   0x200000d1   Data           1  osekosecu2.o(.bss.Check_Control_Injector)
    Check_Param_Init                         0x200000d2   Data           1  osekosecu2.o(.bss.Check_Param_Init)
    Check_Param_Read                         0x200000d3   Data           1  osekosecu2.o(.bss.Check_Param_Read)
    Check_Read_Speed                         0x200000d4   Data           1  osekosecu2.o(.bss.Check_Read_Speed)
    Check_Speed_Over                         0x200000d5   Data           1  osekosecu2.o(.bss.Check_Speed_Over)
    OsCfg_Stack                              0x200000dc   Data        8256  oscfg.o(.bss.OsCfg_Stack)
    RCB                                      0x20002120   Data           2  oscfg.o(.bss.RCB)
    SVCCnxt_ErrCodes                         0x20002122   Data           4  oscfg.o(.bss.SVCCnxt_ErrCodes)
    SVCCnxt_ResMgrCnxt                       0x20002126   Data           1  oscfg.o(.bss.SVCCnxt_ResMgrCnxt)
    SpeedThreshold                           0x2000212a   Data           2  ficontrolswc.o(.bss.SpeedThreshold)
    VehicleSpeed                             0x2000212e   Data           2  ficontrolswc.o(.bss.VehicleSpeed)
    read_speed_simulation                    0x20002130   Data           2  ficontrolswc.o(.bss.read_speed_simulation)
    read_threshold_simulation                0x20002132   Data           2  ficontrolswc.o(.bss.read_threshold_simulation)
    __initial_sp                             0x20002338   Data           0  keiluvisoin_startup.o(STACK)



==============================================================================

Memory Map of the image

  Image Entry point : 0x00000281

  Load Region LR_1 (Base: 0x00000000, Size: 0x00001d54, Max: 0xffffffff, ABSOLUTE)

    Execution Region ER_RO (Exec base: 0x00000000, Load base: 0x00000000, Size: 0x00001c88, Max: 0xffffffff, ABSOLUTE)

    Exec Addr    Load Addr    Size         Type   Attr      Idx    E Section Name        Object

    0x00000000   0x00000000   0x0000026c   Data   RO           93    RESET               keiluvisoin_startup.o
    0x0000026c   0x0000026c   0x00000000   Code   RO          382  * .ARM.Collect$$$$00000000  mc_w.l(entry.o)
    0x0000026c   0x0000026c   0x00000004   Code   RO          388    .ARM.Collect$$$$00000001  mc_w.l(entry2.o)
    0x00000270   0x00000270   0x00000004   Code   RO          391    .ARM.Collect$$$$00000004  mc_w.l(entry5.o)
    0x00000274   0x00000274   0x00000000   Code   RO          393    .ARM.Collect$$$$00000008  mc_w.l(entry7b.o)
    0x00000274   0x00000274   0x00000000   Code   RO          395    .ARM.Collect$$$$0000000A  mc_w.l(entry8b.o)
    0x00000274   0x00000274   0x00000008   Code   RO          396    .ARM.Collect$$$$0000000B  mc_w.l(entry9a.o)
    0x0000027c   0x0000027c   0x00000000   Code   RO          398    .ARM.Collect$$$$0000000D  mc_w.l(entry10a.o)
    0x0000027c   0x0000027c   0x00000000   Code   RO          400    .ARM.Collect$$$$0000000F  mc_w.l(entry11a.o)
    0x0000027c   0x0000027c   0x00000004   Code   RO          389    .ARM.Collect$$$$00002712  mc_w.l(entry2.o)
    0x00000280   0x00000280   0x000000fc   Code   RO           94  * .text               keiluvisoin_startup.o
    0x0000037c   0x0000037c   0x000003e0   Code   RO          219    .text               OsekLib.lib(alarm.o)
    0x0000075c   0x0000075c   0x00000066   Code   RO          264    .text               OsekLib.lib(event.o)
    0x000007c2   0x000007c2   0x00000002   PAD
    0x000007c4   0x000007c4   0x0000016c   Code   RO          282    .text               OsekLib.lib(task.o)
    0x00000930   0x00000930   0x0000005a   Code   RO          309    .text               OsekLib.lib(port.o)
    0x0000098a   0x0000098a   0x00000002   PAD
    0x0000098c   0x0000098c   0x0000005c   Code   RO          312    .text               OsekLib.lib(errmgr.o)
    0x000009e8   0x000009e8   0x0000011c   Code   RO          326    .text               OsekLib.lib(rcbprocessor.o)
    0x00000b04   0x00000b04   0x00000058   Code   RO          338    .text               OsekLib.lib(svccontext.o)
    0x00000b5c   0x00000b5c   0x00000a3c   Code   RO          352    .text               OsekLib.lib(tcbprocessor.o)
    0x00001598   0x00001598   0x00000098   Code   RO          367    .text               OsekLib.lib(portable.o)
    0x00001630   0x00001630   0x00000024   Code   RO          385    .text               mc_w.l(rand.o)
    0x00001654   0x00001654   0x00000030   Code   RO          402    .text               mc_w.l(init.o)
    0x00001684   0x00001684   0x00000018   Code   RO            4    .text.CalibParaSWC_GetSpeedThreshold  calibparaswc.o
    0x0000169c   0x0000169c   0x00000010   Code   RO            2    .text.CalibParaSWC_Init  calibparaswc.o
    0x000016ac   0x000016ac   0x0000008a   Code   RO          197    .text.CanDrv_Receive  can.o
    0x00001736   0x00001736   0x00000002   PAD
    0x00001738   0x00001738   0x00000010   Code   RO           71    .text.CanIf_ReceiveSpeed  canif.o
    0x00001748   0x00001748   0x0000008a   Code   RO           83    .text.Com_HAL_ReceiveSpeed  comhwabstraction.o
    0x000017d2   0x000017d2   0x00000002   PAD
    0x000017d4   0x000017d4   0x0000000a   Code   RO          115    .text.ErrorHook     hook.o
    0x000017de   0x000017de   0x00000002   PAD
    0x000017e0   0x000017e0   0x00000034   Code   RO           18    .text.FIControlSWC_CompareSpeedAndThreshold  ficontrolswc.o
    0x00001814   0x00001814   0x0000006c   Code   RO           20    .text.FIControlSWC_ControlFIValve  ficontrolswc.o
    0x00001880   0x00001880   0x00000044   Code   RO           16    .text.FIControlSWC_ReadCANData  ficontrolswc.o
    0x000018c4   0x000018c4   0x00000044   Code   RO           14    .text.FIControlSWC_ReadCalibData  ficontrolswc.o
    0x00001908   0x00001908   0x00000018   Code   RO          210    .text.FI_ValveCDD_GetState  fi_valvecdd.o
    0x00001920   0x00001920   0x0000003e   Code   RO          208    .text.FI_ValveCDD_SetState  fi_valvecdd.o
    0x0000195e   0x0000195e   0x00000002   PAD
    0x00001960   0x00001960   0x0000000c   Code   RO          105    .text.OsCnt_GetSystemCounter  counter.o
    0x0000196c   0x0000196c   0x00000010   Code   RO          103    .text.OsCnt_IncrSystemCounter  counter.o
    0x0000197c   0x0000197c   0x00000058   Code   RO          164    .text.OsTask_CalibPara_Task  osekosecu2.o
    0x000019d4   0x000019d4   0x00000086   Code   RO          166    .text.OsTask_FIControl_Task  osekosecu2.o
    0x00001a5a   0x00001a5a   0x00000002   PAD
    0x00001a5c   0x00001a5c   0x000000ae   Code   RO          168    .text.OsTask_Injector_Control_Task  osekosecu2.o
    0x00001b0a   0x00001b0a   0x00000002   PAD
    0x00001b0c   0x00001b0c   0x0000002a   Code   RO          170    .text.OsTask_NVM_Logging_Task  osekosecu2.o
    0x00001b36   0x00001b36   0x00000002   PAD
    0x00001b38   0x00001b38   0x00000002   Code   RO          121    .text.PostTaskHook  hook.o
    0x00001b3a   0x00001b3a   0x00000002   PAD
    0x00001b3c   0x00001b3c   0x00000002   Code   RO          119    .text.PreTaskHook   hook.o
    0x00001b3e   0x00001b3e   0x00000002   PAD
    0x00001b40   0x00001b40   0x00000008   Code   RO           33    .text.Rte_Call_CalibPara_InitThreshold  rte_calibpara.o
    0x00001b48   0x00001b48   0x00000008   Code   RO           52    .text.Rte_Call_FIControlSWC_CompareSpeedAndThreshold  rte_ficontrol.o
    0x00001b50   0x00001b50   0x00000014   Code   RO           54    .text.Rte_Call_FIControlSWC_ControlFIValve  rte_ficontrol.o
    0x00001b64   0x00001b64   0x00000008   Code   RO           50    .text.Rte_Call_FIControlSWC_ReadCANData  rte_ficontrol.o
    0x00001b6c   0x00001b6c   0x00000008   Code   RO           48    .text.Rte_Call_FIControlSWC_ReadCalibData  rte_ficontrol.o
    0x00001b74   0x00001b74   0x00000010   Code   RO           63    .text.Rte_Read_CANMessage  rte_can.o
    0x00001b84   0x00001b84   0x00000010   Code   RO           35    .text.Rte_Read_CalibPara_SpeedThreshold  rte_calibpara.o
    0x00001b94   0x00001b94   0x00000010   Code   RO           46    .text.Rte_Read_FIValve_State  rte_ficontrol.o
    0x00001ba4   0x00001ba4   0x00000014   Code   RO           44    .text.Rte_Write_FIValve_State  rte_ficontrol.o
    0x00001bb8   0x00001bb8   0x00000002   Code   RO          123    .text.StackOverFlowHook  hook.o
    0x00001bba   0x00001bba   0x00000002   PAD
    0x00001bbc   0x00001bbc   0x00000002   Code   RO          117    .text.StartupHook   hook.o
    0x00001bbe   0x00001bbe   0x00000002   PAD
    0x00001bc0   0x00001bc0   0x0000004e   Code   RO          101    .text.SysTick_Init  counter.o
    0x00001c0e   0x00001c0e   0x00000002   PAD
    0x00001c10   0x00001c10   0x00000002   Code   RO          160    .text.SystemInit    osekosecu2.o
    0x00001c12   0x00001c12   0x00000002   PAD
    0x00001c14   0x00001c14   0x00000010   Code   RO          162    .text.main          osekosecu2.o
    0x00001c24   0x00001c24   0x0000000e   Code   RO          406    i.__scatterload_copy  mc_w.l(handlers.o)
    0x00001c32   0x00001c32   0x00000002   Code   RO          407    i.__scatterload_null  mc_w.l(handlers.o)
    0x00001c34   0x00001c34   0x0000000e   Code   RO          408    i.__scatterload_zeroinit  mc_w.l(handlers.o)
    0x00001c42   0x00001c42   0x00000002   Data   RO          135    .rodata.OsCfg_ALL_STACK_SIZE  oscfg.o
    0x00001c44   0x00001c44   0x00000001   Data   RO          133    .rodata.OsCfg_MAX_NUM_OF_ALARMS  oscfg.o
    0x00001c45   0x00001c45   0x00000001   Data   RO          134    .rodata.OsCfg_MAX_NUM_OF_RESOURCES  oscfg.o
    0x00001c46   0x00001c46   0x00000001   Data   RO          132    .rodata.OsCfg_MAX_NUM_OF_TASKS  oscfg.o
    0x00001c47   0x00001c47   0x00000001   Data   RO          152    .rodata.OsCfg_ResourceCeilPri  oscfg.o
    0x00001c48   0x00001c48   0x00000001   Data   RO          151    .rodata.OsCfg_ResourceTaskAuthorized  oscfg.o
    0x00001c49   0x00001c49   0x00000003   PAD
    0x00001c4c   0x00001c4c   0x00000004   Data   RO          143    .rodata.OsCfg_SYSTEM_TICK_IN_MS  oscfg.o
    0x00001c50   0x00001c50   0x00000010   Data   RO          146    .rodata.OsCfg_StackSize  oscfg.o
    0x00001c60   0x00001c60   0x00000001   Data   RO          136    .rodata.OsCfg_USE_ERROR_HOOK  oscfg.o
    0x00001c61   0x00001c61   0x00000001   Data   RO          138    .rodata.OsCfg_USE_POSTTASK_HOOK  oscfg.o
    0x00001c62   0x00001c62   0x00000001   Data   RO          137    .rodata.OsCfg_USE_PRETASK_HOOK  oscfg.o
    0x00001c63   0x00001c63   0x00000001   Data   RO          140    .rodata.OsCfg_USE_STACK_OVER_FLOW_HOOK  oscfg.o
    0x00001c64   0x00001c64   0x00000001   Data   RO          139    .rodata.OsCfg_USE_STARTUP_HOOK  oscfg.o
    0x00001c65   0x00001c65   0x00000003   PAD
    0x00001c68   0x00001c68   0x00000020   Data   RO          405    Region$$Table       anon$$obj.o


    Execution Region ER_RW (Exec base: 0x20000000, Load base: 0x00001c88, Size: 0x000000cc, Max: 0xffffffff, ABSOLUTE)

    Exec Addr    Load Addr    Size         Type   Attr      Idx    E Section Name        Object

    0x20000000   0x00001c88   0x0000000c   Data   RW          313    .data               OsekLib.lib(errmgr.o)
    0x2000000c   0x00001c94   0x00000003   Data   RW          339    .data               OsekLib.lib(svccontext.o)
    0x2000000f   0x00001c97   0x00000001   PAD
    0x20000010   0x00001c98   0x00000006   Data   RW          353    .data               OsekLib.lib(tcbprocessor.o)
    0x20000016   0x00001c9e   0x00000002   PAD
    0x20000018   0x00001ca0   0x00000004   Data   RW          386    .data               mc_w.l(rand.o)
    0x2000001c   0x00001ca4   0x0000000c   Data   RW          148    .data.MainCounter   oscfg.o
    0x20000028   0x00001cb0   0x00000018   Data   RW          149    .data.OsCfg_Alarms  oscfg.o
    0x20000040   0x00001cc8   0x0000008c   Data   RW          145    .data.OsCfg_TCBs    oscfg.o


    Execution Region ER_ZI (Exec base: 0x200000d0, Load base: 0x00001d54, Size: 0x00002268, Max: 0xffffffff, ABSOLUTE)

    Exec Addr    Load Addr    Size         Type   Attr      Idx    E Section Name        Object

    0x200000d0        -       0x00000001   Zero   RW          183    .bss.CalibPara_Toggle  osekosecu2.o
    0x200000d1        -       0x00000001   Zero   RW          179    .bss.Check_Control_Injector  osekosecu2.o
    0x200000d2        -       0x00000001   Zero   RW          175    .bss.Check_Param_Init  osekosecu2.o
    0x200000d3        -       0x00000001   Zero   RW          176    .bss.Check_Param_Read  osekosecu2.o
    0x200000d4        -       0x00000001   Zero   RW          177    .bss.Check_Read_Speed  osekosecu2.o
    0x200000d5        -       0x00000001   Zero   RW          178    .bss.Check_Speed_Over  osekosecu2.o
    0x200000d6        -       0x00000001   Zero   RW          184    .bss.FIControl_Toggle  osekosecu2.o
    0x200000d7        -       0x00000001   Zero   RW          185    .bss.InjectorControl_Toggle  osekosecu2.o
    0x200000d8        -       0x00000001   Zero   RW          186    .bss.NvmLogging_Toggle  osekosecu2.o
    0x200000d9   0x00001d54   0x00000003   PAD
    0x200000dc        -       0x00002040   Zero   RW          147    .bss.OsCfg_Stack    oscfg.o
    0x2000211c        -       0x00000004   Zero   RW          107    .bss.OsCnt_SystemCounter  counter.o
    0x20002120        -       0x00000002   Zero   RW          154    .bss.RCB            oscfg.o
    0x20002122        -       0x00000004   Zero   RW          150    .bss.SVCCnxt_ErrCodes  oscfg.o
    0x20002126        -       0x00000001   Zero   RW          153    .bss.SVCCnxt_ResMgrCnxt  oscfg.o
    0x20002127   0x00001d54   0x00000001   PAD
    0x20002128        -       0x00000002   Zero   RW            6    .bss.SpeedThreshold  calibparaswc.o
    0x2000212a        -       0x00000002   Zero   RW           22    .bss.SpeedThreshold  ficontrolswc.o
    0x2000212c        -       0x00000001   Zero   RW          212    .bss.ValveState     fi_valvecdd.o
    0x2000212d   0x00001d54   0x00000001   PAD
    0x2000212e        -       0x00000002   Zero   RW           23    .bss.VehicleSpeed   ficontrolswc.o
    0x20002130        -       0x00000002   Zero   RW           25    .bss.read_speed_simulation  ficontrolswc.o
    0x20002132        -       0x00000002   Zero   RW           24    .bss.read_threshold_simulation  ficontrolswc.o
    0x20002134   0x00001d54   0x00000004   PAD
    0x20002138        -       0x00000200   Zero   RW           91    STACK               keiluvisoin_startup.o


==============================================================================

Image component sizes


      Code (inc. data)   RO Data    RW Data    ZI Data      Debug   Object Name

        40          0          0          0          2        964   calibparaswc.o
       138          0          0          0          0       1114   can.o
        16          0          0          0          0        766   canif.o
       138          0          0          0          0       1274   comhwabstraction.o
       106          0          0          0          4        859   counter.o
        86          0          0          0          1       1017   fi_valvecdd.o
       296          0          0          0          8       1578   ficontrolswc.o
        18          0          0          0          0       1031   hook.o
       252         10        620          0        512       5492   keiluvisoin_startup.o
         0          0         32        176       8263       3071   oscfg.o
       456          0          0          0          9       2401   osekosecu2.o
        24          0          0          0          0        920   rte_calibpara.o
        16          0          0          0          0        741   rte_can.o
        80          0          0          0          0       1373   rte_ficontrol.o

    ----------------------------------------------------------------------
      1692         10        690        176       8808      22601   Object Totals
         0          0         32          0          0          0   (incl. Generated)
        26          0          6          0          9          0   (incl. Padding)

    ----------------------------------------------------------------------

      Code (inc. data)   RO Data    RW Data    ZI Data      Debug   Library Member Name

       992         20          0          0          0      14592   alarm.o
        92         22          0         12          0       2466   errmgr.o
       102          0          0          0          0       1477   event.o
        90          0          0          0          0        256   port.o
       152          6          0          0          0       1706   portable.o
       284         20          0          0          0        864   rcbprocessor.o
        88         18          0          3          0       2614   svccontext.o
       364         26          0          0          0       2647   task.o
      2620        112          0          6          0      10800   tcbprocessor.o
         0          0          0          0          0          0   entry.o
         0          0          0          0          0          0   entry10a.o
         0          0          0          0          0          0   entry11a.o
         8          4          0          0          0          0   entry2.o
         4          0          0          0          0          0   entry5.o
         0          0          0          0          0          0   entry7b.o
         0          0          0          0          0          0   entry8b.o
         8          4          0          0          0          0   entry9a.o
        30          0          0          0          0          0   handlers.o
        48         10          0          0          0         68   init.o
        36         10          0          4          0        136   rand.o

    ----------------------------------------------------------------------
      4922        252          0         28          0      37626   Library Totals
         4          0          0          3          0          0   (incl. Padding)

    ----------------------------------------------------------------------

      Code (inc. data)   RO Data    RW Data    ZI Data      Debug   Library Name

      4784        224          0         21          0      37422   OsekLib.lib
       134         28          0          4          0        204   mc_w.l

    ----------------------------------------------------------------------
      4922        252          0         28          0      37626   Library Totals

    ----------------------------------------------------------------------

==============================================================================


      Code (inc. data)   RO Data    RW Data    ZI Data      Debug   

      6614        262        690        204       8808      59535   Grand Totals
      6614        262        690        204       8808      59535   ELF Image Totals
      6614        262        690        204          0          0   ROM Totals

==============================================================================

    Total RO  Size (Code + RO Data)                 7304 (   7.13kB)
    Total RW  Size (RW Data + ZI Data)              9012 (   8.80kB)
    Total ROM Size (Code + RO Data + RW Data)       7508 (   7.33kB)

==============================================================================

