Component: Arm Compiler for Embedded 6.22 Tool: armlink [5ee90200]

==============================================================================

Section Cross References

    calibparaswc.o(.text.CalibParaSWC_Init) refers to calibparaswc.o(.bss.SpeedThreshold) for SpeedThreshold
    calibparaswc.o(.ARM.exidx.text.CalibParaSWC_Init) refers to calibparaswc.o(.text.CalibParaSWC_Init) for [Anonymous Symbol]
    calibparaswc.o(.text.CalibParaSWC_GetSpeedThreshold) refers to calibparaswc.o(.bss.SpeedThreshold) for SpeedThreshold
    calibparaswc.o(.ARM.exidx.text.CalibParaSWC_GetSpeedThreshold) refers to calibparaswc.o(.text.CalibParaSWC_GetSpeedThreshold) for [Anonymous Symbol]
    ficontrolswc.o(.text.R_FIControlSWC_ReadCalibData) refers to ficontrolswc.o(.bss.SpeedThreshold) for SpeedThreshold
    ficontrolswc.o(.text.R_FIControlSWC_ReadCalibData) refers to rte_calibpara.o(.text.Rte_Read_CalibPara_SpeedThreshold) for Rte_Read_CalibPara_SpeedThreshold
    ficontrolswc.o(.text.R_FIControlSWC_ReadCalibData) refers to ficontrolswc.o(.bss.read_threshold_simulation) for read_threshold_simulation
    ficontrolswc.o(.ARM.exidx.text.R_FIControlSWC_ReadCalibData) refers to ficontrolswc.o(.text.R_FIControlSWC_ReadCalibData) for [Anonymous Symbol]
    ficontrolswc.o(.text.R_FIControlSWC_ReadCANData) refers to ficontrolswc.o(.bss.VehicleSpeed) for VehicleSpeed
    ficontrolswc.o(.text.R_FIControlSWC_ReadCANData) refers to rte_can.o(.text.Rte_Read_CANMessage) for Rte_Read_CANMessage
    ficontrolswc.o(.text.R_FIControlSWC_ReadCANData) refers to ficontrolswc.o(.bss.read_speed_simulation) for read_speed_simulation
    ficontrolswc.o(.ARM.exidx.text.R_FIControlSWC_ReadCANData) refers to ficontrolswc.o(.text.R_FIControlSWC_ReadCANData) for [Anonymous Symbol]
    ficontrolswc.o(.text.R_FIControlSWC_CompareSpeedAndThreshold) refers to ficontrolswc.o(.bss.VehicleSpeed) for VehicleSpeed
    ficontrolswc.o(.text.R_FIControlSWC_CompareSpeedAndThreshold) refers to ficontrolswc.o(.bss.SpeedThreshold) for SpeedThreshold
    ficontrolswc.o(.ARM.exidx.text.R_FIControlSWC_CompareSpeedAndThreshold) refers to ficontrolswc.o(.text.R_FIControlSWC_CompareSpeedAndThreshold) for [Anonymous Symbol]
    ficontrolswc.o(.text.R_FIControlSWC_ControlFIValve) refers to rte_ficontrol.o(.text.Rte_Write_FIValve_State) for Rte_Write_FIValve_State
    ficontrolswc.o(.text.R_FIControlSWC_ControlFIValve) refers to rte_ficontrol.o(.text.Rte_Read_FIValve_State) for Rte_Read_FIValve_State
    ficontrolswc.o(.ARM.exidx.text.R_FIControlSWC_ControlFIValve) refers to ficontrolswc.o(.text.R_FIControlSWC_ControlFIValve) for [Anonymous Symbol]
    ficontrolswc.o(.text.R_FIControlSWC_CheckAndReportError) refers to ficontrolswc.o(.bss.detectedDTC) for detectedDTC
    ficontrolswc.o(.text.R_FIControlSWC_CheckAndReportError) refers to rte_dem.o(.text.Rte_Call_Dem_ReportErrorStatus) for Rte_Call_Dem_ReportErrorStatus
    ficontrolswc.o(.ARM.exidx.text.R_FIControlSWC_CheckAndReportError) refers to ficontrolswc.o(.text.R_FIControlSWC_CheckAndReportError) for [Anonymous Symbol]
    ficontrolswc.o(.text.R_FIControlSWC_SendErrorToNVBlockSWC) refers to ficontrolswc.o(.bss.detectedDTC) for detectedDTC
    ficontrolswc.o(.text.R_FIControlSWC_SendErrorToNVBlockSWC) refers to rte_nvm.o(.text.Rte_Write_NVDATA_DTC) for Rte_Write_NVDATA_DTC
    ficontrolswc.o(.ARM.exidx.text.R_FIControlSWC_SendErrorToNVBlockSWC) refers to ficontrolswc.o(.text.R_FIControlSWC_SendErrorToNVBlockSWC) for [Anonymous Symbol]
    nvblockswc.o(.text.R_NVBlockSWC_ReceiveDTC) refers to nvblockswc.o(.bss.storedDTC) for storedDTC
    nvblockswc.o(.ARM.exidx.text.R_NVBlockSWC_ReceiveDTC) refers to nvblockswc.o(.text.R_NVBlockSWC_ReceiveDTC) for [Anonymous Symbol]
    nvblockswc.o(.text.R_NVBlockSWC_StoreDTCToNVM) refers to nvblockswc.o(.bss.storedDTC) for storedDTC
    nvblockswc.o(.text.R_NVBlockSWC_StoreDTCToNVM) refers to rte_nvm.o(.text.Rte_Write_NvmInterface_WriteDTC) for Rte_Write_NvmInterface_WriteDTC
    nvblockswc.o(.ARM.exidx.text.R_NVBlockSWC_StoreDTCToNVM) refers to nvblockswc.o(.text.R_NVBlockSWC_StoreDTCToNVM) for [Anonymous Symbol]
    rte_calibpara.o(.text.Rte_Call_CalibPara_InitThreshold) refers to calibparaswc.o(.text.CalibParaSWC_Init) for CalibParaSWC_Init
    rte_calibpara.o(.ARM.exidx.text.Rte_Call_CalibPara_InitThreshold) refers to rte_calibpara.o(.text.Rte_Call_CalibPara_InitThreshold) for [Anonymous Symbol]
    rte_calibpara.o(.text.Rte_Read_CalibPara_SpeedThreshold) refers to calibparaswc.o(.text.CalibParaSWC_GetSpeedThreshold) for CalibParaSWC_GetSpeedThreshold
    rte_calibpara.o(.ARM.exidx.text.Rte_Read_CalibPara_SpeedThreshold) refers to rte_calibpara.o(.text.Rte_Read_CalibPara_SpeedThreshold) for [Anonymous Symbol]
    rte_ficontrol.o(.text.Rte_Write_FIValve_State) refers to fi_valvecdd.o(.text.FI_ValveCDD_SetState) for FI_ValveCDD_SetState
    rte_ficontrol.o(.ARM.exidx.text.Rte_Write_FIValve_State) refers to rte_ficontrol.o(.text.Rte_Write_FIValve_State) for [Anonymous Symbol]
[...]
    osekosecu2.o(.text.OsTask_Injector_Control_Task) refers to osekosecu2.o(.bss.FIControlTask_Running) for FIControlTask_Running
    osekosecu2.o(.text.OsTask_Injector_Control_Task) refers to osekosecu2.o(.bss.InjectorControlTask_Running) for InjectorControlTask_Running
    osekosecu2.o(.text.OsTask_Injector_Control_Task) refers to event.o(.text) for WaitEvent
    osekosecu2.o(.text.OsTask_Injector_Control_Task) refers to osekosecu2.o(.bss.InjectorControl_Toggle) for InjectorControl_Toggle
    osekosecu2.o(.text.OsTask_Injector_Control_Task) refers to rte_ficontrol.o(.text.Rte_Call_FIControlSWC_CompareSpeedAndThreshold) for Rte_Call_FIControlSWC_CompareSpeedAndThreshold
    osekosecu2.o(.text.OsTask_Injector_Control_Task) refers to osekosecu2.o(.bss.Check_Speed_Over) for Check_Speed_Over
    osekosecu2.o(.text.OsTask_Injector_Control_Task) refers to rte_ficontrol.o(.text.Rte_Call_FIControlSWC_ControlFIValve) for Rte_Call_FIControlSWC_ControlFIValve
    osekosecu2.o(.text.OsTask_Injector_Control_Task) refers to osekosecu2.o(.data.Check_Control_Injector) for Check_Control_Injector
    osekosecu2.o(.text.OsTask_Injector_Control_Task) refers to rte_ficontrol.o(.text.Rte_Call_FIControlSWC_CheckAndReportError) for Rte_Call_FIControlSWC_CheckAndReportError
    osekosecu2.o(.text.OsTask_Injector_Control_Task) refers to osekosecu2.o(.bss.Check_Dem_Send) for Check_Dem_Send
    osekosecu2.o(.text.OsTask_Injector_Control_Task) refers to rte_ficontrol.o(.text.Rte_Call_FIControlSWC_SendErrorToNVBlockSWC) for Rte_Call_FIControlSWC_SendErrorToNVBlockSWC
    osekosecu2.o(.text.OsTask_Injector_Control_Task) refers to osekosecu2.o(.bss.Check_Send_DTC) for Check_Send_DTC
    osekosecu2.o(.text.OsTask_Injector_Control_Task) refers to task.o(.text) for ActivateTask
    osekosecu2.o(.text.OsTask_Injector_Control_Task) refers to osekosecu2.o(.bss.Check_Nvm_Stored) for Check_Nvm_Stored
    osekosecu2.o(.ARM.exidx.text.OsTask_Injector_Control_Task) refers to osekosecu2.o(.text.OsTask_Injector_Control_Task) for [Anonymous Symbol]
    osekosecu2.o(.text.OsTask_NVM_Logging_Task) refers to osekosecu2.o(.bss.InjectorControlTask_Running) for InjectorControlTask_Running
    osekosecu2.o(.text.OsTask_NVM_Logging_Task) refers to osekosecu2.o(.bss.NVMLoggingTask_Running) for NVMLoggingTask_Running
    osekosecu2.o(.text.OsTask_NVM_Logging_Task) refers to event.o(.text) for WaitEvent
    osekosecu2.o(.text.OsTask_NVM_Logging_Task) refers to osekosecu2.o(.bss.NvmLogging_Toggle) for NvmLogging_Toggle
    osekosecu2.o(.text.OsTask_NVM_Logging_Task) refers to rte_nvm.o(.text.Rte_Call_NVBlockSWC_StoreDTCToNVM) for Rte_Call_NVBlockSWC_StoreDTCToNVM
    osekosecu2.o(.text.OsTask_NVM_Logging_Task) refers to osekosecu2.o(.bss.Check_Nvm_Stored) for Check_Nvm_Stored
    osekosecu2.o(.text.OsTask_NVM_Logging_Task) refers to task.o(.text) for TerminateTask
    osekosecu2.o(.ARM.exidx.text.OsTask_NVM_Logging_Task) refers to osekosecu2.o(.text.OsTask_NVM_Logging_Task) for [Anonymous Symbol]
    can.o(.ARM.exidx.text.CanDrv_Init) refers to can.o(.text.CanDrv_Init) for [Anonymous Symbol]
    can.o(.text.CanDrv_Receive) refers to rand.o(.text) for rand
    can.o(.text.CanDrv_Receive) refers to can.o(.bss.speedCan) for speedCan
    can.o(.ARM.exidx.text.CanDrv_Receive) refers to can.o(.text.CanDrv_Receive) for [Anonymous Symbol]
    flash_driver.o(.text.FlashDrv_Init) refers to flash_driver.o(.bss.FlashMemory) for FlashMemory
    flash_driver.o(.text.FlashDrv_Init) refers to memseta.o(.text) for __aeabi_memset
    flash_driver.o(.ARM.exidx.text.FlashDrv_Init) refers to flash_driver.o(.text.FlashDrv_Init) for [Anonymous Symbol]
    flash_driver.o(.text.FlashDrv_Write) refers to flash_driver.o(.bss.FlashMemory) for FlashMemory
    flash_driver.o(.text.FlashDrv_Write) refers to memcpya.o(.text) for __aeabi_memcpy
    flash_driver.o(.ARM.exidx.text.FlashDrv_Write) refers to flash_driver.o(.text.FlashDrv_Write) for [Anonymous Symbol]
    flash_driver.o(.text.FlashDrv_Read) refers to flash_driver.o(.bss.FlashMemory) for FlashMemory
    flash_driver.o(.text.FlashDrv_Read) refers to memcpya.o(.text) for __aeabi_memcpy
    flash_driver.o(.ARM.exidx.text.FlashDrv_Read) refers to flash_driver.o(.text.FlashDrv_Read) for [Anonymous Symbol]
    fi_valvecdd.o(.text.FI_ValveCDD_Init) refers to fi_valvecdd.o(.bss.ValveState) for ValveState
    fi_valvecdd.o(.ARM.exidx.text.FI_ValveCDD_Init) refers to fi_valvecdd.o(.text.FI_ValveCDD_Init) for [Anonymous Symbol]
    fi_valvecdd.o(.text.FI_ValveCDD_SetState) refers to fi_valvecdd.o(.bss.ValveState) for ValveState
    fi_valvecdd.o(.ARM.exidx.text.FI_ValveCDD_SetState) refers to fi_valvecdd.o(.text.FI_ValveCDD_SetState) for [Anonymous Symbol]
    fi_valvecdd.o(.text.FI_ValveCDD_GetState) refers to fi_valvecdd.o(.bss.ValveState) for ValveState
    fi_valvecdd.o(.ARM.exidx.text.FI_ValveCDD_GetState) refers to fi_valvecdd.o(.text.FI_ValveCDD_GetState) for [Anonymous Symbol]
    alarm.o(.text) refers to counter.o(.text.OsCnt_GetSystemCounter) for OsCnt_GetSystemCounter
    alarm.o(.text) refers to tcbprocessor.o(.text) for OsTcb_GetTaskStateProcessor
    alarm.o(.text) refers to errmgr.o(.text) for OsErrMgr_SetServiceID
    alarm.o(.text) refers to hook.o(.text.ErrorHook) for ErrorHook
    alarm.o(.text) refers to port.o(.text) for OsPort_PushUpperContext
    alarm.o(.text) refers to counter.o(.text.OsCnt_IncrSystemCounter) for OsCnt_IncrSystemCounter
    alarm.o(.text) refers to oscfg.o(.data.OsCfg_Alarms) for OsCfg_Alarms
    alarm.o(.text) refers to oscfg.o(.rodata.OsCfg_USE_ERROR_HOOK) for OsCfg_USE_ERROR_HOOK
    alarm.o(.text) refers to oscfg.o(.rodata.OsCfg_USE_POSTTASK_HOOK) for OsCfg_USE_POSTTASK_HOOK
    alarm.o(.text) refers to oscfg.o(.rodata.OsCfg_MAX_NUM_OF_ALARMS) for OsCfg_MAX_NUM_OF_ALARMS
    event.o(.text) refers to tcbprocessor.o(.text) for OsTcb_GetTaskIDProcessor
    event.o(.text) refers to svccontext.o(.text) for SVCCnxt_EventMgrSetTskID
    task.o(.text) refers to portable.o(.text) for OsPort_CoreInit
    task.o(.text) refers to tcbprocessor.o(.text) for OsTcb_TasksInit
    task.o(.text) refers to hook.o(.text.StartupHook) for StartupHook
    task.o(.text) refers to counter.o(.text.SysTick_Init) for SysTick_Init
    task.o(.text) refers to port.o(.text) for OsPort_JumpToApp
    task.o(.text) refers to svccontext.o(.text) for SVCCnxt_TskMgrSetTskID
    task.o(.text) refers to hook.o(.text.StackOverFlowHook) for StackOverFlowHook
    task.o(.text) refers to rcbprocessor.o(.text) for OsRes_GetResourceProcessor
    task.o(.text) refers to oscfg.o(.rodata.OsCfg_USE_STARTUP_HOOK) for OsCfg_USE_STARTUP_HOOK
    task.o(.text) refers to oscfg.o(.rodata.OsCfg_USE_STACK_OVER_FLOW_HOOK) for OsCfg_USE_STACK_OVER_FLOW_HOOK
    task.o(.text) refers to oscfg.o(.rodata.OsCfg_USE_POSTTASK_HOOK) for OsCfg_USE_POSTTASK_HOOK
    port.o(.text) refers to portable.o(.text) for OsPort_SetThreadMode
    port.o(.text) refers to tcbprocessor.o(.text) for OsTcb_GetCurrentTCBRef
    errmgr.o(.text) refers to errmgr.o(.data) for OsErrMgr_DetectedService
    rcbprocessor.o(.text) refers to tcbprocessor.o(.text) for OsTcb_GetTaskIDProcessor
    rcbprocessor.o(.text) refers to svccontext.o(.text) for SVCCnxt_ResMgrGetResID
    rcbprocessor.o(.text) refers to errmgr.o(.text) for OsErrMgr_SetServiceID
    rcbprocessor.o(.text) refers to hook.o(.text.ErrorHook) for ErrorHook
    rcbprocessor.o(.text) refers to oscfg.o(.rodata.OsCfg_MAX_NUM_OF_RESOURCES) for OsCfg_MAX_NUM_OF_RESOURCES
    rcbprocessor.o(.text) refers to oscfg.o(.rodata.OsCfg_ResourceTaskAuthorized) for OsCfg_ResourceTaskAuthorized
    rcbprocessor.o(.text) refers to oscfg.o(.bss.RCB) for RCB
    rcbprocessor.o(.text) refers to oscfg.o(.rodata.OsCfg_ResourceCeilPri) for OsCfg_ResourceCeilPri
    rcbprocessor.o(.text) refers to oscfg.o(.rodata.OsCfg_USE_ERROR_HOOK) for OsCfg_USE_ERROR_HOOK
    svccontext.o(.text) refers to oscfg.o(.bss.SVCCnxt_ErrCodes) for SVCCnxt_ErrCodes
    svccontext.o(.text) refers to svccontext.o(.data) for SVCCnxt_TskMgrCnxt
    svccontext.o(.text) refers to oscfg.o(.bss.SVCCnxt_ResMgrCnxt) for SVCCnxt_ResMgrCnxt
    tcbprocessor.o(.text) refers to svccontext.o(.text) for SVCCnxt_TskMgrGetTskID
    tcbprocessor.o(.text) refers to errmgr.o(.text) for OsErrMgr_SetServiceID
    tcbprocessor.o(.text) refers to hook.o(.text.ErrorHook) for ErrorHook
    tcbprocessor.o(.text) refers to portable.o(.text) for OsPort_SetInitialStack
    tcbprocessor.o(.text) refers to hook.o(.text.PostTaskHook) for PostTaskHook
    tcbprocessor.o(.text) refers to oscfg.o(.data.OsCfg_TCBs) for OsCfg_TCBs
    tcbprocessor.o(.text) refers to oscfg.o(.rodata.OsCfg_USE_STACK_OVER_FLOW_HOOK) for OsCfg_USE_STACK_OVER_FLOW_HOOK
    tcbprocessor.o(.text) refers to oscfg.o(.rodata.OsCfg_StackSize) for OsCfg_StackSize
    tcbprocessor.o(.text) refers to oscfg.o(.bss.OsCfg_Stack) for OsCfg_Stack
    tcbprocessor.o(.text) refers to oscfg.o(.rodata.OsCfg_MAX_NUM_OF_TASKS) for OsCfg_MAX_NUM_OF_TASKS
    tcbprocessor.o(.text) refers to tcbprocessor.o(.data) for TcbProcessor_RunningTaskID
    tcbprocessor.o(.text) refers to oscfg.o(.rodata.OsCfg_USE_ERROR_HOOK) for OsCfg_USE_ERROR_HOOK
    tcbprocessor.o(.text) refers to oscfg.o(.rodata.OsCfg_USE_POSTTASK_HOOK) for OsCfg_USE_POSTTASK_HOOK
    tcbprocessor.o(.text) refers to hook.o(.text.PreTaskHook) for PreTaskHook
    tcbprocessor.o(.text) refers to oscfg.o(.rodata.OsCfg_USE_PRETASK_HOOK) for OsCfg_USE_PRETASK_HOOK
    tcbprocessor.o(.text) refers to oscfg.o(.rodata.OsCfg_ALL_STACK_SIZE) for OsCfg_ALL_STACK_SIZE
    tcbprocessor.o(.text) refers to task.o(.text) for OsTask_IdleMechanism
    tcbprocessor.o(.data) refers to oscfg.o(.data.OsCfg_TCBs) for OsCfg_TCBs
    entry.o(.ARM.Collect$$$$00000000) refers (Special) to entry10a.o(.ARM.Collect$$$$0000000D) for __rt_final_cpp
    entry.o(.ARM.Collect$$$$00000000) refers (Special) to entry11a.o(.ARM.Collect$$$$0000000F) for __rt_final_exit
    entry.o(.ARM.Collect$$$$00000000) refers (Special) to entry7b.o(.ARM.Collect$$$$00000008) for _main_clock
    entry.o(.ARM.Collect$$$$00000000) refers (Special) to entry8b.o(.ARM.Collect$$$$0000000A) for _main_cpp_init
    entry.o(.ARM.Collect$$$$00000000) refers (Special) to entry9a.o(.ARM.Collect$$$$0000000B) for _main_init
    entry.o(.ARM.Collect$$$$00000000) refers (Special) to entry5.o(.ARM.Collect$$$$00000004) for _main_scatterload
    entry.o(.ARM.Collect$$$$00000000) refers (Special) to entry2.o(.ARM.Collect$$$$00000001) for _main_stk
    rand.o(.text) refers to rand.o(.data) for .data
    entry2.o(.ARM.Collect$$$$00000001) refers to entry2.o(.ARM.Collect$$$$00002712) for __lit__00000000
    entry2.o(.ARM.Collect$$$$00002712) refers to keiluvisoin_startup.o(STACK) for __initial_sp
    entry2.o(__vectab_stack_and_reset_area) refers to keiluvisoin_startup.o(STACK) for __initial_sp
    entry2.o(__vectab_stack_and_reset_area) refers to entry.o(.ARM.Collect$$$$00000000) for __main
    entry5.o(.ARM.Collect$$$$00000004) refers to init.o(.text) for __scatterload
    entry9a.o(.ARM.Collect$$$$0000000B) refers to osekosecu2.o(.text.main) for main
    entry9b.o(.ARM.Collect$$$$0000000C) refers to osekosecu2.o(.text.main) for main
    init.o(.text) refers to entry5.o(.ARM.Collect$$$$00000004) for __main_after_scatterload


==============================================================================

Removing Unused input sections from the image.

    Removing calibparaswc.o(.text), (0 bytes).
    Removing calibparaswc.o(.ARM.exidx.text.CalibParaSWC_Init), (8 bytes).
    Removing calibparaswc.o(.ARM.exidx.text.CalibParaSWC_GetSpeedThreshold), (8 bytes).
    Removing ficontrolswc.o(.text), (0 bytes).
    Removing ficontrolswc.o(.ARM.exidx.text.R_FIControlSWC_ReadCalibData), (8 bytes).
    Removing ficontrolswc.o(.ARM.exidx.text.R_FIControlSWC_ReadCANData), (8 bytes).
    Removing ficontrolswc.o(.ARM.exidx.text.R_FIControlSWC_CompareSpeedAndThreshold), (8 bytes).
    Removing ficontrolswc.o(.ARM.exidx.text.R_FIControlSWC_ControlFIValve), (8 bytes).
    Removing ficontrolswc.o(.ARM.exidx.text.R_FIControlSWC_CheckAndReportError), (8 bytes).
    Removing ficontrolswc.o(.ARM.exidx.text.R_FIControlSWC_SendErrorToNVBlockSWC), (8 bytes).
    Removing nvblockswc.o(.text), (0 bytes).
    Removing nvblockswc.o(.ARM.exidx.text.R_NVBlockSWC_ReceiveDTC), (8 bytes).
    Removing nvblockswc.o(.ARM.exidx.text.R_NVBlockSWC_StoreDTCToNVM), (8 bytes).
    Removing rte_calibpara.o(.text), (0 bytes).
    Removing rte_calibpara.o(.ARM.exidx.text.Rte_Call_CalibPara_InitThreshold), (8 bytes).
    Removing rte_calibpara.o(.ARM.exidx.text.Rte_Read_CalibPara_SpeedThreshold), (8 bytes).
    Removing rte_ficontrol.o(.text), (0 bytes).
    Removing rte_ficontrol.o(.ARM.exidx.text.Rte_Write_FIValve_State), (8 bytes).
    Removing rte_ficontrol.o(.ARM.exidx.text.Rte_Read_FIValve_State), (8 bytes).
    Removing rte_ficontrol.o(.ARM.exidx.text.Rte_Call_FIControlSWC_ReadCalibData), (8 bytes).
    Removing rte_ficontrol.o(.ARM.exidx.text.Rte_Call_FIControlSWC_ReadCANData), (8 bytes).
    Removing rte_ficontrol.o(.ARM.exidx.text.Rte_Call_FIControlSWC_CompareSpeedAndThreshold), (8 bytes).
    Removing rte_ficontrol.o(.ARM.exidx.text.Rte_Call_FIControlSWC_ControlFIValve), (8 bytes).
    Removing rte_ficontrol.o(.ARM.exidx.text.Rte_Call_FIControlSWC_CheckAndReportError), (8 bytes).
    Removing rte_ficontrol.o(.ARM.exidx.text.Rte_Call_FIControlSWC_SendErrorToNVBlockSWC), (8 bytes).
    Removing rte_can.o(.text), (0 bytes).
    Removing rte_can.o(.ARM.exidx.text.Rte_Read_CANMessage), (8 bytes).
    Removing rte_dem.o(.text), (0 bytes).
    Removing rte_dem.o(.ARM.exidx.text.Rte_Call_Dem_ReportErrorStatus), (8 bytes).
    Removing rte_dem.o(.text.Rte_Call_DemInterface_ErrorConfirmed), (12 bytes).
    Removing rte_dem.o(.ARM.exidx.text.Rte_Call_DemInterface_ErrorConfirmed), (8 bytes).
    Removing rte_nvm.o(.text), (0 bytes).
    Removing rte_nvm.o(.ARM.exidx.text.Rte_Write_NvmInterface_WriteDTC), (8 bytes).
    Removing rte_nvm.o(.ARM.exidx.text.Rte_Write_NVDATA_DTC), (8 bytes).
    Removing rte_nvm.o(.ARM.exidx.text.Rte_Call_NVBlockSWC_StoreDTCToNVM), (8 bytes).
    Removing canif.o(.text), (0 bytes).
    Removing canif.o(.ARM.exidx.text.CanIf_ReceiveSpeed), (8 bytes).
    Removing dem.o(.text), (0 bytes).
    Removing dem.o(.ARM.exidx.text.Dem_ReportErrorStatus), (8 bytes).
    Removing dem.o(.ARM.exidx.text.Dem_ClearDTC), (8 bytes).
    Removing dem.o(.text.Dem_GetEventStatus), (118 bytes).
    Removing dem.o(.ARM.exidx.text.Dem_GetEventStatus), (8 bytes).
    Removing dem.o(.text.Dem_GetStoredDTC), (88 bytes).
    Removing dem.o(.ARM.exidx.text.Dem_GetStoredDTC), (8 bytes).
    Removing nvm.o(.text), (0 bytes).
    Removing nvm.o(.text.NvM_Init), (30 bytes).
    Removing nvm.o(.ARM.exidx.text.NvM_Init), (8 bytes).
    Removing nvm.o(.text.NvM_WriteBlock), (76 bytes).
    Removing nvm.o(.ARM.exidx.text.NvM_WriteBlock), (8 bytes).
    Removing nvm.o(.text.NvM_ReadBlock), (76 bytes).
    Removing nvm.o(.ARM.exidx.text.NvM_ReadBlock), (8 bytes).
    Removing nvm.o(.ARM.exidx.text.NvM_WriteDTC), (8 bytes).
    Removing nvm.o(.text.NvM_ReadDTC), (30 bytes).
    Removing nvm.o(.ARM.exidx.text.NvM_ReadDTC), (8 bytes).
    Removing nvm.o(.text.NvM_ClearDTC), (50 bytes).
    Removing nvm.o(.ARM.exidx.text.NvM_ClearDTC), (8 bytes).
    Removing nvm.o(.bss.BlockBaseAddress), (8 bytes).
    Removing comhwabstraction.o(.text), (0 bytes).
    Removing comhwabstraction.o(.text.Com_HAL_Init), (8 bytes).
    Removing comhwabstraction.o(.ARM.exidx.text.Com_HAL_Init), (8 bytes).
    Removing comhwabstraction.o(.ARM.exidx.text.Com_HAL_ReceiveSpeed), (8 bytes).
    Removing memif.o(.text), (0 bytes).
    Removing memif.o(.text.MemIf_Init), (8 bytes).
    Removing memif.o(.ARM.exidx.text.MemIf_Init), (8 bytes).
    Removing memif.o(.ARM.exidx.text.MemIf_Write), (8 bytes).
    Removing memif.o(.ARM.exidx.text.Eep_Write), (8 bytes).
    Removing memif.o(.text.MemIf_Read), (92 bytes).
    Removing memif.o(.ARM.exidx.text.MemIf_Read), (8 bytes).
    Removing memif.o(.text.Eep_Read), (26 bytes).
    Removing memif.o(.ARM.exidx.text.Eep_Read), (8 bytes).
    Removing memif.o(.text.MemIf_Erase), (44 bytes).
    Removing memif.o(.ARM.exidx.text.MemIf_Erase), (8 bytes).
    Removing keiluvisoin_startup.o(HEAP), (0 bytes).
    Removing counter.o(.text), (0 bytes).
    Removing counter.o(.ARM.exidx.text.SysTick_Init), (8 bytes).
    Removing counter.o(.ARM.exidx.text.OsCnt_IncrSystemCounter), (8 bytes).
    Removing counter.o(.ARM.exidx.text.OsCnt_GetSystemCounter), (8 bytes).
    Removing hook.o(.text), (0 bytes).
    Removing hook.o(.ARM.exidx.text.ErrorHook), (8 bytes).
    Removing hook.o(.ARM.exidx.text.StartupHook), (8 bytes).
    Removing hook.o(.ARM.exidx.text.PreTaskHook), (8 bytes).
    Removing hook.o(.ARM.exidx.text.PostTaskHook), (8 bytes).
    Removing hook.o(.ARM.exidx.text.StackOverFlowHook), (8 bytes).
    Removing oscfg.o(.text), (0 bytes).
    Removing oscfg.o(.rodata.OsCfg_USE_PARAMETER_ACCESS), (1 bytes).
    Removing oscfg.o(.rodata.OsCfg_USE_GET_SERVICE_ID), (1 bytes).
    Removing oscfg.o(.rodata.OSTICKDURATION), (4 bytes).
    Removing osekosecu2.o(.text), (0 bytes).
    Removing osekosecu2.o(.ARM.exidx.text.SystemInit), (8 bytes).
    Removing osekosecu2.o(.ARM.exidx.text.main), (8 bytes).
    Removing osekosecu2.o(.ARM.exidx.text.OsTask_CalibPara_Task), (8 bytes).
    Removing osekosecu2.o(.ARM.exidx.text.OsTask_FIControl_Task), (8 bytes).
    Removing osekosecu2.o(.ARM.exidx.text.OsTask_Injector_Control_Task), (8 bytes).
    Removing osekosecu2.o(.ARM.exidx.text.OsTask_NVM_Logging_Task), (8 bytes).
    Removing osekosecu2.o(.ARM.use_no_argv), (4 bytes).
    Removing can.o(.text), (0 bytes).
    Removing can.o(.text.CanDrv_Init), (2 bytes).
    Removing can.o(.ARM.exidx.text.CanDrv_Init), (8 bytes).
    Removing can.o(.ARM.exidx.text.CanDrv_Receive), (8 bytes).
    Removing flash_driver.o(.text), (0 bytes).
    Removing flash_driver.o(.text.FlashDrv_Init), (22 bytes).
    Removing flash_driver.o(.ARM.exidx.text.FlashDrv_Init), (8 bytes).
    Removing flash_driver.o(.ARM.exidx.text.FlashDrv_Write), (8 bytes).
    Removing flash_driver.o(.text.FlashDrv_Read), (68 bytes).
    Removing flash_driver.o(.ARM.exidx.text.FlashDrv_Read), (8 bytes).
    Removing fi_valvecdd.o(.text), (0 bytes).
    Removing fi_valvecdd.o(.text.FI_ValveCDD_Init), (14 bytes).
    Removing fi_valvecdd.o(.ARM.exidx.text.FI_ValveCDD_Init), (8 bytes).
    Removing fi_valvecdd.o(.ARM.exidx.text.FI_ValveCDD_SetState), (8 bytes).
    Removing fi_valvecdd.o(.ARM.exidx.text.FI_ValveCDD_GetState), (8 bytes).

110 unused section(s) (total 1318 bytes) removed from the image.

==============================================================================

Image Symbol Table

    Local Symbols

    Symbol Name                              Value     Ov Type        Size  Object(Section)

    ../ECU2_FIControl/BSW/OS/startup/keilUvisoin_startup.s 0x00000000   Number         0  keiluvisoin_startup.o ABSOLUTE
    ../clib/microlib/init/entry.s            0x00000000   Number         0  entry.o ABSOLUTE
    ../clib/microlib/init/entry.s            0x00000000   Number         0  entry2.o ABSOLUTE
    ../clib/microlib/init/entry.s            0x00000000   Number         0  entry5.o ABSOLUTE
    ../clib/microlib/init/entry.s            0x00000000   Number         0  entry7a.o ABSOLUTE
    ../clib/microlib/init/entry.s            0x00000000   Number         0  entry7b.o ABSOLUTE
    ../clib/microlib/init/entry.s            0x00000000   Number         0  entry8a.o ABSOLUTE
    ../clib/microlib/init/entry.s            0x00000000   Number         0  entry8b.o ABSOLUTE
    ../clib/microlib/init/entry.s            0x00000000   Number         0  entry9a.o ABSOLUTE
    ../clib/microlib/init/entry.s            0x00000000   Number         0  entry9b.o ABSOLUTE
    ../clib/microlib/init/entry.s            0x00000000   Number         0  entry10a.o ABSOLUTE
    ../clib/microlib/init/entry.s            0x00000000   Number         0  entry10b.o ABSOLUTE
    ../clib/microlib/init/entry.s            0x00000000   Number         0  entry11a.o ABSOLUTE
    ../clib/microlib/init/entry.s            0x00000000   Number         0  entry11b.o ABSOLUTE
    ../clib/microlib/stdlib/rand.c           0x00000000   Number         0  rand.o ABSOLUTE
    ../clib/microlib/string/memcpy.c         0x00000000   Number         0  memcpya.o ABSOLUTE
    ../clib/microlib/string/memcpy.c         0x00000000   Number         0  memcpyb.o ABSOLUTE
    ../clib/microlib/string/memset.c         0x00000000   Number         0  memseta.o ABSOLUTE
    CalibParaSWC.c                           0x00000000   Number         0  calibparaswc.o ABSOLUTE
    Can.c                                    0x00000000   Number         0  can.o ABSOLUTE
    CanIf.c                                  0x00000000   Number         0  canif.o ABSOLUTE
    ComHwAbstraction.c                       0x00000000   Number         0  comhwabstraction.o ABSOLUTE
    Dem.c                                    0x00000000   Number         0  dem.o ABSOLUTE
    FIControlSWC.c                           0x00000000   Number         0  ficontrolswc.o ABSOLUTE
    FI_ValveCDD.c                            0x00000000   Number         0  fi_valvecdd.o ABSOLUTE
    Flash_Driver.c                           0x00000000   Number         0  flash_driver.o ABSOLUTE
    MemIf.c                                  0x00000000   Number         0  memif.o ABSOLUTE
    NVBlockSWC.c                             0x00000000   Number         0  nvblockswc.o ABSOLUTE
    NVM.c                                    0x00000000   Number         0  nvm.o ABSOLUTE
    OsCfg.c                                  0x00000000   Number         0  oscfg.o ABSOLUTE
    OsekOSECU2.c                             0x00000000   Number         0  osekosecu2.o ABSOLUTE
    Rte_CalibPara.c                          0x00000000   Number         0  rte_calibpara.o ABSOLUTE
    Rte_Can.c                                0x00000000   Number         0  rte_can.o ABSOLUTE
    Rte_Dem.c                                0x00000000   Number         0  rte_dem.o ABSOLUTE
    Rte_FIControl.c                          0x00000000   Number         0  rte_ficontrol.o ABSOLUTE
    Rte_Nvm.c                                0x00000000   Number         0  rte_nvm.o ABSOLUTE
    counter.c                                0x00000000   Number         0  counter.o ABSOLUTE
    dc.s                                     0x00000000   Number         0  dc.o ABSOLUTE
    handlers.s                               0x00000000   Number         0  handlers.o ABSOLUTE
    hook.c                                   0x00000000   Number         0  hook.o ABSOLUTE
    init.s                                   0x00000000   Number         0  init.o ABSOLUTE
    src\ErrMgr.c                             0x00000000   Number         0  errmgr.o ABSOLUTE
    src\RcbProcessor.c                       0x00000000   Number         0  rcbprocessor.o ABSOLUTE
    src\SVCContext.c                         0x00000000   Number         0  svccontext.o ABSOLUTE
    src\TcbProcessor.c                       0x00000000   Number         0  tcbprocessor.o ABSOLUTE
    src\alarm.c                              0x00000000   Number         0  alarm.o ABSOLUTE
    src\event.c                              0x00000000   Number         0  event.o ABSOLUTE
    src\portable\Keil\port.s                 0x00000000   Number         0  port.o ABSOLUTE
    src\portable\Keil\portable.c             0x00000000   Number         0  portable.o ABSOLUTE
    src\task.c                               0x00000000   Number         0  task.o ABSOLUTE
    RESET                                    0x00000000   Section      620  keiluvisoin_startup.o(RESET)
    .ARM.Collect$$$$00000000                 0x0000026c   Section        0  entry.o(.ARM.Collect$$$$00000000)
    .ARM.Collect$$$$00000001                 0x0000026c   Section        4  entry2.o(.ARM.Collect$$$$00000001)
    .ARM.Collect$$$$00000004                 0x00000270   Section        4  entry5.o(.ARM.Collect$$$$00000004)
    .ARM.Collect$$$$00000008                 0x00000274   Section        0  entry7b.o(.ARM.Collect$$$$00000008)
    .ARM.Collect$$$$0000000A                 0x00000274   Section        0  entry8b.o(.ARM.Collect$$$$0000000A)
    .ARM.Collect$$$$0000000B                 0x00000274   Section        8  entry9a.o(.ARM.Collect$$$$0000000B)
    __lit__00000000                          0x0000027c   Data           4  entry2.o(.ARM.Collect$$$$00002712)
    .ARM.Collect$$$$0000000D                 0x0000027c   Section        0  entry10a.o(.ARM.Collect$$$$0000000D)
    .ARM.Collect$$$$0000000F                 0x0000027c   Section        0  entry11a.o(.ARM.Collect$$$$0000000F)
    .ARM.Collect$$$$00002712                 0x0000027c   Section        4  entry2.o(.ARM.Collect$$$$00002712)
    $v0                                      0x00000280   Number         0  keiluvisoin_startup.o(.text)
    .text                                    0x00000280   Section      252  keiluvisoin_startup.o(.text)
    .text                                    0x0000037c   Section        0  alarm.o(.text)
    OsAlrm_AssignAlarmEntry                  0x00000419   Thumb Code    38  alarm.o(.text)
    OsAlrm_ValidateStartValue                0x0000043f   Thumb Code    44  alarm.o(.text)
    OsAlrm_ValidateCycle                     0x0000046b   Thumb Code    46  alarm.o(.text)
    OsAlrm_AlarmActionExecute                0x0000056b   Thumb Code   200  alarm.o(.text)
    OsAlrm_AlarmFireProcessor                0x00000633   Thumb Code    82  alarm.o(.text)
    SystemAlarmsProcessor                    0x00000685   Thumb Code    74  alarm.o(.text)
    OsAlrm_ValidateID                        0x000006fb   Thumb Code    16  alarm.o(.text)
    OsAlrm_GetFirePoint                      0x0000070b   Thumb Code    14  alarm.o(.text)
    OsAlrm_AlarmIsEnabled                    0x00000719   Thumb Code    16  alarm.o(.text)
    OsAlrm_DisableAlarm                      0x00000729   Thumb Code    16  alarm.o(.text)
    OsAlrm_GetAlrmTaskID                     0x00000739   Thumb Code    16  alarm.o(.text)
    .text                                    0x0000075c   Section        0  event.o(.text)
    .text                                    0x000007c4   Section        0  task.o(.text)
    .text                                    0x00000930   Section       90  port.o(.text)
    .text                                    0x0000098c   Section        0  errmgr.o(.text)
    .text                                    0x000009e8   Section        0  rcbprocessor.o(.text)
    .text                                    0x00000b04   Section        0  svccontext.o(.text)
    OsTcb_SetInitialStack                    0x00000b5d   Thumb Code   252  tcbprocessor.o(.text)
    .text                                    0x00000b5c   Section        0  tcbprocessor.o(.text)
    OsTcb_StackPointersInit                  0x00000c59   Thumb Code   110  tcbprocessor.o(.text)
    OsTcb_SetTaskState                       0x00000cf7   Thumb Code    20  tcbprocessor.o(.text)
    OsTcb_ResetTaskEvent                     0x00000d21   Thumb Code    26  tcbprocessor.o(.text)
    OsTcb_ResetTCB                           0x00000db7   Thumb Code    66  tcbprocessor.o(.text)
    OsTcb_CheckEventTrigger                  0x0000101d   Thumb Code    42  tcbprocessor.o(.text)
    OsTcb_SetTaskEvent                       0x00001047   Thumb Code    30  tcbprocessor.o(.text)
    OsTcb_StackCanarInit                     0x0000141d   Thumb Code   114  tcbprocessor.o(.text)
    OsTcb_IdleTaskInit                       0x0000148f   Thumb Code   144  tcbprocessor.o(.text)
    OsTcb_GetTaskPriority                    0x0000151f   Thumb Code    16  tcbprocessor.o(.text)
    OsTcb_TaskModelIsBasic                   0x0000152f   Thumb Code    24  tcbprocessor.o(.text)
    OsTcb_TaskIDValid                        0x00001547   Thumb Code    18  tcbprocessor.o(.text)
    OsTcb_SetCurrentTCBRef                   0x00001559   Thumb Code    16  tcbprocessor.o(.text)
    .text                                    0x00001598   Section        0  portable.o(.text)
    .text                                    0x00001630   Section        0  rand.o(.text)
    .text                                    0x00001654   Section        0  memcpya.o(.text)
    .text                                    0x00001678   Section       48  init.o(.text)
    [Anonymous Symbol]                       0x000016a8   Section        0  calibparaswc.o(.text.CalibParaSWC_GetSpeedThreshold)
    [Anonymous Symbol]                       0x000016c0   Section        0  calibparaswc.o(.text.CalibParaSWC_Init)
    [Anonymous Symbol]                       0x000016d0   Section        0  can.o(.text.CanDrv_Receive)
    [Anonymous Symbol]                       0x00001770   Section        0  canif.o(.text.CanIf_ReceiveSpeed)
    [Anonymous Symbol]                       0x00001780   Section        0  comhwabstraction.o(.text.Com_HAL_ReceiveSpeed)
    [Anonymous Symbol]                       0x0000180c   Section        0  dem.o(.text.Dem_ClearDTC)
    [Anonymous Symbol]                       0x000018d4   Section        0  dem.o(.text.Dem_ReportErrorStatus)
    Eep_Write                                0x00001a01   Thumb Code    14  memif.o(.text.Eep_Write)
    [Anonymous Symbol]                       0x00001a00   Section        0  memif.o(.text.Eep_Write)
    [Anonymous Symbol]                       0x00001a10   Section        0  hook.o(.text.ErrorHook)
    [Anonymous Symbol]                       0x00001a1c   Section        0  fi_valvecdd.o(.text.FI_ValveCDD_GetState)
    [Anonymous Symbol]                       0x00001a34   Section        0  fi_valvecdd.o(.text.FI_ValveCDD_SetState)
    [Anonymous Symbol]                       0x00001a74   Section        0  flash_driver.o(.text.FlashDrv_Write)
    [Anonymous Symbol]                       0x00001ab8   Section        0  memif.o(.text.MemIf_Write)
    [Anonymous Symbol]                       0x00001b14   Section        0  nvm.o(.text.NvM_WriteDTC)
    [Anonymous Symbol]                       0x00001b40   Section        0  counter.o(.text.OsCnt_GetSystemCounter)
    [Anonymous Symbol]                       0x00001b4c   Section        0  counter.o(.text.OsCnt_IncrSystemCounter)
    [Anonymous Symbol]                       0x00001b5c   Section        0  osekosecu2.o(.text.OsTask_CalibPara_Task)
    [Anonymous Symbol]                       0x00001bc0   Section        0  osekosecu2.o(.text.OsTask_FIControl_Task)
    [Anonymous Symbol]                       0x00001c60   Section        0  osekosecu2.o(.text.OsTask_Injector_Control_Task)
    [Anonymous Symbol]                       0x00001db8   Section        0  osekosecu2.o(.text.OsTask_NVM_Logging_Task)
    [Anonymous Symbol]                       0x00001e30   Section        0  hook.o(.text.PostTaskHook)
    [Anonymous Symbol]                       0x00001e34   Section        0  hook.o(.text.PreTaskHook)
    [Anonymous Symbol]                       0x00001e38   Section        0  ficontrolswc.o(.text.R_FIControlSWC_CheckAndReportError)
    [Anonymous Symbol]                       0x00001e78   Section        0  ficontrolswc.o(.text.R_FIControlSWC_CompareSpeedAndThreshold)
    [Anonymous Symbol]                       0x00001eac   Section        0  ficontrolswc.o(.text.R_FIControlSWC_ControlFIValve)
    [Anonymous Symbol]                       0x00001f18   Section        0  ficontrolswc.o(.text.R_FIControlSWC_ReadCANData)
    [Anonymous Symbol]                       0x00001f5c   Section        0  ficontrolswc.o(.text.R_FIControlSWC_ReadCalibData)
    [Anonymous Symbol]                       0x00001fa0   Section        0  ficontrolswc.o(.text.R_FIControlSWC_SendErrorToNVBlockSWC)
    [Anonymous Symbol]                       0x00001fd8   Section        0  nvblockswc.o(.text.R_NVBlockSWC_ReceiveDTC)
    [Anonymous Symbol]                       0x00002008   Section        0  nvblockswc.o(.text.R_NVBlockSWC_StoreDTCToNVM)
    [Anonymous Symbol]                       0x00002054   Section        0  rte_calibpara.o(.text.Rte_Call_CalibPara_InitThreshold)
    [Anonymous Symbol]                       0x0000205c   Section        0  rte_dem.o(.text.Rte_Call_Dem_ReportErrorStatus)
    [Anonymous Symbol]                       0x00002094   Section        0  rte_ficontrol.o(.text.Rte_Call_FIControlSWC_CheckAndReportError)
    [Anonymous Symbol]                       0x000020a8   Section        0  rte_ficontrol.o(.text.Rte_Call_FIControlSWC_CompareSpeedAndThreshold)
    [Anonymous Symbol]                       0x000020b0   Section        0  rte_ficontrol.o(.text.Rte_Call_FIControlSWC_ControlFIValve)
    [Anonymous Symbol]                       0x000020c4   Section        0  rte_ficontrol.o(.text.Rte_Call_FIControlSWC_ReadCANData)
    [Anonymous Symbol]                       0x000020cc   Section        0  rte_ficontrol.o(.text.Rte_Call_FIControlSWC_ReadCalibData)
    [Anonymous Symbol]                       0x000020d4   Section        0  rte_ficontrol.o(.text.Rte_Call_FIControlSWC_SendErrorToNVBlockSWC)
    [Anonymous Symbol]                       0x000020e8   Section        0  rte_nvm.o(.text.Rte_Call_NVBlockSWC_StoreDTCToNVM)
    [Anonymous Symbol]                       0x000020f0   Section        0  rte_can.o(.text.Rte_Read_CANMessage)
    [Anonymous Symbol]                       0x00002100   Section        0  rte_calibpara.o(.text.Rte_Read_CalibPara_SpeedThreshold)
    [Anonymous Symbol]                       0x00002110   Section        0  rte_ficontrol.o(.text.Rte_Read_FIValve_State)
    [Anonymous Symbol]                       0x00002120   Section        0  rte_ficontrol.o(.text.Rte_Write_FIValve_State)
    [Anonymous Symbol]                       0x00002134   Section        0  rte_nvm.o(.text.Rte_Write_NVDATA_DTC)
    [Anonymous Symbol]                       0x00002148   Section        0  rte_nvm.o(.text.Rte_Write_NvmInterface_WriteDTC)
    [Anonymous Symbol]                       0x0000215c   Section        0  hook.o(.text.StackOverFlowHook)
    [Anonymous Symbol]                       0x00002160   Section        0  hook.o(.text.StartupHook)
    [Anonymous Symbol]                       0x00002164   Section        0  counter.o(.text.SysTick_Init)
    [Anonymous Symbol]                       0x000021b4   Section        0  osekosecu2.o(.text.SystemInit)
    [Anonymous Symbol]                       0x000021b8   Section        0  osekosecu2.o(.text.main)
    i.__scatterload_copy                     0x000021c8   Section       14  handlers.o(i.__scatterload_copy)
    i.__scatterload_null                     0x000021d6   Section        2  handlers.o(i.__scatterload_null)
    i.__scatterload_zeroinit                 0x000021d8   Section       14  handlers.o(i.__scatterload_zeroinit)
    OsErrMgr_DetectedService                 0x20000000   Data           1  errmgr.o(.data)
    .data                                    0x20000000   Section       12  errmgr.o(.data)
    OsErrMgr_DetectedTaskID                  0x20000001   Data           1  errmgr.o(.data)
    OsErrMgr_DetectedEventID                 0x20000002   Data           1  errmgr.o(.data)
    OSErrMgr_DetectedResID                   0x20000003   Data           1  errmgr.o(.data)
    OsErrMgr_OverflowContext                 0x20000004   Data           8  errmgr.o(.data)
    SVCCnxt_TskMgrCnxt                       0x2000000c   Data           1  svccontext.o(.data)
    .data                                    0x2000000c   Section        3  svccontext.o(.data)
    SVCCnxt_EventMgrCnxt                     0x2000000d   Data           2  svccontext.o(.data)
    .data                                    0x20000010   Section        6  tcbprocessor.o(.data)
    TcbProcessor_RunningTaskID               0x20000014   Data           1  tcbprocessor.o(.data)
    TaskHookIsSilent                         0x20000015   Data           1  tcbprocessor.o(.data)
    _rand_state                              0x20000018   Data           4  rand.o(.data)
    .data                                    0x20000018   Section        4  rand.o(.data)
    CalibPara_Toggle                         0x200000d1   Data           1  osekosecu2.o(.bss.CalibPara_Toggle)
    [Anonymous Symbol]                       0x200000d1   Section        0  osekosecu2.o(.bss.CalibPara_Toggle)
    FIControl_Toggle                         0x200000da   Data           1  osekosecu2.o(.bss.FIControl_Toggle)
    [Anonymous Symbol]                       0x200000da   Section        0  osekosecu2.o(.bss.FIControl_Toggle)
    FlashMemory                              0x200000db   Data         256  flash_driver.o(.bss.FlashMemory)
    [Anonymous Symbol]                       0x200000db   Section        0  flash_driver.o(.bss.FlashMemory)
    InjectorControl_Toggle                   0x200001dc   Data           1  osekosecu2.o(.bss.InjectorControl_Toggle)
    [Anonymous Symbol]                       0x200001dc   Section        0  osekosecu2.o(.bss.InjectorControl_Toggle)
    NVM_STORAGE_DTC                          0x200001de   Data           2  nvm.o(.bss.NVM_STORAGE_DTC)
    [Anonymous Symbol]                       0x200001de   Section        0  nvm.o(.bss.NVM_STORAGE_DTC)
    NvmLogging_Toggle                        0x200001e0   Data           1  osekosecu2.o(.bss.NvmLogging_Toggle)
    [Anonymous Symbol]                       0x200001e0   Section        0  osekosecu2.o(.bss.NvmLogging_Toggle)
    OsCnt_SystemCounter                      0x20002224   Data           4  counter.o(.bss.OsCnt_SystemCounter)
    [Anonymous Symbol]                       0x20002224   Section        0  counter.o(.bss.OsCnt_SystemCounter)
    SpeedThreshold                           0x20002230   Data           2  calibparaswc.o(.bss.SpeedThreshold)
    [Anonymous Symbol]                       0x20002230   Section        0  calibparaswc.o(.bss.SpeedThreshold)
    ValveState                               0x20002234   Data           1  fi_valvecdd.o(.bss.ValveState)
    [Anonymous Symbol]                       0x20002234   Section        0  fi_valvecdd.o(.bss.ValveState)
    detectedDTC                              0x20002238   Data           2  ficontrolswc.o(.bss.detectedDTC)
    [Anonymous Symbol]                       0x20002238   Section        0  ficontrolswc.o(.bss.detectedDTC)
    dtcCount                                 0x2000223a   Data           1  dem.o(.bss.dtcCount)
    [Anonymous Symbol]                       0x2000223a   Section        0  dem.o(.bss.dtcCount)
    storedDTC                                0x20002248   Data           2  nvblockswc.o(.bss.storedDTC)
    [Anonymous Symbol]                       0x20002248   Section        0  nvblockswc.o(.bss.storedDTC)
    storedDTCs                               0x2000224a   Data          20  dem.o(.bss.storedDTCs)
    [Anonymous Symbol]                       0x2000224a   Section        0  dem.o(.bss.storedDTCs)
    storedStatus                             0x2000225e   Data          10  dem.o(.bss.storedStatus)
    [Anonymous Symbol]                       0x2000225e   Section        0  dem.o(.bss.storedStatus)
    STACK                                    0x20002268   Section      512  keiluvisoin_startup.o(STACK)

    Global Symbols

    Symbol Name                              Value     Ov Type        Size  Object(Section)

    BuildAttributes$$THM_ISAv4$E$P$D$K$B$S$7EM$VFPi3$EXTD16$VFPS$VFMA$PE$A:L22UL41UL21$X:L11$S22US41US21$IEEE1$IW$~IW$USESV6$~STKCKD$USESV7$~SHL$OSPACE$EBA8$MICROLIB$REQ8$PRES8$EABIv2 0x00000000   Number         0  anon$$obj.o ABSOLUTE
    __Vectors                                0x00000000   Data           4  keiluvisoin_startup.o(RESET)
    __cpp_initialize__aeabi_                  - Undefined Weak Reference
    __cxa_finalize                            - Undefined Weak Reference
    __decompress                              - Undefined Weak Reference
    _clock_init                               - Undefined Weak Reference
    _microlib_exit                            - Undefined Weak Reference
    __Vectors_End                            0x0000026c   Data           0  keiluvisoin_startup.o(RESET)
    __Vectors_Size                           0x0000026c   Number         0  keiluvisoin_startup.o ABSOLUTE
    __main                                   0x0000026d   Thumb Code     0  entry.o(.ARM.Collect$$$$00000000)
    _main_stk                                0x0000026d   Thumb Code     0  entry2.o(.ARM.Collect$$$$00000001)
    _main_scatterload                        0x00000271   Thumb Code     0  entry5.o(.ARM.Collect$$$$00000004)
    __main_after_scatterload                 0x00000275   Thumb Code     0  entry5.o(.ARM.Collect$$$$00000004)
    _main_clock                              0x00000275   Thumb Code     0  entry7b.o(.ARM.Collect$$$$00000008)
    _main_cpp_init                           0x00000275   Thumb Code     0  entry8b.o(.ARM.Collect$$$$0000000A)
    _main_init                               0x00000275   Thumb Code     0  entry9a.o(.ARM.Collect$$$$0000000B)
    __rt_final_cpp                           0x0000027d   Thumb Code     0  entry10a.o(.ARM.Collect$$$$0000000D)
    __rt_final_exit                          0x0000027d   Thumb Code     0  entry11a.o(.ARM.Collect$$$$0000000F)
    Reset_Handler                            0x00000281   Thumb Code     8  keiluvisoin_startup.o(.text)
    NMI_Handler                              0x00000289   Thumb Code     2  keiluvisoin_startup.o(.text)
    HardFault_Handler                        0x0000028b   Thumb Code     2  keiluvisoin_startup.o(.text)
    MemManage_Handler                        0x0000028d   Thumb Code     2  keiluvisoin_startup.o(.text)
    BusFault_Handler                         0x0000028f   Thumb Code     2  keiluvisoin_startup.o(.text)
    UsageFault_Handler                       0x00000291   Thumb Code     2  keiluvisoin_startup.o(.text)
    SVC_Handler                              0x00000293   Thumb Code     2  keiluvisoin_startup.o(.text)
    DebugMon_Handler                         0x00000295   Thumb Code     2  keiluvisoin_startup.o(.text)
    PendSV_Handler                           0x00000297   Thumb Code     2  keiluvisoin_startup.o(.text)
    SysTick_Handler                          0x00000299   Thumb Code     2  keiluvisoin_startup.o(.text)
    GPIOA_Handler                            0x0000029b   Thumb Code     2  keiluvisoin_startup.o(.text)
    GPIOB_Handler                            0x0000029d   Thumb Code     2  keiluvisoin_startup.o(.text)
    GPIOC_Handler                            0x0000029f   Thumb Code     2  keiluvisoin_startup.o(.text)
    GPIOD_Handler                            0x000002a1   Thumb Code     2  keiluvisoin_startup.o(.text)
    GPIOE_Handler                            0x000002a3   Thumb Code     2  keiluvisoin_startup.o(.text)
    UART0_Handler                            0x000002a5   Thumb Code     2  keiluvisoin_startup.o(.text)
    UART1_Handler                            0x000002a7   Thumb Code     2  keiluvisoin_startup.o(.text)
    SSI0_Handler                             0x000002a9   Thumb Code     2  keiluvisoin_startup.o(.text)
    I2C0_Handler                             0x000002ab   Thumb Code     2  keiluvisoin_startup.o(.text)
    PMW0_FAULT_Handler                       0x000002ad   Thumb Code     2  keiluvisoin_startup.o(.text)
    PWM0_0_Handler                           0x000002af   Thumb Code     2  keiluvisoin_startup.o(.text)
    PWM0_1_Handler                           0x000002b1   Thumb Code     2  keiluvisoin_startup.o(.text)
    PWM0_2_Handler                           0x000002b3   Thumb Code     2  keiluvisoin_startup.o(.text)
    QEI0_Handler                             0x000002b5   Thumb Code     2  keiluvisoin_startup.o(.text)
    ADC0SS0_Handler                          0x000002b7   Thumb Code     2  keiluvisoin_startup.o(.text)
    ADC0SS1_Handler                          0x000002b9   Thumb Code     2  keiluvisoin_startup.o(.text)
    ADC0SS2_Handler                          0x000002bb   Thumb Code     2  keiluvisoin_startup.o(.text)
    ADC0SS3_Handler                          0x000002bd   Thumb Code     2  keiluvisoin_startup.o(.text)
    WDT0_Handler                             0x000002bf   Thumb Code     2  keiluvisoin_startup.o(.text)
    TIMER0A_Handler                          0x000002c1   Thumb Code     2  keiluvisoin_startup.o(.text)
    TIMER0B_Handler                          0x000002c3   Thumb Code     2  keiluvisoin_startup.o(.text)
    TIMER1A_Handler                          0x000002c5   Thumb Code     2  keiluvisoin_startup.o(.text)
    TIMER1B_Handler                          0x000002c7   Thumb Code     2  keiluvisoin_startup.o(.text)
    TIMER2A_Handler                          0x000002c9   Thumb Code     2  keiluvisoin_startup.o(.text)
    TIMER2B_Handler                          0x000002cb   Thumb Code     2  keiluvisoin_startup.o(.text)
    COMP0_Handler                            0x000002cd   Thumb Code     2  keiluvisoin_startup.o(.text)
    COMP1_Handler                            0x000002cf   Thumb Code     2  keiluvisoin_startup.o(.text)
    COMP2_Handler                            0x000002d1   Thumb Code     2  keiluvisoin_startup.o(.text)
    SYSCTL_Handler                           0x000002d3   Thumb Code     2  keiluvisoin_startup.o(.text)
    FLASH_Handler                            0x000002d5   Thumb Code     2  keiluvisoin_startup.o(.text)
    GPIOF_Handler                            0x000002d7   Thumb Code     2  keiluvisoin_startup.o(.text)
    GPIOG_Handler                            0x000002d9   Thumb Code     2  keiluvisoin_startup.o(.text)
    GPIOH_Handler                            0x000002db   Thumb Code     2  keiluvisoin_startup.o(.text)
    UART2_Handler                            0x000002dd   Thumb Code     2  keiluvisoin_startup.o(.text)
    SSI1_Handler                             0x000002df   Thumb Code     2  keiluvisoin_startup.o(.text)
    TIMER3A_Handler                          0x000002e1   Thumb Code     2  keiluvisoin_startup.o(.text)
    TIMER3B_Handler                          0x000002e3   Thumb Code     2  keiluvisoin_startup.o(.text)
    I2C1_Handler                             0x000002e5   Thumb Code     2  keiluvisoin_startup.o(.text)
    QEI1_Handler                             0x000002e7   Thumb Code     2  keiluvisoin_startup.o(.text)
    CAN0_Handler                             0x000002e9   Thumb Code     2  keiluvisoin_startup.o(.text)
    CAN1_Handler                             0x000002eb   Thumb Code     2  keiluvisoin_startup.o(.text)
    CAN2_Handler                             0x000002ed   Thumb Code     2  keiluvisoin_startup.o(.text)
    HIB_Handler                              0x000002ef   Thumb Code     2  keiluvisoin_startup.o(.text)
    USB0_Handler                             0x000002f1   Thumb Code     2  keiluvisoin_startup.o(.text)
    PWM0_3_Handler                           0x000002f3   Thumb Code     2  keiluvisoin_startup.o(.text)
    UDMA_Handler                             0x000002f5   Thumb Code     2  keiluvisoin_startup.o(.text)
    UDMAERR_Handler                          0x000002f7   Thumb Code     2  keiluvisoin_startup.o(.text)
    ADC1SS0_Handler                          0x000002f9   Thumb Code     2  keiluvisoin_startup.o(.text)
    ADC1SS1_Handler                          0x000002fb   Thumb Code     2  keiluvisoin_startup.o(.text)
    ADC1SS2_Handler                          0x000002fd   Thumb Code     2  keiluvisoin_startup.o(.text)
    ADC1SS3_Handler                          0x000002ff   Thumb Code     2  keiluvisoin_startup.o(.text)
    GPIOJ_Handler                            0x00000301   Thumb Code     2  keiluvisoin_startup.o(.text)
    GPIOK_Handler                            0x00000303   Thumb Code     2  keiluvisoin_startup.o(.text)
    GPIOL_Handler                            0x00000305   Thumb Code     2  keiluvisoin_startup.o(.text)
    SSI2_Handler                             0x00000307   Thumb Code     2  keiluvisoin_startup.o(.text)
    SSI3_Handler                             0x00000309   Thumb Code     2  keiluvisoin_startup.o(.text)
    UART3_Handler                            0x0000030b   Thumb Code     2  keiluvisoin_startup.o(.text)
    UART4_Handler                            0x0000030d   Thumb Code     2  keiluvisoin_startup.o(.text)
    UART5_Handler                            0x0000030f   Thumb Code     2  keiluvisoin_startup.o(.text)
    UART6_Handler                            0x00000311   Thumb Code     2  keiluvisoin_startup.o(.text)
    UART7_Handler                            0x00000313   Thumb Code     2  keiluvisoin_startup.o(.text)
    I2C2_Handler                             0x00000315   Thumb Code     2  keiluvisoin_startup.o(.text)
    I2C3_Handler                             0x00000317   Thumb Code     2  keiluvisoin_startup.o(.text)
    TIMER4A_Handler                          0x00000319   Thumb Code     2  keiluvisoin_startup.o(.text)
    TIMER4B_Handler                          0x0000031b   Thumb Code     2  keiluvisoin_startup.o(.text)
    TIMER5A_Handler                          0x0000031d   Thumb Code     2  keiluvisoin_startup.o(.text)
    TIMER5B_Handler                          0x0000031f   Thumb Code     2  keiluvisoin_startup.o(.text)
    WTIMER0A_Handler                         0x00000321   Thumb Code     2  keiluvisoin_startup.o(.text)
    WTIMER0B_Handler                         0x00000323   Thumb Code     2  keiluvisoin_startup.o(.text)
    WTIMER1A_Handler                         0x00000325   Thumb Code     2  keiluvisoin_startup.o(.text)
    WTIMER1B_Handler                         0x00000327   Thumb Code     2  keiluvisoin_startup.o(.text)
    WTIMER2A_Handler                         0x00000329   Thumb Code     2  keiluvisoin_startup.o(.text)
    WTIMER2B_Handler                         0x0000032b   Thumb Code     2  keiluvisoin_startup.o(.text)
    WTIMER3A_Handler                         0x0000032d   Thumb Code     2  keiluvisoin_startup.o(.text)
    WTIMER3B_Handler                         0x0000032f   Thumb Code     2  keiluvisoin_startup.o(.text)
    WTIMER4A_Handler                         0x00000331   Thumb Code     2  keiluvisoin_startup.o(.text)
    WTIMER4B_Handler                         0x00000333   Thumb Code     2  keiluvisoin_startup.o(.text)
    WTIMER5A_Handler                         0x00000335   Thumb Code     2  keiluvisoin_startup.o(.text)
    WTIMER5B_Handler                         0x00000337   Thumb Code     2  keiluvisoin_startup.o(.text)
    FPU_Handler                              0x00000339   Thumb Code     2  keiluvisoin_startup.o(.text)
    I2C4_Handler                             0x0000033b   Thumb Code     2  keiluvisoin_startup.o(.text)
    I2C5_Handler                             0x0000033d   Thumb Code     2  keiluvisoin_startup.o(.text)
    GPIOM_Handler                            0x0000033f   Thumb Code     2  keiluvisoin_startup.o(.text)
    GPION_Handler                            0x00000341   Thumb Code     2  keiluvisoin_startup.o(.text)
    QEI2_Handler                             0x00000343   Thumb Code     2  keiluvisoin_startup.o(.text)
    GPIOP0_Handler                           0x00000345   Thumb Code     2  keiluvisoin_startup.o(.text)
    GPIOP1_Handler                           0x00000347   Thumb Code     2  keiluvisoin_startup.o(.text)
    GPIOP2_Handler                           0x00000349   Thumb Code     2  keiluvisoin_startup.o(.text)
    GPIOP3_Handler                           0x0000034b   Thumb Code     2  keiluvisoin_startup.o(.text)
    GPIOP4_Handler                           0x0000034d   Thumb Code     2  keiluvisoin_startup.o(.text)
    GPIOP5_Handler                           0x0000034f   Thumb Code     2  keiluvisoin_startup.o(.text)
    GPIOP6_Handler                           0x00000351   Thumb Code     2  keiluvisoin_startup.o(.text)
    GPIOP7_Handler                           0x00000353   Thumb Code     2  keiluvisoin_startup.o(.text)
    GPIOQ0_Handler                           0x00000355   Thumb Code     2  keiluvisoin_startup.o(.text)
    GPIOQ1_Handler                           0x00000357   Thumb Code     2  keiluvisoin_startup.o(.text)
    GPIOQ2_Handler                           0x00000359   Thumb Code     2  keiluvisoin_startup.o(.text)
    GPIOQ3_Handler                           0x0000035b   Thumb Code     2  keiluvisoin_startup.o(.text)
    GPIOQ4_Handler                           0x0000035d   Thumb Code     2  keiluvisoin_startup.o(.text)
    GPIOQ5_Handler                           0x0000035f   Thumb Code     2  keiluvisoin_startup.o(.text)
    GPIOQ6_Handler                           0x00000361   Thumb Code     2  keiluvisoin_startup.o(.text)
    GPIOQ7_Handler                           0x00000363   Thumb Code     2  keiluvisoin_startup.o(.text)
    GPIOR_Handler                            0x00000365   Thumb Code     2  keiluvisoin_startup.o(.text)
    GPIOS_Handler                            0x00000367   Thumb Code     2  keiluvisoin_startup.o(.text)
    PMW1_0_Handler                           0x00000369   Thumb Code     2  keiluvisoin_startup.o(.text)
    PWM1_1_Handler                           0x0000036b   Thumb Code     2  keiluvisoin_startup.o(.text)
    PWM1_2_Handler                           0x0000036d   Thumb Code     2  keiluvisoin_startup.o(.text)
    PWM1_3_Handler                           0x0000036f   Thumb Code     2  keiluvisoin_startup.o(.text)
    PWM1_FAULT_Handler                       0x00000371   Thumb Code     2  keiluvisoin_startup.o(.text)
    DeclareAlarm                             0x0000037d   Thumb Code     2  alarm.o(.text)
    GetAlarmBase                             0x0000037f   Thumb Code    74  alarm.o(.text)
    GetAlarm                                 0x000003c9   Thumb Code    80  alarm.o(.text)
    SetAbsAlarm                              0x00000499   Thumb Code    76  alarm.o(.text)
    SetRelAlarm                              0x000004e5   Thumb Code    94  alarm.o(.text)
    CancelAlarm                              0x00000543   Thumb Code    40  alarm.o(.text)
    SystemTimerHandler                       0x000006cf   Thumb Code    44  alarm.o(.text)
    SetEvent                                 0x0000075d   Thumb Code    34  event.o(.text)
    ClearEvent                               0x0000077f   Thumb Code    26  event.o(.text)
    GetEvent                                 0x00000799   Thumb Code    16  event.o(.text)
    WaitEvent                                0x000007a9   Thumb Code    26  event.o(.text)
    StartOS                                  0x000007c5   Thumb Code    48  task.o(.text)
    ActivateTask                             0x000007f5   Thumb Code    30  task.o(.text)
    TerminateTask                            0x00000813   Thumb Code    22  task.o(.text)
    ChainTask                                0x00000829   Thumb Code    30  task.o(.text)
    Schedule                                 0x00000847   Thumb Code    22  task.o(.text)
    GetTaskID                                0x0000085d   Thumb Code    16  task.o(.text)
    GetTaskState                             0x0000086d   Thumb Code    16  task.o(.text)
    SVC_Dispatcher                           0x0000087d   Thumb Code   160  task.o(.text)
    OsTask_IdleMechanism                     0x0000091d   Thumb Code     4  task.o(.text)
    OsPort_JumpToApp                         0x00000931   Thumb Code     0  port.o(.text)
    OsPort_PendSVHandler                     0x00000953   Thumb Code     0  port.o(.text)
    OsPort_PushUpperContext                  0x00000965   Thumb Code     0  port.o(.text)
    OsPort_PopUpperContext                   0x00000973   Thumb Code     0  port.o(.text)
    OsPort_ReturnWithAutopop                 0x00000981   Thumb Code     0  port.o(.text)
    OsErrMgr_SetServiceID                    0x0000098d   Thumb Code     6  errmgr.o(.text)
    OsErrMgr_GetServiceID                    0x00000993   Thumb Code     6  errmgr.o(.text)
    OsErrMgr_StoreTaskID                     0x00000999   Thumb Code     6  errmgr.o(.text)
    OsErrMgr_GetTaskID                       0x0000099f   Thumb Code     6  errmgr.o(.text)
    OsErrMgr_StoreEventID                    0x000009a5   Thumb Code     6  errmgr.o(.text)
    OsErrMgr_GetEventID                      0x000009ab   Thumb Code     6  errmgr.o(.text)
    OsErrMgr_StoreResID                      0x000009b1   Thumb Code     6  errmgr.o(.text)
    OsErrMgr_GetResID                        0x000009b7   Thumb Code     6  errmgr.o(.text)
    OsErrMgr_SetOverFlowContext              0x000009bd   Thumb Code     8  errmgr.o(.text)
    OsErrMgr_GetOverFlowContext              0x000009c5   Thumb Code    14  errmgr.o(.text)
    OsRes_GetResourceProcessor               0x000009e9   Thumb Code   136  rcbprocessor.o(.text)
    OsRcb_ReleaseResourceProcessor           0x00000a71   Thumb Code   128  rcbprocessor.o(.text)
    SVCCnxt_SetErrCode                       0x00000b05   Thumb Code     6  svccontext.o(.text)
    SVCCnxt_GetErrCode                       0x00000b0b   Thumb Code     8  svccontext.o(.text)
    SVCCnxt_TskMgrSetTskID                   0x00000b13   Thumb Code     6  svccontext.o(.text)
    SVCCnxt_TskMgrGetTskID                   0x00000b19   Thumb Code     8  svccontext.o(.text)
    SVCCnxt_EventMgrSetTskID                 0x00000b21   Thumb Code     6  svccontext.o(.text)
    SVCCnxt_EventMgrGetTskID                 0x00000b27   Thumb Code     8  svccontext.o(.text)
    SVCCnxt_EventMgrSetEventMsk              0x00000b2f   Thumb Code     6  svccontext.o(.text)
    SVCCnxt_EventMgrGetEventMsk              0x00000b35   Thumb Code     8  svccontext.o(.text)
    SVCCnxt_ResMgrSetResID                   0x00000b3d   Thumb Code     6  svccontext.o(.text)
    SVCCnxt_ResMgrGetResID                   0x00000b43   Thumb Code     8  svccontext.o(.text)
    OsTcb_TasksInit                          0x00000cc7   Thumb Code    48  tcbprocessor.o(.text)
    OsTcb_GetTaskState                       0x00000d0b   Thumb Code    16  tcbprocessor.o(.text)
    OsTcb_GetTaskIDProcessor                 0x00000d1b   Thumb Code     6  tcbprocessor.o(.text)
    OsTcb_ActivateTaskTCBProcesor            0x00000d3b   Thumb Code   124  tcbprocessor.o(.text)
    OsTcb_GetResOccupied                     0x00000df9   Thumb Code    16  tcbprocessor.o(.text)
    OsTcb_ChainTaskTCBProcessor              0x00000e09   Thumb Code   178  tcbprocessor.o(.text)
    OsTcb_SetScheduleReq                     0x00000ebb   Thumb Code    18  tcbprocessor.o(.text)
    OsTcb_TerminateTaskTCBProcessor          0x00000ecd   Thumb Code    82  tcbprocessor.o(.text)
    OsTcb_JumpToNextTCB                      0x00000f1f   Thumb Code   254  tcbprocessor.o(.text)
    OsTcb_SetEventProcessor                  0x00001065   Thumb Code   152  tcbprocessor.o(.text)
    OsTcb_ClearEventProcessor                0x000010fd   Thumb Code   128  tcbprocessor.o(.text)
    OsTcb_GetEventProcessor                  0x0000117d   Thumb Code    92  tcbprocessor.o(.text)
    OsTcb_WaitEventProcessor                 0x000011d9   Thumb Code   154  tcbprocessor.o(.text)
    OsTcb_GetTaskStateProcessor              0x00001273   Thumb Code    60  tcbprocessor.o(.text)
    OsTcb_TaskAlrmExpiredProcessor           0x000012af   Thumb Code    32  tcbprocessor.o(.text)
    OsTcb_EventAlrmExpiredProcessor          0x000012cf   Thumb Code    32  tcbprocessor.o(.text)
    OsTcb_SetTaskPri                         0x000012ef   Thumb Code    18  tcbprocessor.o(.text)
    OsTcb_GetTaskPriorityEx                  0x00001301   Thumb Code    12  tcbprocessor.o(.text)
    OsTcb_SetResOccupied                     0x0000130d   Thumb Code    14  tcbprocessor.o(.text)
    OsTcb_GetCurrentTCBRef                   0x0000131b   Thumb Code     8  tcbprocessor.o(.text)
    OsTcb_GetTcbSP                           0x00001323   Thumb Code    14  tcbprocessor.o(.text)
    OsTcb_UpdateTCBSP                        0x00001331   Thumb Code    36  tcbprocessor.o(.text)
    OsTcb_UpdatePSP                          0x00001355   Thumb Code    56  tcbprocessor.o(.text)
    OsTcb_SilenceHook                        0x0000138d   Thumb Code     8  tcbprocessor.o(.text)
    OsTcb_ScheduleProcessor                  0x00001395   Thumb Code    92  tcbprocessor.o(.text)
    OsTcb_ThreadStackOverFlow                0x000013f1   Thumb Code    44  tcbprocessor.o(.text)
    OsPort_SetInitialStack                   0x00001599   Thumb Code    90  portable.o(.text)
    OsPort_GetSVCNumber                      0x000015f3   Thumb Code    14  portable.o(.text)
    OsPort_GetPSP                            0x00001601   Thumb Code     8  portable.o(.text)
    OsPort_SetPSP                            0x00001609   Thumb Code     6  portable.o(.text)
    OsPort_SetThreadMode                     0x0000160f   Thumb Code    14  portable.o(.text)
    OsPort_CoreInit                          0x0000161d   Thumb Code    14  portable.o(.text)
    rand                                     0x00001631   Thumb Code    20  rand.o(.text)
    srand                                    0x00001645   Thumb Code     6  rand.o(.text)
    __aeabi_memcpy                           0x00001655   Thumb Code    36  memcpya.o(.text)
    __aeabi_memcpy4                          0x00001655   Thumb Code     0  memcpya.o(.text)
    __aeabi_memcpy8                          0x00001655   Thumb Code     0  memcpya.o(.text)
    __scatterload                            0x00001679   Thumb Code    38  init.o(.text)
    __scatterload_rt2                        0x00001679   Thumb Code     0  init.o(.text)
    CalibParaSWC_GetSpeedThreshold           0x000016a9   Thumb Code    24  calibparaswc.o(.text.CalibParaSWC_GetSpeedThreshold)
    CalibParaSWC_Init                        0x000016c1   Thumb Code    16  calibparaswc.o(.text.CalibParaSWC_Init)
    CanDrv_Receive                           0x000016d1   Thumb Code   160  can.o(.text.CanDrv_Receive)
    CanIf_ReceiveSpeed                       0x00001771   Thumb Code    16  canif.o(.text.CanIf_ReceiveSpeed)
    Com_HAL_ReceiveSpeed                     0x00001781   Thumb Code   138  comhwabstraction.o(.text.Com_HAL_ReceiveSpeed)
    Dem_ClearDTC                             0x0000180d   Thumb Code   198  dem.o(.text.Dem_ClearDTC)
    Dem_ReportErrorStatus                    0x000018d5   Thumb Code   298  dem.o(.text.Dem_ReportErrorStatus)
    ErrorHook                                0x00001a11   Thumb Code    10  hook.o(.text.ErrorHook)
    FI_ValveCDD_GetState                     0x00001a1d   Thumb Code    24  fi_valvecdd.o(.text.FI_ValveCDD_GetState)
    FI_ValveCDD_SetState                     0x00001a35   Thumb Code    62  fi_valvecdd.o(.text.FI_ValveCDD_SetState)
    FlashDrv_Write                           0x00001a75   Thumb Code    68  flash_driver.o(.text.FlashDrv_Write)
    MemIf_Write                              0x00001ab9   Thumb Code    92  memif.o(.text.MemIf_Write)
    NvM_WriteDTC                             0x00001b15   Thumb Code    44  nvm.o(.text.NvM_WriteDTC)
    OsCnt_GetSystemCounter                   0x00001b41   Thumb Code    12  counter.o(.text.OsCnt_GetSystemCounter)
    OsCnt_IncrSystemCounter                  0x00001b4d   Thumb Code    16  counter.o(.text.OsCnt_IncrSystemCounter)
    OsTask_CalibPara_Task                    0x00001b5d   Thumb Code   100  osekosecu2.o(.text.OsTask_CalibPara_Task)
    OsTask_FIControl_Task                    0x00001bc1   Thumb Code   158  osekosecu2.o(.text.OsTask_FIControl_Task)
    OsTask_Injector_Control_Task             0x00001c61   Thumb Code   344  osekosecu2.o(.text.OsTask_Injector_Control_Task)
    OsTask_NVM_Logging_Task                  0x00001db9   Thumb Code   120  osekosecu2.o(.text.OsTask_NVM_Logging_Task)
    PostTaskHook                             0x00001e31   Thumb Code     2  hook.o(.text.PostTaskHook)
    PreTaskHook                              0x00001e35   Thumb Code     2  hook.o(.text.PreTaskHook)
    R_FIControlSWC_CheckAndReportError       0x00001e39   Thumb Code    62  ficontrolswc.o(.text.R_FIControlSWC_CheckAndReportError)
    R_FIControlSWC_CompareSpeedAndThreshold  0x00001e79   Thumb Code    52  ficontrolswc.o(.text.R_FIControlSWC_CompareSpeedAndThreshold)
    R_FIControlSWC_ControlFIValve            0x00001ead   Thumb Code   108  ficontrolswc.o(.text.R_FIControlSWC_ControlFIValve)
    R_FIControlSWC_ReadCANData               0x00001f19   Thumb Code    68  ficontrolswc.o(.text.R_FIControlSWC_ReadCANData)
    R_FIControlSWC_ReadCalibData             0x00001f5d   Thumb Code    68  ficontrolswc.o(.text.R_FIControlSWC_ReadCalibData)
    R_FIControlSWC_SendErrorToNVBlockSWC     0x00001fa1   Thumb Code    54  ficontrolswc.o(.text.R_FIControlSWC_SendErrorToNVBlockSWC)
    R_NVBlockSWC_ReceiveDTC                  0x00001fd9   Thumb Code    48  nvblockswc.o(.text.R_NVBlockSWC_ReceiveDTC)
    R_NVBlockSWC_StoreDTCToNVM               0x00002009   Thumb Code    76  nvblockswc.o(.text.R_NVBlockSWC_StoreDTCToNVM)
    Rte_Call_CalibPara_InitThreshold         0x00002055   Thumb Code     8  rte_calibpara.o(.text.Rte_Call_CalibPara_InitThreshold)
    Rte_Call_Dem_ReportErrorStatus           0x0000205d   Thumb Code    56  rte_dem.o(.text.Rte_Call_Dem_ReportErrorStatus)
    Rte_Call_FIControlSWC_CheckAndReportError 0x00002095   Thumb Code    20  rte_ficontrol.o(.text.Rte_Call_FIControlSWC_CheckAndReportError)
    Rte_Call_FIControlSWC_CompareSpeedAndThreshold 0x000020a9   Thumb Code     8  rte_ficontrol.o(.text.Rte_Call_FIControlSWC_CompareSpeedAndThreshold)
    Rte_Call_FIControlSWC_ControlFIValve     0x000020b1   Thumb Code    20  rte_ficontrol.o(.text.Rte_Call_FIControlSWC_ControlFIValve)
    Rte_Call_FIControlSWC_ReadCANData        0x000020c5   Thumb Code     8  rte_ficontrol.o(.text.Rte_Call_FIControlSWC_ReadCANData)
    Rte_Call_FIControlSWC_ReadCalibData      0x000020cd   Thumb Code     8  rte_ficontrol.o(.text.Rte_Call_FIControlSWC_ReadCalibData)
    Rte_Call_FIControlSWC_SendErrorToNVBlockSWC 0x000020d5   Thumb Code    20  rte_ficontrol.o(.text.Rte_Call_FIControlSWC_SendErrorToNVBlockSWC)
    Rte_Call_NVBlockSWC_StoreDTCToNVM        0x000020e9   Thumb Code     8  rte_nvm.o(.text.Rte_Call_NVBlockSWC_StoreDTCToNVM)
    Rte_Read_CANMessage                      0x000020f1   Thumb Code    16  rte_can.o(.text.Rte_Read_CANMessage)
    Rte_Read_CalibPara_SpeedThreshold        0x00002101   Thumb Code    16  rte_calibpara.o(.text.Rte_Read_CalibPara_SpeedThreshold)
    Rte_Read_FIValve_State                   0x00002111   Thumb Code    16  rte_ficontrol.o(.text.Rte_Read_FIValve_State)
    Rte_Write_FIValve_State                  0x00002121   Thumb Code    20  rte_ficontrol.o(.text.Rte_Write_FIValve_State)
    Rte_Write_NVDATA_DTC                     0x00002135   Thumb Code    20  rte_nvm.o(.text.Rte_Write_NVDATA_DTC)
    Rte_Write_NvmInterface_WriteDTC          0x00002149   Thumb Code    20  rte_nvm.o(.text.Rte_Write_NvmInterface_WriteDTC)
    StackOverFlowHook                        0x0000215d   Thumb Code     2  hook.o(.text.StackOverFlowHook)
    StartupHook                              0x00002161   Thumb Code     2  hook.o(.text.StartupHook)
    SysTick_Init                             0x00002165   Thumb Code    78  counter.o(.text.SysTick_Init)
    SystemInit                               0x000021b5   Thumb Code     2  osekosecu2.o(.text.SystemInit)
    main                                     0x000021b9   Thumb Code    16  osekosecu2.o(.text.main)
    __scatterload_copy                       0x000021c9   Thumb Code    14  handlers.o(i.__scatterload_copy)
    __scatterload_null                       0x000021d7   Thumb Code     2  handlers.o(i.__scatterload_null)
    __scatterload_zeroinit                   0x000021d9   Thumb Code    14  handlers.o(i.__scatterload_zeroinit)
    OsCfg_ALL_STACK_SIZE                     0x000021e6   Data           2  oscfg.o(.rodata.OsCfg_ALL_STACK_SIZE)
    OsCfg_MAX_NUM_OF_ALARMS                  0x000021e8   Data           1  oscfg.o(.rodata.OsCfg_MAX_NUM_OF_ALARMS)
    OsCfg_MAX_NUM_OF_RESOURCES               0x000021e9   Data           1  oscfg.o(.rodata.OsCfg_MAX_NUM_OF_RESOURCES)
    OsCfg_MAX_NUM_OF_TASKS                   0x000021ea   Data           1  oscfg.o(.rodata.OsCfg_MAX_NUM_OF_TASKS)
    OsCfg_ResourceCeilPri                    0x000021eb   Data           1  oscfg.o(.rodata.OsCfg_ResourceCeilPri)
    OsCfg_ResourceTaskAuthorized             0x000021ec   Data           1  oscfg.o(.rodata.OsCfg_ResourceTaskAuthorized)
    OsCfg_SYSTEM_TICK_IN_MS                  0x000021f0   Data           4  oscfg.o(.rodata.OsCfg_SYSTEM_TICK_IN_MS)
    OsCfg_StackSize                          0x000021f4   Data          16  oscfg.o(.rodata.OsCfg_StackSize)
    OsCfg_USE_ERROR_HOOK                     0x00002204   Data           1  oscfg.o(.rodata.OsCfg_USE_ERROR_HOOK)
    OsCfg_USE_POSTTASK_HOOK                  0x00002205   Data           1  oscfg.o(.rodata.OsCfg_USE_POSTTASK_HOOK)
    OsCfg_USE_PRETASK_HOOK                   0x00002206   Data           1  oscfg.o(.rodata.OsCfg_USE_PRETASK_HOOK)
    OsCfg_USE_STACK_OVER_FLOW_HOOK           0x00002207   Data           1  oscfg.o(.rodata.OsCfg_USE_STACK_OVER_FLOW_HOOK)
    OsCfg_USE_STARTUP_HOOK                   0x00002208   Data           1  oscfg.o(.rodata.OsCfg_USE_STARTUP_HOOK)
    Region$$Table$$Base                      0x0000220c   Number         0  anon$$obj.o(Region$$Table)
    Region$$Table$$Limit                     0x0000222c   Number         0  anon$$obj.o(Region$$Table)
    Current_TCB_Ref                          0x20000010   Data           4  tcbprocessor.o(.data)
    Check_Control_Injector                   0x2000001c   Data           1  osekosecu2.o(.data.Check_Control_Injector)
    MainCounter                              0x20000020   Data          12  oscfg.o(.data.MainCounter)
    OsCfg_Alarms                             0x2000002c   Data          24  oscfg.o(.data.OsCfg_Alarms)
    OsCfg_TCBs                               0x20000044   Data         140  oscfg.o(.data.OsCfg_TCBs)
    CalibParaTask_Running                    0x200000d0   Data           1  osekosecu2.o(.bss.CalibParaTask_Running)
    Check_Dem_Send                           0x200000d2   Data           1  osekosecu2.o(.bss.Check_Dem_Send)
    Check_Nvm_Stored                         0x200000d3   Data           1  osekosecu2.o(.bss.Check_Nvm_Stored)
    Check_Param_Init                         0x200000d4   Data           1  osekosecu2.o(.bss.Check_Param_Init)
    Check_Param_Read                         0x200000d5   Data           1  osekosecu2.o(.bss.Check_Param_Read)
    Check_Read_Speed                         0x200000d6   Data           1  osekosecu2.o(.bss.Check_Read_Speed)
    Check_Send_DTC                           0x200000d7   Data           1  osekosecu2.o(.bss.Check_Send_DTC)
    Check_Speed_Over                         0x200000d8   Data           1  osekosecu2.o(.bss.Check_Speed_Over)
    FIControlTask_Running                    0x200000d9   Data           1  osekosecu2.o(.bss.FIControlTask_Running)
    InjectorControlTask_Running              0x200001db   Data           1  osekosecu2.o(.bss.InjectorControlTask_Running)
    NVMLoggingTask_Running                   0x200001dd   Data           1  osekosecu2.o(.bss.NVMLoggingTask_Running)
    OsCfg_Stack                              0x200001e4   Data        8256  oscfg.o(.bss.OsCfg_Stack)
    RCB                                      0x20002228   Data           2  oscfg.o(.bss.RCB)
    SVCCnxt_ErrCodes                         0x2000222a   Data           4  oscfg.o(.bss.SVCCnxt_ErrCodes)
    SVCCnxt_ResMgrCnxt                       0x2000222e   Data           1  oscfg.o(.bss.SVCCnxt_ResMgrCnxt)
    SpeedThreshold                           0x20002232   Data           2  ficontrolswc.o(.bss.SpeedThreshold)
    VehicleSpeed                             0x20002236   Data           2  ficontrolswc.o(.bss.VehicleSpeed)
    read_speed_simulation                    0x2000223c   Data           2  ficontrolswc.o(.bss.read_speed_simulation)
    read_threshold_simulation                0x2000223e   Data           2  ficontrolswc.o(.bss.read_threshold_simulation)
    speedCan                                 0x20002240   Data           8  can.o(.bss.speedCan)
    __initial_sp                             0x20002468   Data           0  keiluvisoin_startup.o(STACK)



==============================================================================

Memory Map of the image

  Image Entry point : 0x00000281

  Load Region LR_1 (Base: 0x00000000, Size: 0x000022fc, Max: 0xffffffff, ABSOLUTE)

    Execution Region ER_RO (Exec base: 0x00000000, Load base: 0x00000000, Size: 0x0000222c, Max: 0xffffffff, ABSOLUTE)

    Exec Addr    Load Addr    Size         Type   Attr      Idx    E Section Name        Object

    0x00000000   0x00000000   0x0000026c   Data   RO          194    RESET               keiluvisoin_startup.o
    0x0000026c   0x0000026c   0x00000000   Code   RO          499  * .ARM.Collect$$$$00000000  mc_w.l(entry.o)
    0x0000026c   0x0000026c   0x00000004   Code   RO          511    .ARM.Collect$$$$00000001  mc_w.l(entry2.o)
    0x00000270   0x00000270   0x00000004   Code   RO          514    .ARM.Collect$$$$00000004  mc_w.l(entry5.o)
    0x00000274   0x00000274   0x00000000   Code   RO          516    .ARM.Collect$$$$00000008  mc_w.l(entry7b.o)
    0x00000274   0x00000274   0x00000000   Code   RO          518    .ARM.Collect$$$$0000000A  mc_w.l(entry8b.o)
    0x00000274   0x00000274   0x00000008   Code   RO          519    .ARM.Collect$$$$0000000B  mc_w.l(entry9a.o)
    0x0000027c   0x0000027c   0x00000000   Code   RO          521    .ARM.Collect$$$$0000000D  mc_w.l(entry10a.o)
    0x0000027c   0x0000027c   0x00000000   Code   RO          523    .ARM.Collect$$$$0000000F  mc_w.l(entry11a.o)
    0x0000027c   0x0000027c   0x00000004   Code   RO          512    .ARM.Collect$$$$00002712  mc_w.l(entry2.o)
    0x00000280   0x00000280   0x000000fc   Code   RO          195  * .text               keiluvisoin_startup.o
    0x0000037c   0x0000037c   0x000003e0   Code   RO          336    .text               OsekLib.lib(alarm.o)
    0x0000075c   0x0000075c   0x00000066   Code   RO          381    .text               OsekLib.lib(event.o)
    0x000007c2   0x000007c2   0x00000002   PAD
    0x000007c4   0x000007c4   0x0000016c   Code   RO          399    .text               OsekLib.lib(task.o)
    0x00000930   0x00000930   0x0000005a   Code   RO          426    .text               OsekLib.lib(port.o)
    0x0000098a   0x0000098a   0x00000002   PAD
    0x0000098c   0x0000098c   0x0000005c   Code   RO          429    .text               OsekLib.lib(errmgr.o)
    0x000009e8   0x000009e8   0x0000011c   Code   RO          443    .text               OsekLib.lib(rcbprocessor.o)
    0x00000b04   0x00000b04   0x00000058   Code   RO          455    .text               OsekLib.lib(svccontext.o)
    0x00000b5c   0x00000b5c   0x00000a3c   Code   RO          469    .text               OsekLib.lib(tcbprocessor.o)
    0x00001598   0x00001598   0x00000098   Code   RO          484    .text               OsekLib.lib(portable.o)
    0x00001630   0x00001630   0x00000024   Code   RO          502    .text               mc_w.l(rand.o)
    0x00001654   0x00001654   0x00000024   Code   RO          505    .text               mc_w.l(memcpya.o)
    0x00001678   0x00001678   0x00000030   Code   RO          525    .text               mc_w.l(init.o)
    0x000016a8   0x000016a8   0x00000018   Code   RO            4    .text.CalibParaSWC_GetSpeedThreshold  calibparaswc.o
    0x000016c0   0x000016c0   0x00000010   Code   RO            2    .text.CalibParaSWC_Init  calibparaswc.o
    0x000016d0   0x000016d0   0x000000a0   Code   RO          299    .text.CanDrv_Receive  can.o
    0x00001770   0x00001770   0x00000010   Code   RO          116    .text.CanIf_ReceiveSpeed  canif.o
    0x00001780   0x00001780   0x0000008a   Code   RO          165    .text.Com_HAL_ReceiveSpeed  comhwabstraction.o
    0x0000180a   0x0000180a   0x00000002   PAD
    0x0000180c   0x0000180c   0x000000c6   Code   RO          126    .text.Dem_ClearDTC  dem.o
    0x000018d2   0x000018d2   0x00000002   PAD
    0x000018d4   0x000018d4   0x0000012a   Code   RO          124    .text.Dem_ReportErrorStatus  dem.o
    0x000019fe   0x000019fe   0x00000002   PAD
    0x00001a00   0x00001a00   0x0000000e   Code   RO          178    .text.Eep_Write     memif.o
    0x00001a0e   0x00001a0e   0x00000002   PAD
    0x00001a10   0x00001a10   0x0000000a   Code   RO          216    .text.ErrorHook     hook.o
    0x00001a1a   0x00001a1a   0x00000002   PAD
    0x00001a1c   0x00001a1c   0x00000018   Code   RO          327    .text.FI_ValveCDD_GetState  fi_valvecdd.o
    0x00001a34   0x00001a34   0x0000003e   Code   RO          325    .text.FI_ValveCDD_SetState  fi_valvecdd.o
    0x00001a72   0x00001a72   0x00000002   PAD
    0x00001a74   0x00001a74   0x00000044   Code   RO          311    .text.FlashDrv_Write  flash_driver.o
    0x00001ab8   0x00001ab8   0x0000005c   Code   RO          176    .text.MemIf_Write   memif.o
    0x00001b14   0x00001b14   0x0000002c   Code   RO          148    .text.NvM_WriteDTC  nvm.o
    0x00001b40   0x00001b40   0x0000000c   Code   RO          206    .text.OsCnt_GetSystemCounter  counter.o
    0x00001b4c   0x00001b4c   0x00000010   Code   RO          204    .text.OsCnt_IncrSystemCounter  counter.o
    0x00001b5c   0x00001b5c   0x00000064   Code   RO          265    .text.OsTask_CalibPara_Task  osekosecu2.o
    0x00001bc0   0x00001bc0   0x0000009e   Code   RO          267    .text.OsTask_FIControl_Task  osekosecu2.o
    0x00001c5e   0x00001c5e   0x00000002   PAD
    0x00001c60   0x00001c60   0x00000158   Code   RO          269    .text.OsTask_Injector_Control_Task  osekosecu2.o
    0x00001db8   0x00001db8   0x00000078   Code   RO          271    .text.OsTask_NVM_Logging_Task  osekosecu2.o
    0x00001e30   0x00001e30   0x00000002   Code   RO          222    .text.PostTaskHook  hook.o
    0x00001e32   0x00001e32   0x00000002   PAD
    0x00001e34   0x00001e34   0x00000002   Code   RO          220    .text.PreTaskHook   hook.o
    0x00001e36   0x00001e36   0x00000002   PAD
    0x00001e38   0x00001e38   0x0000003e   Code   RO           22    .text.R_FIControlSWC_CheckAndReportError  ficontrolswc.o
    0x00001e76   0x00001e76   0x00000002   PAD
    0x00001e78   0x00001e78   0x00000034   Code   RO           18    .text.R_FIControlSWC_CompareSpeedAndThreshold  ficontrolswc.o
    0x00001eac   0x00001eac   0x0000006c   Code   RO           20    .text.R_FIControlSWC_ControlFIValve  ficontrolswc.o
    0x00001f18   0x00001f18   0x00000044   Code   RO           16    .text.R_FIControlSWC_ReadCANData  ficontrolswc.o
    0x00001f5c   0x00001f5c   0x00000044   Code   RO           14    .text.R_FIControlSWC_ReadCalibData  ficontrolswc.o
    0x00001fa0   0x00001fa0   0x00000036   Code   RO           24    .text.R_FIControlSWC_SendErrorToNVBlockSWC  ficontrolswc.o
    0x00001fd6   0x00001fd6   0x00000002   PAD
    0x00001fd8   0x00001fd8   0x00000030   Code   RO           38    .text.R_NVBlockSWC_ReceiveDTC  nvblockswc.o
    0x00002008   0x00002008   0x0000004c   Code   RO           40    .text.R_NVBlockSWC_StoreDTCToNVM  nvblockswc.o
    0x00002054   0x00002054   0x00000008   Code   RO           50    .text.Rte_Call_CalibPara_InitThreshold  rte_calibpara.o
    0x0000205c   0x0000205c   0x00000038   Code   RO           92    .text.Rte_Call_Dem_ReportErrorStatus  rte_dem.o
    0x00002094   0x00002094   0x00000014   Code   RO           73    .text.Rte_Call_FIControlSWC_CheckAndReportError  rte_ficontrol.o
    0x000020a8   0x000020a8   0x00000008   Code   RO           69    .text.Rte_Call_FIControlSWC_CompareSpeedAndThreshold  rte_ficontrol.o
    0x000020b0   0x000020b0   0x00000014   Code   RO           71    .text.Rte_Call_FIControlSWC_ControlFIValve  rte_ficontrol.o
    0x000020c4   0x000020c4   0x00000008   Code   RO           67    .text.Rte_Call_FIControlSWC_ReadCANData  rte_ficontrol.o
    0x000020cc   0x000020cc   0x00000008   Code   RO           65    .text.Rte_Call_FIControlSWC_ReadCalibData  rte_ficontrol.o
    0x000020d4   0x000020d4   0x00000014   Code   RO           75    .text.Rte_Call_FIControlSWC_SendErrorToNVBlockSWC  rte_ficontrol.o
    0x000020e8   0x000020e8   0x00000008   Code   RO          107    .text.Rte_Call_NVBlockSWC_StoreDTCToNVM  rte_nvm.o
    0x000020f0   0x000020f0   0x00000010   Code   RO           84    .text.Rte_Read_CANMessage  rte_can.o
    0x00002100   0x00002100   0x00000010   Code   RO           52    .text.Rte_Read_CalibPara_SpeedThreshold  rte_calibpara.o
    0x00002110   0x00002110   0x00000010   Code   RO           63    .text.Rte_Read_FIValve_State  rte_ficontrol.o
    0x00002120   0x00002120   0x00000014   Code   RO           61    .text.Rte_Write_FIValve_State  rte_ficontrol.o
    0x00002134   0x00002134   0x00000014   Code   RO          105    .text.Rte_Write_NVDATA_DTC  rte_nvm.o
    0x00002148   0x00002148   0x00000014   Code   RO          103    .text.Rte_Write_NvmInterface_WriteDTC  rte_nvm.o
    0x0000215c   0x0000215c   0x00000002   Code   RO          224    .text.StackOverFlowHook  hook.o
    0x0000215e   0x0000215e   0x00000002   PAD
    0x00002160   0x00002160   0x00000002   Code   RO          218    .text.StartupHook   hook.o
    0x00002162   0x00002162   0x00000002   PAD
    0x00002164   0x00002164   0x0000004e   Code   RO          202    .text.SysTick_Init  counter.o
    0x000021b2   0x000021b2   0x00000002   PAD
    0x000021b4   0x000021b4   0x00000002   Code   RO          261    .text.SystemInit    osekosecu2.o
    0x000021b6   0x000021b6   0x00000002   PAD
    0x000021b8   0x000021b8   0x00000010   Code   RO          263    .text.main          osekosecu2.o
    0x000021c8   0x000021c8   0x0000000e   Code   RO          529    i.__scatterload_copy  mc_w.l(handlers.o)
    0x000021d6   0x000021d6   0x00000002   Code   RO          530    i.__scatterload_null  mc_w.l(handlers.o)
    0x000021d8   0x000021d8   0x0000000e   Code   RO          531    i.__scatterload_zeroinit  mc_w.l(handlers.o)
    0x000021e6   0x000021e6   0x00000002   Data   RO          236    .rodata.OsCfg_ALL_STACK_SIZE  oscfg.o
    0x000021e8   0x000021e8   0x00000001   Data   RO          234    .rodata.OsCfg_MAX_NUM_OF_ALARMS  oscfg.o
    0x000021e9   0x000021e9   0x00000001   Data   RO          235    .rodata.OsCfg_MAX_NUM_OF_RESOURCES  oscfg.o
    0x000021ea   0x000021ea   0x00000001   Data   RO          233    .rodata.OsCfg_MAX_NUM_OF_TASKS  oscfg.o
    0x000021eb   0x000021eb   0x00000001   Data   RO          253    .rodata.OsCfg_ResourceCeilPri  oscfg.o
    0x000021ec   0x000021ec   0x00000001   Data   RO          252    .rodata.OsCfg_ResourceTaskAuthorized  oscfg.o
    0x000021ed   0x000021ed   0x00000003   PAD
    0x000021f0   0x000021f0   0x00000004   Data   RO          244    .rodata.OsCfg_SYSTEM_TICK_IN_MS  oscfg.o
    0x000021f4   0x000021f4   0x00000010   Data   RO          247    .rodata.OsCfg_StackSize  oscfg.o
    0x00002204   0x00002204   0x00000001   Data   RO          237    .rodata.OsCfg_USE_ERROR_HOOK  oscfg.o
    0x00002205   0x00002205   0x00000001   Data   RO          239    .rodata.OsCfg_USE_POSTTASK_HOOK  oscfg.o
    0x00002206   0x00002206   0x00000001   Data   RO          238    .rodata.OsCfg_USE_PRETASK_HOOK  oscfg.o
    0x00002207   0x00002207   0x00000001   Data   RO          241    .rodata.OsCfg_USE_STACK_OVER_FLOW_HOOK  oscfg.o
    0x00002208   0x00002208   0x00000001   Data   RO          240    .rodata.OsCfg_USE_STARTUP_HOOK  oscfg.o
    0x00002209   0x00002209   0x00000003   PAD
    0x0000220c   0x0000220c   0x00000020   Data   RO          528    Region$$Table       anon$$obj.o


    Execution Region ER_RW (Exec base: 0x20000000, Load base: 0x0000222c, Size: 0x000000d0, Max: 0xffffffff, ABSOLUTE)

    Exec Addr    Load Addr    Size         Type   Attr      Idx    E Section Name        Object

    0x20000000   0x0000222c   0x0000000c   Data   RW          430    .data               OsekLib.lib(errmgr.o)
    0x2000000c   0x00002238   0x00000003   Data   RW          456    .data               OsekLib.lib(svccontext.o)
    0x2000000f   0x0000223b   0x00000001   PAD
    0x20000010   0x0000223c   0x00000006   Data   RW          470    .data               OsekLib.lib(tcbprocessor.o)
    0x20000016   0x00002242   0x00000002   PAD
    0x20000018   0x00002244   0x00000004   Data   RW          503    .data               mc_w.l(rand.o)
    0x2000001c   0x00002248   0x00000001   Data   RW          281    .data.Check_Control_Injector  osekosecu2.o
    0x2000001d   0x00002249   0x00000003   PAD
    0x20000020   0x0000224c   0x0000000c   Data   RW          249    .data.MainCounter   oscfg.o
    0x2000002c   0x00002258   0x00000018   Data   RW          250    .data.OsCfg_Alarms  oscfg.o
    0x20000044   0x00002270   0x0000008c   Data   RW          246    .data.OsCfg_TCBs    oscfg.o


    Execution Region ER_ZI (Exec base: 0x200000d0, Load base: 0x000022fc, Size: 0x00002398, Max: 0xffffffff, ABSOLUTE)

    Exec Addr    Load Addr    Size         Type   Attr      Idx    E Section Name        Object

    0x200000d0        -       0x00000001   Zero   RW          274    .bss.CalibParaTask_Running  osekosecu2.o
    0x200000d1        -       0x00000001   Zero   RW          285    .bss.CalibPara_Toggle  osekosecu2.o
    0x200000d2        -       0x00000001   Zero   RW          282    .bss.Check_Dem_Send  osekosecu2.o
    0x200000d3        -       0x00000001   Zero   RW          284    .bss.Check_Nvm_Stored  osekosecu2.o
    0x200000d4        -       0x00000001   Zero   RW          277    .bss.Check_Param_Init  osekosecu2.o
    0x200000d5        -       0x00000001   Zero   RW          278    .bss.Check_Param_Read  osekosecu2.o
    0x200000d6        -       0x00000001   Zero   RW          279    .bss.Check_Read_Speed  osekosecu2.o
    0x200000d7        -       0x00000001   Zero   RW          283    .bss.Check_Send_DTC  osekosecu2.o
    0x200000d8        -       0x00000001   Zero   RW          280    .bss.Check_Speed_Over  osekosecu2.o
    0x200000d9        -       0x00000001   Zero   RW          273    .bss.FIControlTask_Running  osekosecu2.o
    0x200000da        -       0x00000001   Zero   RW          286    .bss.FIControl_Toggle  osekosecu2.o
    0x200000db        -       0x00000100   Zero   RW          315    .bss.FlashMemory    flash_driver.o
    0x200001db        -       0x00000001   Zero   RW          275    .bss.InjectorControlTask_Running  osekosecu2.o
    0x200001dc        -       0x00000001   Zero   RW          287    .bss.InjectorControl_Toggle  osekosecu2.o
    0x200001dd        -       0x00000001   Zero   RW          276    .bss.NVMLoggingTask_Running  osekosecu2.o
    0x200001de        -       0x00000002   Zero   RW          155    .bss.NVM_STORAGE_DTC  nvm.o
    0x200001e0        -       0x00000001   Zero   RW          288    .bss.NvmLogging_Toggle  osekosecu2.o
    0x200001e1   0x000022fc   0x00000003   PAD
    0x200001e4        -       0x00002040   Zero   RW          248    .bss.OsCfg_Stack    oscfg.o
    0x20002224        -       0x00000004   Zero   RW          208    .bss.OsCnt_SystemCounter  counter.o
    0x20002228        -       0x00000002   Zero   RW          255    .bss.RCB            oscfg.o
    0x2000222a        -       0x00000004   Zero   RW          251    .bss.SVCCnxt_ErrCodes  oscfg.o
    0x2000222e        -       0x00000001   Zero   RW          254    .bss.SVCCnxt_ResMgrCnxt  oscfg.o
    0x2000222f   0x000022fc   0x00000001   PAD
    0x20002230        -       0x00000002   Zero   RW            6    .bss.SpeedThreshold  calibparaswc.o
    0x20002232        -       0x00000002   Zero   RW           26    .bss.SpeedThreshold  ficontrolswc.o
    0x20002234        -       0x00000001   Zero   RW          329    .bss.ValveState     fi_valvecdd.o
    0x20002235   0x000022fc   0x00000001   PAD
    0x20002236        -       0x00000002   Zero   RW           27    .bss.VehicleSpeed   ficontrolswc.o
    0x20002238        -       0x00000002   Zero   RW           30    .bss.detectedDTC    ficontrolswc.o
    0x2000223a        -       0x00000001   Zero   RW          132    .bss.dtcCount       dem.o
    0x2000223b   0x000022fc   0x00000001   PAD
    0x2000223c        -       0x00000002   Zero   RW           29    .bss.read_speed_simulation  ficontrolswc.o
    0x2000223e        -       0x00000002   Zero   RW           28    .bss.read_threshold_simulation  ficontrolswc.o
    0x20002240        -       0x00000008   Zero   RW          301    .bss.speedCan       can.o
    0x20002248        -       0x00000002   Zero   RW           42    .bss.storedDTC      nvblockswc.o
    0x2000224a        -       0x00000014   Zero   RW          133    .bss.storedDTCs     dem.o
    0x2000225e        -       0x0000000a   Zero   RW          134    .bss.storedStatus   dem.o
    0x20002268        -       0x00000200   Zero   RW          192    STACK               keiluvisoin_startup.o


==============================================================================

Image component sizes


      Code (inc. data)   RO Data    RW Data    ZI Data      Debug   Object Name

        40          0          0          0          2        964   calibparaswc.o
       160          0          0          0          8       1256   can.o
        16          0          0          0          0        766   canif.o
       138          0          0          0          0       1274   comhwabstraction.o
       106          0          0          0          4        859   counter.o
       496          0          0          0         31       2129   dem.o
        86          0          0          0          1       1017   fi_valvecdd.o
       412          0          0          0         10       2166   ficontrolswc.o
        68          0          0          0        256       1286   flash_driver.o
        18          0          0          0          0       1031   hook.o
       252         10        620          0        512       5492   keiluvisoin_startup.o
       106          0          0          0          0       1884   memif.o
       124          0          0          0          2       1051   nvblockswc.o
        44          0          0          0          2       1911   nvm.o
         0          0         32        176       8263       3071   oscfg.o
       740          0          0          1         15       2605   osekosecu2.o
        24          0          0          0          0        920   rte_calibpara.o
        16          0          0          0          0        741   rte_can.o
        56          0          0          0          0       1138   rte_dem.o
       120          0          0          0          0       1685   rte_ficontrol.o
        48          0          0          0          0       1006   rte_nvm.o

    ----------------------------------------------------------------------
      3100         10        690        180       9112      34252   Object Totals
         0          0         32          0          0          0   (incl. Generated)
        30          0          6          3          6          0   (incl. Padding)

    ----------------------------------------------------------------------

      Code (inc. data)   RO Data    RW Data    ZI Data      Debug   Library Member Name

       992         20          0          0          0      14592   alarm.o
        92         22          0         12          0       2466   errmgr.o
       102          0          0          0          0       1477   event.o
        90          0          0          0          0        256   port.o
       152          6          0          0          0       1706   portable.o
       284         20          0          0          0        864   rcbprocessor.o
        88         18          0          3          0       2614   svccontext.o
       364         26          0          0          0       2647   task.o
      2620        112          0          6          0      10800   tcbprocessor.o
         0          0          0          0          0          0   entry.o
         0          0          0          0          0          0   entry10a.o
         0          0          0          0          0          0   entry11a.o
         8          4          0          0          0          0   entry2.o
         4          0          0          0          0          0   entry5.o
         0          0          0          0          0          0   entry7b.o
         0          0          0          0          0          0   entry8b.o
         8          4          0          0          0          0   entry9a.o
        30          0          0          0          0          0   handlers.o
        48         10          0          0          0         68   init.o
        36          0          0          0          0         68   memcpya.o
        36         10          0          4          0        136   rand.o

    ----------------------------------------------------------------------
      4958        252          0         28          0      37694   Library Totals
         4          0          0          3          0          0   (incl. Padding)

    ----------------------------------------------------------------------

      Code (inc. data)   RO Data    RW Data    ZI Data      Debug   Library Name

      4784        224          0         21          0      37422   OsekLib.lib
       170         28          0          4          0        272   mc_w.l

    ----------------------------------------------------------------------
      4958        252          0         28          0      37694   Library Totals

    ----------------------------------------------------------------------

==============================================================================


      Code (inc. data)   RO Data    RW Data    ZI Data      Debug   

      8058        262        690        208       9112      71114   Grand Totals
      8058        262        690        208       9112      71114   ELF Image Totals
      8058        262        690        208          0          0   ROM Totals

==============================================================================

    Total RO  Size (Code + RO Data)                 8748 (   8.54kB)
    Total RW  Size (RW Data + ZI Data)              9320 (   9.10kB)
    Total ROM Size (Code + RO Data + RW Data)       8956 (   8.75kB)

==============================================================================

