Component: Arm Compiler for Embedded 6.22 Tool: armlink [5ee90200]

==============================================================================

Section Cross References

    speedsensorswc.o(.text) refers to puts.o(i.puts) for puts
    speedsensorswc.o(.text) refers to speedsensorswc.o(.bss.detectedDTC) for detectedDTC
    speedsensorswc.o(.text) refers to rte_dem.o(.text) for Rte_Call_Dem_ReportErrorStatus
    speedsensorswc.o(.text) refers to rte_speedsensor.o(.text) for Rte_Read_RP_SpeedData_ReceiveSpeed
    speedsensorswc.o(.ARM.exidx) refers to speedsensorswc.o(.text) for [Anonymous Symbol]
    rte_can.o(.text) refers to can.o(.text) for Can_Services_SendSpeed
    rte_can.o(.ARM.exidx) refers to rte_can.o(.text) for [Anonymous Symbol]
    rte_dem.o(.text) refers to dem.o(.text) for Dem_ReportErrorStatus
    rte_dem.o(.text) refers to nvm.o(.text) for Nvm_Write
    rte_dem.o(.ARM.exidx) refers to rte_dem.o(.text) for [Anonymous Symbol]
    rte_speedsensor.o(.text) refers to iohwab_speedsensor.o(.text) for IoHwAb_SpeedSensor_GetSpeed
    rte_speedsensor.o(.text) refers to speedsensorswc.o(.text) for R_ReadSpeed
    rte_speedsensor.o(.ARM.exidx) refers to rte_speedsensor.o(.text) for [Anonymous Symbol]
    can.o(.text) refers to comhwabstraction.o(.text) for Com_HAL_SendSpeed
    can.o(.ARM.exidx) refers to can.o(.text) for [Anonymous Symbol]
    dem.o(.text) refers to dem.o(.bss.dtcCount) for dtcCount
    dem.o(.text) refers to dem.o(.bss.storedStatus) for storedStatus
    dem.o(.text) refers to dem.o(.bss.storedDTCs) for storedDTCs
    dem.o(.text) refers to memcpya.o(.text) for __aeabi_memcpy
    dem.o(.ARM.exidx) refers to dem.o(.text) for [Anonymous Symbol]
    nvm.o(.text) refers to memif.o(.text) for MemIf_Write
    nvm.o(.text) refers to printf5.o(i.__0printf$5) for __2printf
    nvm.o(.ARM.exidx) refers to nvm.o(.text) for [Anonymous Symbol]
    comhwabstraction.o(.text) refers to puts.o(i.puts) for puts
    comhwabstraction.o(.text) refers to can_driver.o(.text) for CanDrv_Init
    comhwabstraction.o(.ARM.exidx) refers to comhwabstraction.o(.text) for [Anonymous Symbol]
    iohwab_speedsensor.o(.text) refers to icu_driver.o(.text) for Icu_GetTime
    iohwab_speedsensor.o(.text) refers to iohwab_speedsensor.o(.bss.lastTimestamp) for lastTimestamp
    iohwab_speedsensor.o(.text) refers to iohwab_speedsensor.o(.bss.pulseInterval) for pulseInterval
    iohwab_speedsensor.o(.text) refers to puts.o(i.puts) for puts
    iohwab_speedsensor.o(.text) refers to rand.o(.text) for rand
    iohwab_speedsensor.o(.ARM.exidx) refers to iohwab_speedsensor.o(.text) for [Anonymous Symbol]
    memif.o(.text) refers to puts.o(i.puts) for puts
    memif.o(.ARM.exidx) refers to memif.o(.text) for [Anonymous Symbol]
    keiluvisoin_startup.o(RESET) refers to keiluvisoin_startup.o(STACK) for __initial_sp
    keiluvisoin_startup.o(RESET) refers to keiluvisoin_startup.o(.text) for Reset_Handler
    keiluvisoin_startup.o(RESET) refers to task.o(.text) for SVC_Dispatcher
    keiluvisoin_startup.o(RESET) refers to port.o(.text) for OsPort_PendSVHandler
    keiluvisoin_startup.o(RESET) refers to alarm.o(.text) for SystemTimerHandler
    keiluvisoin_startup.o(.text) refers to osekosecu1.o(.text) for SystemInit
    keiluvisoin_startup.o(.text) refers to entry.o(.ARM.Collect$$$$00000000) for __main
    counter.o(.text) refers to oscfg.o(.rodata.OsCfg_SYSTEM_TICK_IN_MS) for OsCfg_SYSTEM_TICK_IN_MS
    counter.o(.text) refers to counter.o(.bss.OsCnt_SystemCounter) for OsCnt_SystemCounter
    counter.o(.ARM.exidx) refers to counter.o(.text) for [Anonymous Symbol]
    hook.o(.ARM.exidx) refers to hook.o(.text) for [Anonymous Symbol]
    oscfg.o(.data.OsCfg_TCBs) refers to osekosecu1.o(.text) for OsTask_NVM_Logging_Task
    oscfg.o(.data.OsCfg_TCBs) refers to task.o(.text) for OsTask_IdleMechanism
    oscfg.o(.data.OsCfg_Alarms) refers to oscfg.o(.data.MainCounter) for MainCounter
    osekosecu1.o(.text) refers to task.o(.text) for StartOS
    osekosecu1.o(.text) refers to osekosecu1.o(.bss.SensorData_Toggle) for SensorData_Toggle
    osekosecu1.o(.text) refers to osekosecu1.o(.bss.speed) for speed
    osekosecu1.o(.text) refers to rte_speedsensor.o(.text) for Rte_Call_RP_SpeedSensorSWC_ReadSpeed
    osekosecu1.o(.text) refers to osekosecu1.o(.bss.Check_Data_Read) for Check_Data_Read
    osekosecu1.o(.text) refers to event.o(.text) for SetEvent
    osekosecu1.o(.text) refers to osekosecu1.o(.bss.CanSend_Toggle) for CanSend_Toggle
    osekosecu1.o(.text) refers to rte_can.o(.text) for Rte_Write_CANMessage
    osekosecu1.o(.text) refers to osekosecu1.o(.bss.Check_Data_Send) for Check_Data_Send
    osekosecu1.o(.text) refers to osekosecu1.o(.bss.DemSend_Toggle) for DemSend_Toggle
    osekosecu1.o(.text) refers to osekosecu1.o(.bss.Check_Nvm_Stored) for Check_Nvm_Stored
    osekosecu1.o(.text) refers to osekosecu1.o(.bss.NvmLogging_Toggle) for NvmLogging_Toggle
[...]
    printfb.o(i.__0vsnprintf$bare) refers to printfb.o(i._printf_core) for _printf_core
    printfb.o(i.__0vsnprintf$bare) refers to printfb.o(i._snputc) for _snputc
    printfb.o(i.__0vsprintf$bare) refers to printfb.o(i._printf_core) for _printf_core
    printfb.o(i.__0vsprintf$bare) refers to printfb.o(i._sputc) for _sputc
    printf0.o(i.__0fprintf$0) refers to printf0.o(i._printf_core) for _printf_core
    printf0.o(i.__0fprintf$0) refers to fputc.o(i.fputc) for fputc
    printf0.o(i.__0printf$0) refers to printf0.o(i._printf_core) for _printf_core
    printf0.o(i.__0printf$0) refers to fputc.o(i.fputc) for fputc
    printf0.o(i.__0printf$0) refers to stdout.o(.data) for __stdout
    printf0.o(i.__0snprintf$0) refers to printf0.o(i._printf_core) for _printf_core
    printf0.o(i.__0snprintf$0) refers to printf0.o(i._snputc) for _snputc
    printf0.o(i.__0sprintf$0) refers to printf0.o(i._printf_core) for _printf_core
    printf0.o(i.__0sprintf$0) refers to printf0.o(i._sputc) for _sputc
    printf0.o(i.__0vfprintf$0) refers to printf0.o(i._printf_core) for _printf_core
    printf0.o(i.__0vfprintf$0) refers to fputc.o(i.fputc) for fputc
    printf0.o(i.__0vprintf$0) refers to printf0.o(i._printf_core) for _printf_core
    printf0.o(i.__0vprintf$0) refers to fputc.o(i.fputc) for fputc
    printf0.o(i.__0vprintf$0) refers to stdout.o(.data) for __stdout
    printf0.o(i.__0vsnprintf$0) refers to printf0.o(i._printf_core) for _printf_core
    printf0.o(i.__0vsnprintf$0) refers to printf0.o(i._snputc) for _snputc
    printf0.o(i.__0vsprintf$0) refers to printf0.o(i._printf_core) for _printf_core
    printf0.o(i.__0vsprintf$0) refers to printf0.o(i._sputc) for _sputc
    printf1.o(i.__0fprintf$1) refers to printf1.o(i._printf_core) for _printf_core
    printf1.o(i.__0fprintf$1) refers to fputc.o(i.fputc) for fputc
    printf1.o(i.__0printf$1) refers to printf1.o(i._printf_core) for _printf_core
    printf1.o(i.__0printf$1) refers to fputc.o(i.fputc) for fputc
    printf1.o(i.__0printf$1) refers to stdout.o(.data) for __stdout
    printf1.o(i.__0snprintf$1) refers to printf1.o(i._printf_core) for _printf_core
    printf1.o(i.__0snprintf$1) refers to printf1.o(i._snputc) for _snputc
    printf1.o(i.__0sprintf$1) refers to printf1.o(i._printf_core) for _printf_core
    printf1.o(i.__0sprintf$1) refers to printf1.o(i._sputc) for _sputc
    printf1.o(i.__0vfprintf$1) refers to printf1.o(i._printf_core) for _printf_core
    printf1.o(i.__0vfprintf$1) refers to fputc.o(i.fputc) for fputc
    printf1.o(i.__0vprintf$1) refers to printf1.o(i._printf_core) for _printf_core
    printf1.o(i.__0vprintf$1) refers to fputc.o(i.fputc) for fputc
    printf1.o(i.__0vprintf$1) refers to stdout.o(.data) for __stdout
    printf1.o(i.__0vsnprintf$1) refers to printf1.o(i._printf_core) for _printf_core
    printf1.o(i.__0vsnprintf$1) refers to printf1.o(i._snputc) for _snputc
    printf1.o(i.__0vsprintf$1) refers to printf1.o(i._printf_core) for _printf_core
    printf1.o(i.__0vsprintf$1) refers to printf1.o(i._sputc) for _sputc
    printf1.o(i._printf_core) refers to uidiv.o(.text) for __aeabi_uidivmod
    printf2.o(i.__0fprintf$2) refers to printf2.o(i._printf_core) for _printf_core
    printf2.o(i.__0fprintf$2) refers to fputc.o(i.fputc) for fputc
    printf2.o(i.__0printf$2) refers to printf2.o(i._printf_core) for _printf_core
    printf2.o(i.__0printf$2) refers to fputc.o(i.fputc) for fputc
    printf2.o(i.__0printf$2) refers to stdout.o(.data) for __stdout
    printf2.o(i.__0snprintf$2) refers to printf2.o(i._printf_core) for _printf_core
    printf2.o(i.__0snprintf$2) refers to printf2.o(i._snputc) for _snputc
    printf2.o(i.__0sprintf$2) refers to printf2.o(i._printf_core) for _printf_core
    printf2.o(i.__0sprintf$2) refers to printf2.o(i._sputc) for _sputc
    printf2.o(i.__0vfprintf$2) refers to printf2.o(i._printf_core) for _printf_core
    printf2.o(i.__0vfprintf$2) refers to fputc.o(i.fputc) for fputc
    printf2.o(i.__0vprintf$2) refers to printf2.o(i._printf_core) for _printf_core
    printf2.o(i.__0vprintf$2) refers to fputc.o(i.fputc) for fputc
    printf2.o(i.__0vprintf$2) refers to stdout.o(.data) for __stdout
    printf2.o(i.__0vsnprintf$2) refers to printf2.o(i._printf_core) for _printf_core
    printf2.o(i.__0vsnprintf$2) refers to printf2.o(i._snputc) for _snputc
    printf2.o(i.__0vsprintf$2) refers to printf2.o(i._printf_core) for _printf_core
    printf2.o(i.__0vsprintf$2) refers to printf2.o(i._sputc) for _sputc
    printf3.o(i.__0fprintf$3) refers to printf3.o(i._printf_core) for _printf_core
    printf3.o(i.__0fprintf$3) refers to fputc.o(i.fputc) for fputc
    printf3.o(i.__0printf$3) refers to printf3.o(i._printf_core) for _printf_core
    printf3.o(i.__0printf$3) refers to fputc.o(i.fputc) for fputc
    printf3.o(i.__0printf$3) refers to stdout.o(.data) for __stdout
    printf3.o(i.__0snprintf$3) refers to printf3.o(i._printf_core) for _printf_core
    printf3.o(i.__0snprintf$3) refers to printf3.o(i._snputc) for _snputc
    printf3.o(i.__0sprintf$3) refers to printf3.o(i._printf_core) for _printf_core
    printf3.o(i.__0sprintf$3) refers to printf3.o(i._sputc) for _sputc
    printf3.o(i.__0vfprintf$3) refers to printf3.o(i._printf_core) for _printf_core
    printf3.o(i.__0vfprintf$3) refers to fputc.o(i.fputc) for fputc
    printf3.o(i.__0vprintf$3) refers to printf3.o(i._printf_core) for _printf_core
    printf3.o(i.__0vprintf$3) refers to fputc.o(i.fputc) for fputc
    printf3.o(i.__0vprintf$3) refers to stdout.o(.data) for __stdout
    printf3.o(i.__0vsnprintf$3) refers to printf3.o(i._printf_core) for _printf_core
    printf3.o(i.__0vsnprintf$3) refers to printf3.o(i._snputc) for _snputc
    printf3.o(i.__0vsprintf$3) refers to printf3.o(i._printf_core) for _printf_core
    printf3.o(i.__0vsprintf$3) refers to printf3.o(i._sputc) for _sputc
    printf3.o(i._printf_core) refers to uidiv.o(.text) for __aeabi_uidivmod
    printf4.o(i.__0fprintf$4) refers to printf4.o(i._printf_core) for _printf_core
    printf4.o(i.__0fprintf$4) refers to fputc.o(i.fputc) for fputc
    printf4.o(i.__0printf$4) refers to printf4.o(i._printf_core) for _printf_core
    printf4.o(i.__0printf$4) refers to fputc.o(i.fputc) for fputc
    printf4.o(i.__0printf$4) refers to stdout.o(.data) for __stdout
    printf4.o(i.__0snprintf$4) refers to printf4.o(i._printf_core) for _printf_core
    printf4.o(i.__0snprintf$4) refers to printf4.o(i._snputc) for _snputc
    printf4.o(i.__0sprintf$4) refers to printf4.o(i._printf_core) for _printf_core
    printf4.o(i.__0sprintf$4) refers to printf4.o(i._sputc) for _sputc
    printf4.o(i.__0vfprintf$4) refers to printf4.o(i._printf_core) for _printf_core
    printf4.o(i.__0vfprintf$4) refers to fputc.o(i.fputc) for fputc
    printf4.o(i.__0vprintf$4) refers to printf4.o(i._printf_core) for _printf_core
    printf4.o(i.__0vprintf$4) refers to fputc.o(i.fputc) for fputc
    printf4.o(i.__0vprintf$4) refers to stdout.o(.data) for __stdout
    printf4.o(i.__0vsnprintf$4) refers to printf4.o(i._printf_core) for _printf_core
    printf4.o(i.__0vsnprintf$4) refers to printf4.o(i._snputc) for _snputc
    printf4.o(i.__0vsprintf$4) refers to printf4.o(i._printf_core) for _printf_core
    printf4.o(i.__0vsprintf$4) refers to printf4.o(i._sputc) for _sputc
    printf4.o(i._printf_core) refers to uldiv.o(.text) for __aeabi_uldivmod
    printf5.o(i.__0fprintf$5) refers to printf5.o(i._printf_core) for _printf_core
    printf5.o(i.__0fprintf$5) refers to fputc.o(i.fputc) for fputc
    printf5.o(i.__0printf$5) refers to printf5.o(i._printf_core) for _printf_core
    printf5.o(i.__0printf$5) refers to fputc.o(i.fputc) for fputc
    printf5.o(i.__0printf$5) refers to stdout.o(.data) for __stdout
    printf5.o(i.__0snprintf$5) refers to printf5.o(i._printf_core) for _printf_core
    printf5.o(i.__0snprintf$5) refers to printf5.o(i._snputc) for _snputc
    printf5.o(i.__0sprintf$5) refers to printf5.o(i._printf_core) for _printf_core
    printf5.o(i.__0sprintf$5) refers to printf5.o(i._sputc) for _sputc
    printf5.o(i.__0vfprintf$5) refers to printf5.o(i._printf_core) for _printf_core
    printf5.o(i.__0vfprintf$5) refers to fputc.o(i.fputc) for fputc
    printf5.o(i.__0vprintf$5) refers to printf5.o(i._printf_core) for _printf_core
    printf5.o(i.__0vprintf$5) refers to fputc.o(i.fputc) for fputc
    printf5.o(i.__0vprintf$5) refers to stdout.o(.data) for __stdout
    printf5.o(i.__0vsnprintf$5) refers to printf5.o(i._printf_core) for _printf_core
    printf5.o(i.__0vsnprintf$5) refers to printf5.o(i._snputc) for _snputc
    printf5.o(i.__0vsprintf$5) refers to printf5.o(i._printf_core) for _printf_core
    printf5.o(i.__0vsprintf$5) refers to printf5.o(i._sputc) for _sputc
    printf5.o(i._printf_core) refers to uldiv.o(.text) for __aeabi_uldivmod
    printf6.o(i.__0fprintf$6) refers to printf6.o(i._printf_core) for _printf_core
    printf6.o(i.__0fprintf$6) refers to fputc.o(i.fputc) for fputc
    printf6.o(i.__0printf$6) refers to printf6.o(i._printf_core) for _printf_core
    printf6.o(i.__0printf$6) refers to fputc.o(i.fputc) for fputc
    printf6.o(i.__0printf$6) refers to stdout.o(.data) for __stdout
    printf6.o(i.__0snprintf$6) refers to printf6.o(i._printf_core) for _printf_core
    printf6.o(i.__0snprintf$6) refers to printf6.o(i._snputc) for _snputc
    printf6.o(i.__0sprintf$6) refers to printf6.o(i._printf_core) for _printf_core
    printf6.o(i.__0sprintf$6) refers to printf6.o(i._sputc) for _sputc
    printf6.o(i.__0vfprintf$6) refers to printf6.o(i._printf_core) for _printf_core
    printf6.o(i.__0vfprintf$6) refers to fputc.o(i.fputc) for fputc
    printf6.o(i.__0vprintf$6) refers to printf6.o(i._printf_core) for _printf_core
    printf6.o(i.__0vprintf$6) refers to fputc.o(i.fputc) for fputc
    printf6.o(i.__0vprintf$6) refers to stdout.o(.data) for __stdout
    printf6.o(i.__0vsnprintf$6) refers to printf6.o(i._printf_core) for _printf_core
    printf6.o(i.__0vsnprintf$6) refers to printf6.o(i._snputc) for _snputc
    printf6.o(i.__0vsprintf$6) refers to printf6.o(i._printf_core) for _printf_core
    printf6.o(i.__0vsprintf$6) refers to printf6.o(i._sputc) for _sputc
    printf6.o(i._printf_core) refers to printf6.o(i._printf_pre_padding) for _printf_pre_padding
    printf6.o(i._printf_core) refers to uidiv.o(.text) for __aeabi_uidivmod
    printf6.o(i._printf_core) refers to printf6.o(i._printf_post_padding) for _printf_post_padding
    printf7.o(i.__0fprintf$7) refers to printf7.o(i._printf_core) for _printf_core
    printf7.o(i.__0fprintf$7) refers to fputc.o(i.fputc) for fputc
    printf7.o(i.__0printf$7) refers to printf7.o(i._printf_core) for _printf_core
    printf7.o(i.__0printf$7) refers to fputc.o(i.fputc) for fputc
    printf7.o(i.__0printf$7) refers to stdout.o(.data) for __stdout
    printf7.o(i.__0snprintf$7) refers to printf7.o(i._printf_core) for _printf_core
    printf7.o(i.__0snprintf$7) refers to printf7.o(i._snputc) for _snputc
    printf7.o(i.__0sprintf$7) refers to printf7.o(i._printf_core) for _printf_core
    printf7.o(i.__0sprintf$7) refers to printf7.o(i._sputc) for _sputc
    printf7.o(i.__0vfprintf$7) refers to printf7.o(i._printf_core) for _printf_core
    printf7.o(i.__0vfprintf$7) refers to fputc.o(i.fputc) for fputc
    printf7.o(i.__0vprintf$7) refers to printf7.o(i._printf_core) for _printf_core
    printf7.o(i.__0vprintf$7) refers to fputc.o(i.fputc) for fputc
    printf7.o(i.__0vprintf$7) refers to stdout.o(.data) for __stdout
    printf7.o(i.__0vsnprintf$7) refers to printf7.o(i._printf_core) for _printf_core
    printf7.o(i.__0vsnprintf$7) refers to printf7.o(i._snputc) for _snputc
    printf7.o(i.__0vsprintf$7) refers to printf7.o(i._printf_core) for _printf_core
    printf7.o(i.__0vsprintf$7) refers to printf7.o(i._sputc) for _sputc
    printf7.o(i._printf_core) refers to printf7.o(i._printf_pre_padding) for _printf_pre_padding
    printf7.o(i._printf_core) refers to uldiv.o(.text) for __aeabi_uldivmod
    printf7.o(i._printf_core) refers to printf7.o(i._printf_post_padding) for _printf_post_padding
    printf8.o(i.__0fprintf$8) refers to printf8.o(i._printf_core) for _printf_core
    printf8.o(i.__0fprintf$8) refers to fputc.o(i.fputc) for fputc
    printf8.o(i.__0printf$8) refers to printf8.o(i._printf_core) for _printf_core
    printf8.o(i.__0printf$8) refers to fputc.o(i.fputc) for fputc
    printf8.o(i.__0printf$8) refers to stdout.o(.data) for __stdout
    printf8.o(i.__0snprintf$8) refers to printf8.o(i._printf_core) for _printf_core
    printf8.o(i.__0snprintf$8) refers to printf8.o(i._snputc) for _snputc
    printf8.o(i.__0sprintf$8) refers to printf8.o(i._printf_core) for _printf_core
    printf8.o(i.__0sprintf$8) refers to printf8.o(i._sputc) for _sputc
    printf8.o(i.__0vfprintf$8) refers to printf8.o(i._printf_core) for _printf_core
    printf8.o(i.__0vfprintf$8) refers to fputc.o(i.fputc) for fputc
    printf8.o(i.__0vprintf$8) refers to printf8.o(i._printf_core) for _printf_core
    printf8.o(i.__0vprintf$8) refers to fputc.o(i.fputc) for fputc
    printf8.o(i.__0vprintf$8) refers to stdout.o(.data) for __stdout
    printf8.o(i.__0vsnprintf$8) refers to printf8.o(i._printf_core) for _printf_core
    printf8.o(i.__0vsnprintf$8) refers to printf8.o(i._snputc) for _snputc
    printf8.o(i.__0vsprintf$8) refers to printf8.o(i._printf_core) for _printf_core
    printf8.o(i.__0vsprintf$8) refers to printf8.o(i._sputc) for _sputc
    printf8.o(i._printf_core) refers to printf8.o(i._printf_pre_padding) for _printf_pre_padding
    printf8.o(i._printf_core) refers to uldiv.o(.text) for __aeabi_uldivmod
    printf8.o(i._printf_core) refers to printf8.o(i._printf_post_padding) for _printf_post_padding
    printfa.o(i.__0fprintf) refers (Special) to iusefp.o(.text) for __I$use$fp
    printfa.o(i.__0fprintf) refers to printfa.o(i._printf_core) for _printf_core
    printfa.o(i.__0fprintf) refers to fputc.o(i.fputc) for fputc
    printfa.o(i.__0printf) refers (Special) to iusefp.o(.text) for __I$use$fp
    printfa.o(i.__0printf) refers to printfa.o(i._printf_core) for _printf_core
    printfa.o(i.__0printf) refers to fputc.o(i.fputc) for fputc
    printfa.o(i.__0printf) refers to stdout.o(.data) for __stdout
    printfa.o(i.__0snprintf) refers (Special) to iusefp.o(.text) for __I$use$fp
    printfa.o(i.__0snprintf) refers to printfa.o(i._printf_core) for _printf_core
    printfa.o(i.__0snprintf) refers to printfa.o(i._snputc) for _snputc
    printfa.o(i.__0sprintf) refers (Special) to iusefp.o(.text) for __I$use$fp
    printfa.o(i.__0sprintf) refers to printfa.o(i._printf_core) for _printf_core
    printfa.o(i.__0sprintf) refers to printfa.o(i._sputc) for _sputc
    printfa.o(i.__0vfprintf) refers (Special) to iusefp.o(.text) for __I$use$fp
    printfa.o(i.__0vfprintf) refers to printfa.o(i._printf_core) for _printf_core
    printfa.o(i.__0vfprintf) refers to fputc.o(i.fputc) for fputc
    printfa.o(i.__0vprintf) refers (Special) to iusefp.o(.text) for __I$use$fp
    printfa.o(i.__0vprintf) refers to printfa.o(i._printf_core) for _printf_core
    printfa.o(i.__0vprintf) refers to fputc.o(i.fputc) for fputc
    printfa.o(i.__0vprintf) refers to stdout.o(.data) for __stdout
    printfa.o(i.__0vsnprintf) refers (Special) to iusefp.o(.text) for __I$use$fp
    printfa.o(i.__0vsnprintf) refers to printfa.o(i._printf_core) for _printf_core
    printfa.o(i.__0vsnprintf) refers to printfa.o(i._snputc) for _snputc
    printfa.o(i.__0vsprintf) refers (Special) to iusefp.o(.text) for __I$use$fp
    printfa.o(i.__0vsprintf) refers to printfa.o(i._printf_core) for _printf_core
    printfa.o(i.__0vsprintf) refers to printfa.o(i._sputc) for _sputc
    printfa.o(i._fp_digits) refers (Special) to iusefp.o(.text) for __I$use$fp
    printfa.o(i._fp_digits) refers to dmul.o(.text) for __aeabi_dmul
    printfa.o(i._fp_digits) refers to ddiv.o(.text) for __aeabi_ddiv
    printfa.o(i._fp_digits) refers to cdrcmple.o(.text) for __aeabi_cdrcmple
    printfa.o(i._fp_digits) refers to dadd.o(.text) for __aeabi_dadd
    printfa.o(i._fp_digits) refers to dfixul.o(.text) for __aeabi_d2ulz
    printfa.o(i._fp_digits) refers to uldiv.o(.text) for __aeabi_uldivmod
    printfa.o(i._printf_core) refers (Special) to iusefp.o(.text) for __I$use$fp
    printfa.o(i._printf_core) refers to printfa.o(i._printf_pre_padding) for _printf_pre_padding
    printfa.o(i._printf_core) refers to uldiv.o(.text) for __aeabi_uldivmod
    printfa.o(i._printf_core) refers to printfa.o(i._printf_post_padding) for _printf_post_padding
    printfa.o(i._printf_core) refers to printfa.o(i._fp_digits) for _fp_digits
    printfa.o(i._printf_core) refers to uidiv.o(.text) for __aeabi_uidivmod
    printfa.o(i._printf_post_padding) refers (Special) to iusefp.o(.text) for __I$use$fp
    printfa.o(i._printf_pre_padding) refers (Special) to iusefp.o(.text) for __I$use$fp
    printfa.o(i._snputc) refers (Special) to iusefp.o(.text) for __I$use$fp
    printfa.o(i._sputc) refers (Special) to iusefp.o(.text) for __I$use$fp
    entry2.o(.ARM.Collect$$$$00000001) refers to entry2.o(.ARM.Collect$$$$00002712) for __lit__00000000
    entry2.o(.ARM.Collect$$$$00002712) refers to keiluvisoin_startup.o(STACK) for __initial_sp
    entry2.o(__vectab_stack_and_reset_area) refers to keiluvisoin_startup.o(STACK) for __initial_sp
    entry2.o(__vectab_stack_and_reset_area) refers to entry.o(.ARM.Collect$$$$00000000) for __main
    entry5.o(.ARM.Collect$$$$00000004) refers to init.o(.text) for __scatterload
    entry9a.o(.ARM.Collect$$$$0000000B) refers to osekosecu1.o(.text) for main
    entry9b.o(.ARM.Collect$$$$0000000C) refers to osekosecu1.o(.text) for main
    fputc.o(i.fputc) refers (Special) to iusesemip.o(.text) for __I$use$semihosting$fputc
    fputc.o(i.fputc) refers (Special) to semi.o(.text) for __semihosting_library_function
    fputc_h.o(i._fputc$hlt) refers (Special) to iusesemip.o(.text) for __I$use$semihosting$fputc
    fputc_h.o(i._fputc$hlt) refers (Special) to semi.o(.text) for __semihosting_library_function
    uldiv.o(.text) refers to llushr.o(.text) for __aeabi_llsr
    uldiv.o(.text) refers to llshl.o(.text) for __aeabi_llsl
    dadd.o(.text) refers (Special) to iusefp.o(.text) for __I$use$fp
    dadd.o(.text) refers to llshl.o(.text) for __aeabi_llsl
    dadd.o(.text) refers to llsshr.o(.text) for __aeabi_lasr
    dadd.o(.text) refers to depilogue.o(.text) for _double_epilogue
    dmul.o(.text) refers (Special) to iusefp.o(.text) for __I$use$fp
    dmul.o(.text) refers to depilogue.o(.text) for _double_epilogue
    ddiv.o(.text) refers (Special) to iusefp.o(.text) for __I$use$fp
    ddiv.o(.text) refers to depilogue.o(.text) for _double_round
    dfixul.o(.text) refers (Special) to iusefp.o(.text) for __I$use$fp
    dfixul.o(.text) refers to llushr.o(.text) for __aeabi_llsr
    dfixul.o(.text) refers to llshl.o(.text) for __aeabi_llsl
    cdrcmple.o(.text) refers (Special) to iusefp.o(.text) for __I$use$fp
    init.o(.text) refers to entry5.o(.ARM.Collect$$$$00000004) for __main_after_scatterload
    depilogue.o(.text) refers (Special) to iusefp.o(.text) for __I$use$fp
    depilogue.o(.text) refers to llshl.o(.text) for __aeabi_llsl
    depilogue.o(.text) refers to llushr.o(.text) for __aeabi_llsr


==============================================================================

Removing Unused input sections from the image.

    Removing speedsensorswc.o(.ARM.exidx), (32 bytes).
    Removing rte_can.o(.ARM.exidx), (8 bytes).
    Removing rte_dem.o(.ARM.exidx), (24 bytes).
    Removing rte_speedsensor.o(.ARM.exidx), (32 bytes).
    Removing can.o(.ARM.exidx), (8 bytes).
    Removing dem.o(.ARM.exidx), (32 bytes).
    Removing nvm.o(.ARM.exidx), (24 bytes).
    Removing comhwabstraction.o(.ARM.exidx), (16 bytes).
    Removing iohwab_speedsensor.o(.ARM.exidx), (24 bytes).
    Removing memif.o(.ARM.exidx), (72 bytes).
    Removing keiluvisoin_startup.o(HEAP), (0 bytes).
    Removing counter.o(.ARM.exidx), (24 bytes).
    Removing hook.o(.ARM.exidx), (40 bytes).
    Removing oscfg.o(.text), (0 bytes).
    Removing oscfg.o(.rodata.OsCfg_USE_PARAMETER_ACCESS), (1 bytes).
    Removing oscfg.o(.rodata.OsCfg_USE_GET_SERVICE_ID), (1 bytes).
    Removing oscfg.o(.rodata.OSTICKDURATION), (4 bytes).
    Removing osekosecu1.o(.ARM.exidx), (48 bytes).
    Removing osekosecu1.o(.bss.SensorTask_Running), (1 bytes).
    Removing osekosecu1.o(.bss.CanTask_Running), (1 bytes).
    Removing osekosecu1.o(.bss.DEMTask_Running), (1 bytes).
    Removing osekosecu1.o(.bss.NVMLoggingTask_Running), (1 bytes).
    Removing osekosecu1.o(.ARM.use_no_argv), (4 bytes).
    Removing can_driver.o(.ARM.exidx), (16 bytes).
    Removing icu_driver.o(.ARM.exidx), (40 bytes).
    Removing dadd.o(.text), (334 bytes).
    Removing dmul.o(.text), (228 bytes).
    Removing ddiv.o(.text), (222 bytes).
    Removing dfixul.o(.text), (48 bytes).
    Removing cdrcmple.o(.text), (48 bytes).
    Removing depilogue.o(.text), (186 bytes).

31 unused section(s) (total 1520 bytes) removed from the image.

==============================================================================

Image Symbol Table

    Local Symbols

    Symbol Name                              Value     Ov Type        Size  Object(Section)

    ../ECU1_VehicleSpeed/BSW/OS/startup/keilUvisoin_startup.s 0x00000000   Number         0  keiluvisoin_startup.o ABSOLUTE
    ../clib/division.s                       0x00000000   Number         0  aeabi_sdiv.o ABSOLUTE
    ../clib/microlib/division.c              0x00000000   Number         0  uidiv.o ABSOLUTE
    ../clib/microlib/division.c              0x00000000   Number         0  uldiv.o ABSOLUTE
    ../clib/microlib/init/entry.s            0x00000000   Number         0  entry.o ABSOLUTE
    ../clib/microlib/init/entry.s            0x00000000   Number         0  entry2.o ABSOLUTE
    ../clib/microlib/init/entry.s            0x00000000   Number         0  entry5.o ABSOLUTE
    ../clib/microlib/init/entry.s            0x00000000   Number         0  entry7a.o ABSOLUTE
    ../clib/microlib/init/entry.s            0x00000000   Number         0  entry7b.o ABSOLUTE
    ../clib/microlib/init/entry.s            0x00000000   Number         0  entry8a.o ABSOLUTE
    ../clib/microlib/init/entry.s            0x00000000   Number         0  entry8b.o ABSOLUTE
    ../clib/microlib/init/entry.s            0x00000000   Number         0  entry9a.o ABSOLUTE
    ../clib/microlib/init/entry.s            0x00000000   Number         0  entry9b.o ABSOLUTE
    ../clib/microlib/init/entry.s            0x00000000   Number         0  entry10a.o ABSOLUTE
    ../clib/microlib/init/entry.s            0x00000000   Number         0  entry10b.o ABSOLUTE
    ../clib/microlib/init/entry.s            0x00000000   Number         0  entry11a.o ABSOLUTE
    ../clib/microlib/init/entry.s            0x00000000   Number         0  entry11b.o ABSOLUTE
    ../clib/microlib/longlong.c              0x00000000   Number         0  llshl.o ABSOLUTE
    ../clib/microlib/longlong.c              0x00000000   Number         0  llushr.o ABSOLUTE
    ../clib/microlib/longlong.c              0x00000000   Number         0  llsshr.o ABSOLUTE
    ../clib/microlib/printf/printf.c         0x00000000   Number         0  printfb.o ABSOLUTE
    ../clib/microlib/printf/printf.c         0x00000000   Number         0  printf0.o ABSOLUTE
    ../clib/microlib/printf/printf.c         0x00000000   Number         0  printf1.o ABSOLUTE
    ../clib/microlib/printf/printf.c         0x00000000   Number         0  printf2.o ABSOLUTE
    ../clib/microlib/printf/printf.c         0x00000000   Number         0  printf3.o ABSOLUTE
    ../clib/microlib/printf/printf.c         0x00000000   Number         0  printf4.o ABSOLUTE
    ../clib/microlib/printf/printf.c         0x00000000   Number         0  printf5.o ABSOLUTE
    ../clib/microlib/printf/printf.c         0x00000000   Number         0  printf6.o ABSOLUTE
    ../clib/microlib/printf/printf.c         0x00000000   Number         0  printf7.o ABSOLUTE
    ../clib/microlib/printf/printf.c         0x00000000   Number         0  printf8.o ABSOLUTE
    ../clib/microlib/printf/printf.c         0x00000000   Number         0  printfa.o ABSOLUTE
    ../clib/microlib/printf/stubs.s          0x00000000   Number         0  printfstubs.o ABSOLUTE
    ../clib/microlib/stdio/fputc.c           0x00000000   Number         0  fputc.o ABSOLUTE
    ../clib/microlib/stdio/fputc.c           0x00000000   Number         0  fputc_h.o ABSOLUTE
    ../clib/microlib/stdio/puts.c            0x00000000   Number         0  puts.o ABSOLUTE
    ../clib/microlib/stdio/puts.c            0x00000000   Number         0  puts_e.o ABSOLUTE
    ../clib/microlib/stdio/semi.s            0x00000000   Number         0  semi.o ABSOLUTE
    ../clib/microlib/stdio/streams.c         0x00000000   Number         0  stdout.o ABSOLUTE
    ../clib/microlib/stdlib/rand.c           0x00000000   Number         0  rand.o ABSOLUTE
    ../clib/microlib/string/memcpy.c         0x00000000   Number         0  memcpya.o ABSOLUTE
    ../clib/microlib/string/memcpy.c         0x00000000   Number         0  memcpyb.o ABSOLUTE
    ../clib/microlib/stubs.s                 0x00000000   Number         0  iusefp.o ABSOLUTE
    ../clib/microlib/stubs.s                 0x00000000   Number         0  iusesemip.o ABSOLUTE
    ../clib/microlib/time/clock.c            0x00000000   Number         0  clock.o ABSOLUTE
    ../fplib/microlib/fpadd.c                0x00000000   Number         0  dadd.o ABSOLUTE
    ../fplib/microlib/fpdiv.c                0x00000000   Number         0  ddiv.o ABSOLUTE
    ../fplib/microlib/fpepilogue.c           0x00000000   Number         0  depilogue.o ABSOLUTE
    ../fplib/microlib/fpfix.c                0x00000000   Number         0  dfixul.o ABSOLUTE
    ../fplib/microlib/fpmul.c                0x00000000   Number         0  dmul.o ABSOLUTE
    Can.c                                    0x00000000   Number         0  can.o ABSOLUTE
    Can_Driver.c                             0x00000000   Number         0  can_driver.o ABSOLUTE
    ComHwAbstraction.c                       0x00000000   Number         0  comhwabstraction.o ABSOLUTE
    Dem.c                                    0x00000000   Number         0  dem.o ABSOLUTE
    Icu_Driver.c                             0x00000000   Number         0  icu_driver.o ABSOLUTE
    IoHwAb_SpeedSensor.c                     0x00000000   Number         0  iohwab_speedsensor.o ABSOLUTE
    MemIf.c                                  0x00000000   Number         0  memif.o ABSOLUTE
    Nvm.c                                    0x00000000   Number         0  nvm.o ABSOLUTE
    OsCfg.c                                  0x00000000   Number         0  oscfg.o ABSOLUTE
    OsekOSECU1.c                             0x00000000   Number         0  osekosecu1.o ABSOLUTE
    Rte_Can.c                                0x00000000   Number         0  rte_can.o ABSOLUTE
    Rte_Dem.c                                0x00000000   Number         0  rte_dem.o ABSOLUTE
    Rte_SpeedSensor.c                        0x00000000   Number         0  rte_speedsensor.o ABSOLUTE
    SpeedSensorSWC.c                         0x00000000   Number         0  speedsensorswc.o ABSOLUTE
    cdrcmple.s                               0x00000000   Number         0  cdrcmple.o ABSOLUTE
    counter.c                                0x00000000   Number         0  counter.o ABSOLUTE
    dc.s                                     0x00000000   Number         0  dc.o ABSOLUTE
    handlers.s                               0x00000000   Number         0  handlers.o ABSOLUTE
    hook.c                                   0x00000000   Number         0  hook.o ABSOLUTE
    init.s                                   0x00000000   Number         0  init.o ABSOLUTE
    src\ErrMgr.c                             0x00000000   Number         0  errmgr.o ABSOLUTE
    src\RcbProcessor.c                       0x00000000   Number         0  rcbprocessor.o ABSOLUTE
    src\SVCContext.c                         0x00000000   Number         0  svccontext.o ABSOLUTE
    src\TcbProcessor.c                       0x00000000   Number         0  tcbprocessor.o ABSOLUTE
    src\alarm.c                              0x00000000   Number         0  alarm.o ABSOLUTE
    src\event.c                              0x00000000   Number         0  event.o ABSOLUTE
    src\portable\Keil\port.s                 0x00000000   Number         0  port.o ABSOLUTE
    src\portable\Keil\portable.c             0x00000000   Number         0  portable.o ABSOLUTE
    src\task.c                               0x00000000   Number         0  task.o ABSOLUTE
    RESET                                    0x00000000   Section      620  keiluvisoin_startup.o(RESET)
    .ARM.Collect$$$$00000000                 0x0000026c   Section        0  entry.o(.ARM.Collect$$$$00000000)
    .ARM.Collect$$$$00000001                 0x0000026c   Section        4  entry2.o(.ARM.Collect$$$$00000001)
    .ARM.Collect$$$$00000004                 0x00000270   Section        4  entry5.o(.ARM.Collect$$$$00000004)
    .ARM.Collect$$$$00000008                 0x00000274   Section        0  entry7b.o(.ARM.Collect$$$$00000008)
    .ARM.Collect$$$$0000000A                 0x00000274   Section        0  entry8b.o(.ARM.Collect$$$$0000000A)
    .ARM.Collect$$$$0000000B                 0x00000274   Section        8  entry9a.o(.ARM.Collect$$$$0000000B)
    __lit__00000000                          0x0000027c   Data           4  entry2.o(.ARM.Collect$$$$00002712)
    .ARM.Collect$$$$0000000D                 0x0000027c   Section        0  entry10a.o(.ARM.Collect$$$$0000000D)
    .ARM.Collect$$$$0000000F                 0x0000027c   Section        0  entry11a.o(.ARM.Collect$$$$0000000F)
    .ARM.Collect$$$$00002712                 0x0000027c   Section        4  entry2.o(.ARM.Collect$$$$00002712)
    [Anonymous Symbol]                       0x00000280   Section        0  speedsensorswc.o(.text)
    [Anonymous Symbol]                       0x000002f0   Section        0  rte_can.o(.text)
    [Anonymous Symbol]                       0x000002f4   Section        0  rte_dem.o(.text)
    [Anonymous Symbol]                       0x00000310   Section        0  rte_speedsensor.o(.text)
    [Anonymous Symbol]                       0x00000328   Section        0  can.o(.text)
    [Anonymous Symbol]                       0x0000032c   Section        0  dem.o(.text)
    [Anonymous Symbol]                       0x00000524   Section        0  nvm.o(.text)
    [Anonymous Symbol]                       0x00000598   Section        0  comhwabstraction.o(.text)
    [Anonymous Symbol]                       0x00000614   Section        0  iohwab_speedsensor.o(.text)
    [Anonymous Symbol]                       0x000006fc   Section        0  memif.o(.text)
    $v0                                      0x00000750   Number         0  keiluvisoin_startup.o(.text)
    .text                                    0x00000750   Section      252  keiluvisoin_startup.o(.text)
    [Anonymous Symbol]                       0x0000084c   Section        0  counter.o(.text)
    [Anonymous Symbol]                       0x000008b8   Section        0  hook.o(.text)
    [Anonymous Symbol]                       0x000008cc   Section        0  osekosecu1.o(.text)
    [Anonymous Symbol]                       0x00000a00   Section        0  can_driver.o(.text)
    [Anonymous Symbol]                       0x00000a5c   Section        0  icu_driver.o(.text)
    .text                                    0x00000b20   Section        0  alarm.o(.text)
    OsAlrm_AssignAlarmEntry                  0x00000bbd   Thumb Code    38  alarm.o(.text)
    OsAlrm_ValidateStartValue                0x00000be3   Thumb Code    44  alarm.o(.text)
    OsAlrm_ValidateCycle                     0x00000c0f   Thumb Code    46  alarm.o(.text)
    OsAlrm_AlarmActionExecute                0x00000d0f   Thumb Code   200  alarm.o(.text)
    OsAlrm_AlarmFireProcessor                0x00000dd7   Thumb Code    82  alarm.o(.text)
    SystemAlarmsProcessor                    0x00000e29   Thumb Code    74  alarm.o(.text)
    OsAlrm_ValidateID                        0x00000e9f   Thumb Code    16  alarm.o(.text)
    OsAlrm_GetFirePoint                      0x00000eaf   Thumb Code    14  alarm.o(.text)
    OsAlrm_AlarmIsEnabled                    0x00000ebd   Thumb Code    16  alarm.o(.text)
    OsAlrm_DisableAlarm                      0x00000ecd   Thumb Code    16  alarm.o(.text)
    OsAlrm_GetAlrmTaskID                     0x00000edd   Thumb Code    16  alarm.o(.text)
    .text                                    0x00000f00   Section        0  event.o(.text)
    .text                                    0x00000f68   Section        0  task.o(.text)
    .text                                    0x000010d4   Section       90  port.o(.text)
    .text                                    0x00001130   Section        0  errmgr.o(.text)
    .text                                    0x0000118c   Section        0  rcbprocessor.o(.text)
    .text                                    0x000012a8   Section        0  svccontext.o(.text)
    OsTcb_SetInitialStack                    0x00001301   Thumb Code   252  tcbprocessor.o(.text)
    .text                                    0x00001300   Section        0  tcbprocessor.o(.text)
    OsTcb_StackPointersInit                  0x000013fd   Thumb Code   110  tcbprocessor.o(.text)
    OsTcb_SetTaskState                       0x0000149b   Thumb Code    20  tcbprocessor.o(.text)
    OsTcb_ResetTaskEvent                     0x000014c5   Thumb Code    26  tcbprocessor.o(.text)
    OsTcb_ResetTCB                           0x0000155b   Thumb Code    66  tcbprocessor.o(.text)
    OsTcb_CheckEventTrigger                  0x000017c1   Thumb Code    42  tcbprocessor.o(.text)
    OsTcb_SetTaskEvent                       0x000017eb   Thumb Code    30  tcbprocessor.o(.text)
    OsTcb_StackCanarInit                     0x00001bc1   Thumb Code   114  tcbprocessor.o(.text)
    OsTcb_IdleTaskInit                       0x00001c33   Thumb Code   144  tcbprocessor.o(.text)
    OsTcb_GetTaskPriority                    0x00001cc3   Thumb Code    16  tcbprocessor.o(.text)
    OsTcb_TaskModelIsBasic                   0x00001cd3   Thumb Code    24  tcbprocessor.o(.text)
    OsTcb_TaskIDValid                        0x00001ceb   Thumb Code    18  tcbprocessor.o(.text)
    OsTcb_SetCurrentTCBRef                   0x00001cfd   Thumb Code    16  tcbprocessor.o(.text)
    .text                                    0x00001d3c   Section        0  portable.o(.text)
    .text                                    0x00001dd4   Section        0  rand.o(.text)
    .text                                    0x00001df8   Section        0  memcpya.o(.text)
    .text                                    0x00001e1c   Section        0  uldiv.o(.text)
    .text                                    0x00001e80   Section       48  init.o(.text)
    .text                                    0x00001eb0   Section        0  semi.o(.text)
    .text                                    0x00001eb0   Section        0  llshl.o(.text)
    .text                                    0x00001ece   Section        0  llushr.o(.text)
    .text                                    0x00001eee   Section        0  iusesemip.o(.text)
    i.__0printf$5                            0x00001ef0   Section        0  printf5.o(i.__0printf$5)
    i.__scatterload_copy                     0x00001f10   Section       14  handlers.o(i.__scatterload_copy)
    i.__scatterload_null                     0x00001f1e   Section        2  handlers.o(i.__scatterload_null)
    i.__scatterload_zeroinit                 0x00001f20   Section       14  handlers.o(i.__scatterload_zeroinit)
    _printf_core                             0x00001f31   Thumb Code   658  printf5.o(i._printf_core)
    i._printf_core                           0x00001f30   Section        0  printf5.o(i._printf_core)
    i.fputc                                  0x000021f0   Section        0  fputc.o(i.fputc)
    i.puts                                   0x00002204   Section        0  puts.o(i.puts)
    OsErrMgr_DetectedService                 0x20000000   Data           1  errmgr.o(.data)
    .data                                    0x20000000   Section       12  errmgr.o(.data)
    OsErrMgr_DetectedTaskID                  0x20000001   Data           1  errmgr.o(.data)
    OsErrMgr_DetectedEventID                 0x20000002   Data           1  errmgr.o(.data)
    OSErrMgr_DetectedResID                   0x20000003   Data           1  errmgr.o(.data)
    OsErrMgr_OverflowContext                 0x20000004   Data           8  errmgr.o(.data)
    SVCCnxt_TskMgrCnxt                       0x2000000c   Data           1  svccontext.o(.data)
    .data                                    0x2000000c   Section        3  svccontext.o(.data)
    SVCCnxt_EventMgrCnxt                     0x2000000d   Data           2  svccontext.o(.data)
    .data                                    0x20000010   Section        6  tcbprocessor.o(.data)
    TcbProcessor_RunningTaskID               0x20000014   Data           1  tcbprocessor.o(.data)
    TaskHookIsSilent                         0x20000015   Data           1  tcbprocessor.o(.data)
    _rand_state                              0x20000018   Data           4  rand.o(.data)
    .data                                    0x20000018   Section        4  rand.o(.data)
    .data                                    0x2000001c   Section        4  stdout.o(.data)
    CanSend_Toggle                           0x200000d0   Data           1  osekosecu1.o(.bss.CanSend_Toggle)
    [Anonymous Symbol]                       0x200000d0   Section        0  osekosecu1.o(.bss.CanSend_Toggle)
    DemSend_Toggle                           0x200000d5   Data           1  osekosecu1.o(.bss.DemSend_Toggle)
    [Anonymous Symbol]                       0x200000d5   Section        0  osekosecu1.o(.bss.DemSend_Toggle)
    NvmLogging_Toggle                        0x200000d6   Data           1  osekosecu1.o(.bss.NvmLogging_Toggle)
    [Anonymous Symbol]                       0x200000d6   Section        0  osekosecu1.o(.bss.NvmLogging_Toggle)
    OsCnt_SystemCounter                      0x20001d18   Data           4  counter.o(.bss.OsCnt_SystemCounter)
    [Anonymous Symbol]                       0x20001d18   Section        0  counter.o(.bss.OsCnt_SystemCounter)
    SensorData_Toggle                        0x20001d23   Data           1  osekosecu1.o(.bss.SensorData_Toggle)
    [Anonymous Symbol]                       0x20001d23   Section        0  osekosecu1.o(.bss.SensorData_Toggle)
    detectedDTC                              0x20001d24   Data           1  speedsensorswc.o(.bss.detectedDTC)
    [Anonymous Symbol]                       0x20001d24   Section        0  speedsensorswc.o(.bss.detectedDTC)
    dtcCount                                 0x20001d25   Data           1  dem.o(.bss.dtcCount)
    [Anonymous Symbol]                       0x20001d25   Section        0  dem.o(.bss.dtcCount)
    lastTimestamp                            0x20001d28   Data           4  iohwab_speedsensor.o(.bss.lastTimestamp)
    [Anonymous Symbol]                       0x20001d28   Section        0  iohwab_speedsensor.o(.bss.lastTimestamp)
    lastTimestamp                            0x20001d2c   Data           4  icu_driver.o(.bss.lastTimestamp)
    [Anonymous Symbol]                       0x20001d2c   Section        0  icu_driver.o(.bss.lastTimestamp)
    pulseInterval                            0x20001d30   Data           4  iohwab_speedsensor.o(.bss.pulseInterval)
    [Anonymous Symbol]                       0x20001d30   Section        0  iohwab_speedsensor.o(.bss.pulseInterval)
    pulseInterval                            0x20001d34   Data           4  icu_driver.o(.bss.pulseInterval)
    [Anonymous Symbol]                       0x20001d34   Section        0  icu_driver.o(.bss.pulseInterval)
    storedDTCs                               0x20001d3c   Data          20  dem.o(.bss.storedDTCs)
    [Anonymous Symbol]                       0x20001d3c   Section        0  dem.o(.bss.storedDTCs)
    storedStatus                             0x20001d50   Data          10  dem.o(.bss.storedStatus)
    [Anonymous Symbol]                       0x20001d50   Section        0  dem.o(.bss.storedStatus)
    STACK                                    0x20001d60   Section      512  keiluvisoin_startup.o(STACK)

    Global Symbols

    Symbol Name                              Value     Ov Type        Size  Object(Section)

    BuildAttributes$$THM_ISAv4$E$P$D$K$B$S$7EM$VFPi3$EXTD16$VFPS$VFMA$PE$A:L22UL41UL21$X:L11$S22US41US21$IEEE1$IW$~IW$USESV6$~STKCKD$USESV7$~SHL$OTIME$ROPI$EBA8$MICROLIB$REQ8$PRES8$EABIv2 0x00000000   Number         0  anon$$obj.o ABSOLUTE
    __Vectors                                0x00000000   Data           4  keiluvisoin_startup.o(RESET)
    _printf_a                                0x00000000   Number         0  printfstubs.o ABSOLUTE
    _printf_c                                0x00000000   Number         0  printfstubs.o ABSOLUTE
    _printf_charcount                        0x00000000   Number         0  printfstubs.o ABSOLUTE
    _printf_d                                0x00000000   Number         0  printfstubs.o ABSOLUTE
    _printf_e                                0x00000000   Number         0  printfstubs.o ABSOLUTE
    _printf_f                                0x00000000   Number         0  printfstubs.o ABSOLUTE
    _printf_flags                            0x00000000   Number         0  printfstubs.o ABSOLUTE
    _printf_fp_dec                           0x00000000   Number         0  printfstubs.o ABSOLUTE
    _printf_fp_hex                           0x00000000   Number         0  printfstubs.o ABSOLUTE
    _printf_g                                0x00000000   Number         0  printfstubs.o ABSOLUTE
    _printf_i                                0x00000000   Number         0  printfstubs.o ABSOLUTE
    _printf_int_dec                          0x00000000   Number         0  printfstubs.o ABSOLUTE
    _printf_l                                0x00000000   Number         0  printfstubs.o ABSOLUTE
    _printf_lc                               0x00000000   Number         0  printfstubs.o ABSOLUTE
    _printf_ll                               0x00000000   Number         0  printfstubs.o ABSOLUTE
    _printf_lld                              0x00000000   Number         0  printfstubs.o ABSOLUTE
    _printf_lli                              0x00000000   Number         0  printfstubs.o ABSOLUTE
    _printf_llo                              0x00000000   Number         0  printfstubs.o ABSOLUTE
    _printf_llu                              0x00000000   Number         0  printfstubs.o ABSOLUTE
    _printf_llx                              0x00000000   Number         0  printfstubs.o ABSOLUTE
    _printf_longlong_dec                     0x00000000   Number         0  printfstubs.o ABSOLUTE
    _printf_longlong_hex                     0x00000000   Number         0  printfstubs.o ABSOLUTE
    _printf_longlong_oct                     0x00000000   Number         0  printfstubs.o ABSOLUTE
    _printf_ls                               0x00000000   Number         0  printfstubs.o ABSOLUTE
    _printf_mbtowc                           0x00000000   Number         0  printfstubs.o ABSOLUTE
    _printf_n                                0x00000000   Number         0  printfstubs.o ABSOLUTE
    _printf_o                                0x00000000   Number         0  printfstubs.o ABSOLUTE
    _printf_p                                0x00000000   Number         0  printfstubs.o ABSOLUTE
    _printf_percent                          0x00000000   Number         0  printfstubs.o ABSOLUTE
    _printf_pre_padding                      0x00000000   Number         0  printfstubs.o ABSOLUTE
    _printf_return_value                     0x00000000   Number         0  printfstubs.o ABSOLUTE
    _printf_s                                0x00000000   Number         0  printfstubs.o ABSOLUTE
    _printf_sizespec                         0x00000000   Number         0  printfstubs.o ABSOLUTE
    _printf_str                              0x00000000   Number         0  printfstubs.o ABSOLUTE
    _printf_truncate_signed                  0x00000000   Number         0  printfstubs.o ABSOLUTE
    _printf_truncate_unsigned                0x00000000   Number         0  printfstubs.o ABSOLUTE
    _printf_u                                0x00000000   Number         0  printfstubs.o ABSOLUTE
    _printf_wc                               0x00000000   Number         0  printfstubs.o ABSOLUTE
    _printf_wctomb                           0x00000000   Number         0  printfstubs.o ABSOLUTE
    _printf_widthprec                        0x00000000   Number         0  printfstubs.o ABSOLUTE
    _printf_x                                0x00000000   Number         0  printfstubs.o ABSOLUTE
    __cpp_initialize__aeabi_                  - Undefined Weak Reference
    __cxa_finalize                            - Undefined Weak Reference
    __decompress                              - Undefined Weak Reference
    _clock_init                               - Undefined Weak Reference
    _microlib_exit                            - Undefined Weak Reference
    __Vectors_End                            0x0000026c   Data           0  keiluvisoin_startup.o(RESET)
    __Vectors_Size                           0x0000026c   Number         0  keiluvisoin_startup.o ABSOLUTE
    __main                                   0x0000026d   Thumb Code     0  entry.o(.ARM.Collect$$$$00000000)
    _main_stk                                0x0000026d   Thumb Code     0  entry2.o(.ARM.Collect$$$$00000001)
    _main_scatterload                        0x00000271   Thumb Code     0  entry5.o(.ARM.Collect$$$$00000004)
    __main_after_scatterload                 0x00000275   Thumb Code     0  entry5.o(.ARM.Collect$$$$00000004)
    _main_clock                              0x00000275   Thumb Code     0  entry7b.o(.ARM.Collect$$$$00000008)
    _main_cpp_init                           0x00000275   Thumb Code     0  entry8b.o(.ARM.Collect$$$$0000000A)
    _main_init                               0x00000275   Thumb Code     0  entry9a.o(.ARM.Collect$$$$0000000B)
    __rt_final_cpp                           0x0000027d   Thumb Code     0  entry10a.o(.ARM.Collect$$$$0000000D)
    __rt_final_exit                          0x0000027d   Thumb Code     0  entry11a.o(.ARM.Collect$$$$0000000F)
    SpeedSensorSWC_Init                      0x00000281   Thumb Code     8  speedsensorswc.o(.text)
    SpeedSensorSWC_CheckAndReportError       0x000002ad   Thumb Code    30  speedsensorswc.o(.text)
    SpeedSensorSWC_StoreErrorToNVM           0x000002cd   Thumb Code    22  speedsensorswc.o(.text)
    R_ReadSpeed                              0x000002e5   Thumb Code    12  speedsensorswc.o(.text)
    Rte_Write_CANMessage                     0x000002f1   Thumb Code     4  rte_can.o(.text)
    Rte_Call_Dem_ReportErrorStatus           0x000002f5   Thumb Code    18  rte_dem.o(.text)
    Rte_Call_DemInterface_ErrorConfirmed     0x00000309   Thumb Code     4  rte_dem.o(.text)
    Rte_Call_NvmInterface_WriteDTC           0x0000030d   Thumb Code     4  rte_dem.o(.text)
    Rte_Read_RP_SpeedData_ReceiveSpeed       0x00000311   Thumb Code     4  rte_speedsensor.o(.text)
    Rte_Call_RP_SpeedSensorSWC_ReadSpeed     0x00000315   Thumb Code    12  rte_speedsensor.o(.text)
    Rte_Call_SpeedSensorSWC_CheckAndReportError 0x00000321   Thumb Code     4  rte_speedsensor.o(.text)
    Rte_Call_SpeedSensorSWC_StoreErrorToNVM  0x00000325   Thumb Code     4  rte_speedsensor.o(.text)
    Can_Services_SendSpeed                   0x00000329   Thumb Code     4  can.o(.text)
    Dem_ReportErrorStatus                    0x0000032d   Thumb Code   278  dem.o(.text)
    Dem_ClearDTC                             0x00000445   Thumb Code   112  dem.o(.text)
    Dem_GetEventStatus                       0x000004b5   Thumb Code    76  dem.o(.text)
    Dem_GetStoredDTC                         0x00000501   Thumb Code    34  dem.o(.text)
    Nvm_Write                                0x00000525   Thumb Code    30  nvm.o(.text)
    Nvm_Read                                 0x00000545   Thumb Code    20  nvm.o(.text)
    Nvm_Clear                                0x00000559   Thumb Code    28  nvm.o(.text)
    Com_HAL_Init                             0x00000599   Thumb Code    24  comhwabstraction.o(.text)
    Com_HAL_SendSpeed                        0x000005e1   Thumb Code    50  comhwabstraction.o(.text)
    IoHwAb_SpeedSensor_Callback              0x00000615   Thumb Code    42  iohwab_speedsensor.o(.text)
    IoHwAb_SpeedSensor_Init                  0x00000641   Thumb Code    36  iohwab_speedsensor.o(.text)
    IoHwAb_SpeedSensor_GetSpeed              0x000006b9   Thumb Code    66  iohwab_speedsensor.o(.text)
    MemIf_Init                               0x000006fd   Thumb Code     8  memif.o(.text)
    Eep_Write                                0x00000719   Thumb Code     4  memif.o(.text)
    Eep_Read                                 0x0000071d   Thumb Code     4  memif.o(.text)
    Fls_Write                                0x00000721   Thumb Code     4  memif.o(.text)
    Fls_Read                                 0x00000725   Thumb Code     4  memif.o(.text)
    Fls_Erase                                0x00000729   Thumb Code     2  memif.o(.text)
    MemIf_Write                              0x0000072d   Thumb Code    12  memif.o(.text)
    MemIf_Read                               0x00000739   Thumb Code    12  memif.o(.text)
    MemIf_Erase                              0x00000745   Thumb Code    10  memif.o(.text)
    Reset_Handler                            0x00000751   Thumb Code     8  keiluvisoin_startup.o(.text)
    NMI_Handler                              0x00000759   Thumb Code     2  keiluvisoin_startup.o(.text)
    HardFault_Handler                        0x0000075b   Thumb Code     2  keiluvisoin_startup.o(.text)
    MemManage_Handler                        0x0000075d   Thumb Code     2  keiluvisoin_startup.o(.text)
    BusFault_Handler                         0x0000075f   Thumb Code     2  keiluvisoin_startup.o(.text)
    UsageFault_Handler                       0x00000761   Thumb Code     2  keiluvisoin_startup.o(.text)
    SVC_Handler                              0x00000763   Thumb Code     2  keiluvisoin_startup.o(.text)
    DebugMon_Handler                         0x00000765   Thumb Code     2  keiluvisoin_startup.o(.text)
    PendSV_Handler                           0x00000767   Thumb Code     2  keiluvisoin_startup.o(.text)
    SysTick_Handler                          0x00000769   Thumb Code     2  keiluvisoin_startup.o(.text)
    GPIOA_Handler                            0x0000076b   Thumb Code     2  keiluvisoin_startup.o(.text)
    GPIOB_Handler                            0x0000076d   Thumb Code     2  keiluvisoin_startup.o(.text)
    GPIOC_Handler                            0x0000076f   Thumb Code     2  keiluvisoin_startup.o(.text)
    GPIOD_Handler                            0x00000771   Thumb Code     2  keiluvisoin_startup.o(.text)
    GPIOE_Handler                            0x00000773   Thumb Code     2  keiluvisoin_startup.o(.text)
    UART0_Handler                            0x00000775   Thumb Code     2  keiluvisoin_startup.o(.text)
    UART1_Handler                            0x00000777   Thumb Code     2  keiluvisoin_startup.o(.text)
    SSI0_Handler                             0x00000779   Thumb Code     2  keiluvisoin_startup.o(.text)
    I2C0_Handler                             0x0000077b   Thumb Code     2  keiluvisoin_startup.o(.text)
    PMW0_FAULT_Handler                       0x0000077d   Thumb Code     2  keiluvisoin_startup.o(.text)
    PWM0_0_Handler                           0x0000077f   Thumb Code     2  keiluvisoin_startup.o(.text)
    PWM0_1_Handler                           0x00000781   Thumb Code     2  keiluvisoin_startup.o(.text)
    PWM0_2_Handler                           0x00000783   Thumb Code     2  keiluvisoin_startup.o(.text)
    QEI0_Handler                             0x00000785   Thumb Code     2  keiluvisoin_startup.o(.text)
    ADC0SS0_Handler                          0x00000787   Thumb Code     2  keiluvisoin_startup.o(.text)
    ADC0SS1_Handler                          0x00000789   Thumb Code     2  keiluvisoin_startup.o(.text)
    ADC0SS2_Handler                          0x0000078b   Thumb Code     2  keiluvisoin_startup.o(.text)
    ADC0SS3_Handler                          0x0000078d   Thumb Code     2  keiluvisoin_startup.o(.text)
    WDT0_Handler                             0x0000078f   Thumb Code     2  keiluvisoin_startup.o(.text)
    TIMER0A_Handler                          0x00000791   Thumb Code     2  keiluvisoin_startup.o(.text)
    TIMER0B_Handler                          0x00000793   Thumb Code     2  keiluvisoin_startup.o(.text)
    TIMER1A_Handler                          0x00000795   Thumb Code     2  keiluvisoin_startup.o(.text)
    TIMER1B_Handler                          0x00000797   Thumb Code     2  keiluvisoin_startup.o(.text)
    TIMER2A_Handler                          0x00000799   Thumb Code     2  keiluvisoin_startup.o(.text)
    TIMER2B_Handler                          0x0000079b   Thumb Code     2  keiluvisoin_startup.o(.text)
    COMP0_Handler                            0x0000079d   Thumb Code     2  keiluvisoin_startup.o(.text)
    COMP1_Handler                            0x0000079f   Thumb Code     2  keiluvisoin_startup.o(.text)
    COMP2_Handler                            0x000007a1   Thumb Code     2  keiluvisoin_startup.o(.text)
    SYSCTL_Handler                           0x000007a3   Thumb Code     2  keiluvisoin_startup.o(.text)
    FLASH_Handler                            0x000007a5   Thumb Code     2  keiluvisoin_startup.o(.text)
    GPIOF_Handler                            0x000007a7   Thumb Code     2  keiluvisoin_startup.o(.text)
    GPIOG_Handler                            0x000007a9   Thumb Code     2  keiluvisoin_startup.o(.text)
    GPIOH_Handler                            0x000007ab   Thumb Code     2  keiluvisoin_startup.o(.text)
    UART2_Handler                            0x000007ad   Thumb Code     2  keiluvisoin_startup.o(.text)
    SSI1_Handler                             0x000007af   Thumb Code     2  keiluvisoin_startup.o(.text)
    TIMER3A_Handler                          0x000007b1   Thumb Code     2  keiluvisoin_startup.o(.text)
    TIMER3B_Handler                          0x000007b3   Thumb Code     2  keiluvisoin_startup.o(.text)
    I2C1_Handler                             0x000007b5   Thumb Code     2  keiluvisoin_startup.o(.text)
    QEI1_Handler                             0x000007b7   Thumb Code     2  keiluvisoin_startup.o(.text)
    CAN0_Handler                             0x000007b9   Thumb Code     2  keiluvisoin_startup.o(.text)
    CAN1_Handler                             0x000007bb   Thumb Code     2  keiluvisoin_startup.o(.text)
    CAN2_Handler                             0x000007bd   Thumb Code     2  keiluvisoin_startup.o(.text)
    HIB_Handler                              0x000007bf   Thumb Code     2  keiluvisoin_startup.o(.text)
    USB0_Handler                             0x000007c1   Thumb Code     2  keiluvisoin_startup.o(.text)
    PWM0_3_Handler                           0x000007c3   Thumb Code     2  keiluvisoin_startup.o(.text)
    UDMA_Handler                             0x000007c5   Thumb Code     2  keiluvisoin_startup.o(.text)
    UDMAERR_Handler                          0x000007c7   Thumb Code     2  keiluvisoin_startup.o(.text)
    ADC1SS0_Handler                          0x000007c9   Thumb Code     2  keiluvisoin_startup.o(.text)
    ADC1SS1_Handler                          0x000007cb   Thumb Code     2  keiluvisoin_startup.o(.text)
    ADC1SS2_Handler                          0x000007cd   Thumb Code     2  keiluvisoin_startup.o(.text)
    ADC1SS3_Handler                          0x000007cf   Thumb Code     2  keiluvisoin_startup.o(.text)
    GPIOJ_Handler                            0x000007d1   Thumb Code     2  keiluvisoin_startup.o(.text)
    GPIOK_Handler                            0x000007d3   Thumb Code     2  keiluvisoin_startup.o(.text)
    GPIOL_Handler                            0x000007d5   Thumb Code     2  keiluvisoin_startup.o(.text)
    SSI2_Handler                             0x000007d7   Thumb Code     2  keiluvisoin_startup.o(.text)
    SSI3_Handler                             0x000007d9   Thumb Code     2  keiluvisoin_startup.o(.text)
    UART3_Handler                            0x000007db   Thumb Code     2  keiluvisoin_startup.o(.text)
    UART4_Handler                            0x000007dd   Thumb Code     2  keiluvisoin_startup.o(.text)
    UART5_Handler                            0x000007df   Thumb Code     2  keiluvisoin_startup.o(.text)
    UART6_Handler                            0x000007e1   Thumb Code     2  keiluvisoin_startup.o(.text)
    UART7_Handler                            0x000007e3   Thumb Code     2  keiluvisoin_startup.o(.text)
    I2C2_Handler                             0x000007e5   Thumb Code     2  keiluvisoin_startup.o(.text)
    I2C3_Handler                             0x000007e7   Thumb Code     2  keiluvisoin_startup.o(.text)
    TIMER4A_Handler                          0x000007e9   Thumb Code     2  keiluvisoin_startup.o(.text)
    TIMER4B_Handler                          0x000007eb   Thumb Code     2  keiluvisoin_startup.o(.text)
    TIMER5A_Handler                          0x000007ed   Thumb Code     2  keiluvisoin_startup.o(.text)
    TIMER5B_Handler                          0x000007ef   Thumb Code     2  keiluvisoin_startup.o(.text)
    WTIMER0A_Handler                         0x000007f1   Thumb Code     2  keiluvisoin_startup.o(.text)
    WTIMER0B_Handler                         0x000007f3   Thumb Code     2  keiluvisoin_startup.o(.text)
    WTIMER1A_Handler                         0x000007f5   Thumb Code     2  keiluvisoin_startup.o(.text)
    WTIMER1B_Handler                         0x000007f7   Thumb Code     2  keiluvisoin_startup.o(.text)
    WTIMER2A_Handler                         0x000007f9   Thumb Code     2  keiluvisoin_startup.o(.text)
    WTIMER2B_Handler                         0x000007fb   Thumb Code     2  keiluvisoin_startup.o(.text)
    WTIMER3A_Handler                         0x000007fd   Thumb Code     2  keiluvisoin_startup.o(.text)
    WTIMER3B_Handler                         0x000007ff   Thumb Code     2  keiluvisoin_startup.o(.text)
    WTIMER4A_Handler                         0x00000801   Thumb Code     2  keiluvisoin_startup.o(.text)
    WTIMER4B_Handler                         0x00000803   Thumb Code     2  keiluvisoin_startup.o(.text)
    WTIMER5A_Handler                         0x00000805   Thumb Code     2  keiluvisoin_startup.o(.text)
    WTIMER5B_Handler                         0x00000807   Thumb Code     2  keiluvisoin_startup.o(.text)
    FPU_Handler                              0x00000809   Thumb Code     2  keiluvisoin_startup.o(.text)
    I2C4_Handler                             0x0000080b   Thumb Code     2  keiluvisoin_startup.o(.text)
    I2C5_Handler                             0x0000080d   Thumb Code     2  keiluvisoin_startup.o(.text)
    GPIOM_Handler                            0x0000080f   Thumb Code     2  keiluvisoin_startup.o(.text)
    GPION_Handler                            0x00000811   Thumb Code     2  keiluvisoin_startup.o(.text)
    QEI2_Handler                             0x00000813   Thumb Code     2  keiluvisoin_startup.o(.text)
    GPIOP0_Handler                           0x00000815   Thumb Code     2  keiluvisoin_startup.o(.text)
    GPIOP1_Handler                           0x00000817   Thumb Code     2  keiluvisoin_startup.o(.text)
    GPIOP2_Handler                           0x00000819   Thumb Code     2  keiluvisoin_startup.o(.text)
    GPIOP3_Handler                           0x0000081b   Thumb Code     2  keiluvisoin_startup.o(.text)
    GPIOP4_Handler                           0x0000081d   Thumb Code     2  keiluvisoin_startup.o(.text)
    GPIOP5_Handler                           0x0000081f   Thumb Code     2  keiluvisoin_startup.o(.text)
    GPIOP6_Handler                           0x00000821   Thumb Code     2  keiluvisoin_startup.o(.text)
    GPIOP7_Handler                           0x00000823   Thumb Code     2  keiluvisoin_startup.o(.text)
    GPIOQ0_Handler                           0x00000825   Thumb Code     2  keiluvisoin_startup.o(.text)
    GPIOQ1_Handler                           0x00000827   Thumb Code     2  keiluvisoin_startup.o(.text)
    GPIOQ2_Handler                           0x00000829   Thumb Code     2  keiluvisoin_startup.o(.text)
    GPIOQ3_Handler                           0x0000082b   Thumb Code     2  keiluvisoin_startup.o(.text)
    GPIOQ4_Handler                           0x0000082d   Thumb Code     2  keiluvisoin_startup.o(.text)
    GPIOQ5_Handler                           0x0000082f   Thumb Code     2  keiluvisoin_startup.o(.text)
    GPIOQ6_Handler                           0x00000831   Thumb Code     2  keiluvisoin_startup.o(.text)
    GPIOQ7_Handler                           0x00000833   Thumb Code     2  keiluvisoin_startup.o(.text)
    GPIOR_Handler                            0x00000835   Thumb Code     2  keiluvisoin_startup.o(.text)
    GPIOS_Handler                            0x00000837   Thumb Code     2  keiluvisoin_startup.o(.text)
    PMW1_0_Handler                           0x00000839   Thumb Code     2  keiluvisoin_startup.o(.text)
    PWM1_1_Handler                           0x0000083b   Thumb Code     2  keiluvisoin_startup.o(.text)
    PWM1_2_Handler                           0x0000083d   Thumb Code     2  keiluvisoin_startup.o(.text)
    PWM1_3_Handler                           0x0000083f   Thumb Code     2  keiluvisoin_startup.o(.text)
    PWM1_FAULT_Handler                       0x00000841   Thumb Code     2  keiluvisoin_startup.o(.text)
    SysTick_Init                             0x0000084d   Thumb Code    78  counter.o(.text)
    OsCnt_IncrSystemCounter                  0x0000089d   Thumb Code    16  counter.o(.text)
    OsCnt_GetSystemCounter                   0x000008ad   Thumb Code    12  counter.o(.text)
    ErrorHook                                0x000008b9   Thumb Code     2  hook.o(.text)
    StartupHook                              0x000008bd   Thumb Code     2  hook.o(.text)
    PreTaskHook                              0x000008c1   Thumb Code     2  hook.o(.text)
    PostTaskHook                             0x000008c5   Thumb Code     2  hook.o(.text)
    StackOverFlowHook                        0x000008c9   Thumb Code     2  hook.o(.text)
    SystemInit                               0x000008cd   Thumb Code     2  osekosecu1.o(.text)
    main                                     0x000008d1   Thumb Code     6  osekosecu1.o(.text)
    OsTask_Sensor_Read_Task                  0x000008d9   Thumb Code    76  osekosecu1.o(.text)
    OsTask_Can_Send_Task                     0x00000925   Thumb Code    68  osekosecu1.o(.text)
    OsTask_DEM_Task                          0x00000969   Thumb Code    90  osekosecu1.o(.text)
    OsTask_NVM_Logging_Task                  0x000009c5   Thumb Code    58  osekosecu1.o(.text)
    CanDrv_Init                              0x00000a01   Thumb Code    20  can_driver.o(.text)
    CanDrv_Transmit                          0x00000a49   Thumb Code    18  can_driver.o(.text)
    Icu_GetTime                              0x00000a5d   Thumb Code    14  icu_driver.o(.text)
    Icu_SpeedSensorCallback                  0x00000a6d   Thumb Code    44  icu_driver.o(.text)
    Icu_Setup                                0x00000a99   Thumb Code    12  icu_driver.o(.text)
    Icu_EnableNotification                   0x00000aa5   Thumb Code    12  icu_driver.o(.text)
    Icu_Init                                 0x00000ab1   Thumb Code    60  icu_driver.o(.text)
    DeclareAlarm                             0x00000b21   Thumb Code     2  alarm.o(.text)
    GetAlarmBase                             0x00000b23   Thumb Code    74  alarm.o(.text)
    GetAlarm                                 0x00000b6d   Thumb Code    80  alarm.o(.text)
    SetAbsAlarm                              0x00000c3d   Thumb Code    76  alarm.o(.text)
    SetRelAlarm                              0x00000c89   Thumb Code    94  alarm.o(.text)
    CancelAlarm                              0x00000ce7   Thumb Code    40  alarm.o(.text)
    SystemTimerHandler                       0x00000e73   Thumb Code    44  alarm.o(.text)
    SetEvent                                 0x00000f01   Thumb Code    34  event.o(.text)
    ClearEvent                               0x00000f23   Thumb Code    26  event.o(.text)
    GetEvent                                 0x00000f3d   Thumb Code    16  event.o(.text)
    WaitEvent                                0x00000f4d   Thumb Code    26  event.o(.text)
    StartOS                                  0x00000f69   Thumb Code    48  task.o(.text)
    ActivateTask                             0x00000f99   Thumb Code    30  task.o(.text)
    TerminateTask                            0x00000fb7   Thumb Code    22  task.o(.text)
    ChainTask                                0x00000fcd   Thumb Code    30  task.o(.text)
    Schedule                                 0x00000feb   Thumb Code    22  task.o(.text)
    GetTaskID                                0x00001001   Thumb Code    16  task.o(.text)
    GetTaskState                             0x00001011   Thumb Code    16  task.o(.text)
    SVC_Dispatcher                           0x00001021   Thumb Code   160  task.o(.text)
    OsTask_IdleMechanism                     0x000010c1   Thumb Code     4  task.o(.text)
    OsPort_JumpToApp                         0x000010d5   Thumb Code     0  port.o(.text)
    OsPort_PendSVHandler                     0x000010f7   Thumb Code     0  port.o(.text)
    OsPort_PushUpperContext                  0x00001109   Thumb Code     0  port.o(.text)
    OsPort_PopUpperContext                   0x00001117   Thumb Code     0  port.o(.text)
    OsPort_ReturnWithAutopop                 0x00001125   Thumb Code     0  port.o(.text)
    OsErrMgr_SetServiceID                    0x00001131   Thumb Code     6  errmgr.o(.text)
    OsErrMgr_GetServiceID                    0x00001137   Thumb Code     6  errmgr.o(.text)
    OsErrMgr_StoreTaskID                     0x0000113d   Thumb Code     6  errmgr.o(.text)
    OsErrMgr_GetTaskID                       0x00001143   Thumb Code     6  errmgr.o(.text)
    OsErrMgr_StoreEventID                    0x00001149   Thumb Code     6  errmgr.o(.text)
    OsErrMgr_GetEventID                      0x0000114f   Thumb Code     6  errmgr.o(.text)
    OsErrMgr_StoreResID                      0x00001155   Thumb Code     6  errmgr.o(.text)
    OsErrMgr_GetResID                        0x0000115b   Thumb Code     6  errmgr.o(.text)
    OsErrMgr_SetOverFlowContext              0x00001161   Thumb Code     8  errmgr.o(.text)
    OsErrMgr_GetOverFlowContext              0x00001169   Thumb Code    14  errmgr.o(.text)
    OsRes_GetResourceProcessor               0x0000118d   Thumb Code   136  rcbprocessor.o(.text)
    OsRcb_ReleaseResourceProcessor           0x00001215   Thumb Code   128  rcbprocessor.o(.text)
    SVCCnxt_SetErrCode                       0x000012a9   Thumb Code     6  svccontext.o(.text)
    SVCCnxt_GetErrCode                       0x000012af   Thumb Code     8  svccontext.o(.text)
    SVCCnxt_TskMgrSetTskID                   0x000012b7   Thumb Code     6  svccontext.o(.text)
    SVCCnxt_TskMgrGetTskID                   0x000012bd   Thumb Code     8  svccontext.o(.text)
    SVCCnxt_EventMgrSetTskID                 0x000012c5   Thumb Code     6  svccontext.o(.text)
    SVCCnxt_EventMgrGetTskID                 0x000012cb   Thumb Code     8  svccontext.o(.text)
    SVCCnxt_EventMgrSetEventMsk              0x000012d3   Thumb Code     6  svccontext.o(.text)
    SVCCnxt_EventMgrGetEventMsk              0x000012d9   Thumb Code     8  svccontext.o(.text)
    SVCCnxt_ResMgrSetResID                   0x000012e1   Thumb Code     6  svccontext.o(.text)
    SVCCnxt_ResMgrGetResID                   0x000012e7   Thumb Code     8  svccontext.o(.text)
    OsTcb_TasksInit                          0x0000146b   Thumb Code    48  tcbprocessor.o(.text)
    OsTcb_GetTaskState                       0x000014af   Thumb Code    16  tcbprocessor.o(.text)
    OsTcb_GetTaskIDProcessor                 0x000014bf   Thumb Code     6  tcbprocessor.o(.text)
    OsTcb_ActivateTaskTCBProcesor            0x000014df   Thumb Code   124  tcbprocessor.o(.text)
    OsTcb_GetResOccupied                     0x0000159d   Thumb Code    16  tcbprocessor.o(.text)
    OsTcb_ChainTaskTCBProcessor              0x000015ad   Thumb Code   178  tcbprocessor.o(.text)
    OsTcb_SetScheduleReq                     0x0000165f   Thumb Code    18  tcbprocessor.o(.text)
    OsTcb_TerminateTaskTCBProcessor          0x00001671   Thumb Code    82  tcbprocessor.o(.text)
    OsTcb_JumpToNextTCB                      0x000016c3   Thumb Code   254  tcbprocessor.o(.text)
    OsTcb_SetEventProcessor                  0x00001809   Thumb Code   152  tcbprocessor.o(.text)
    OsTcb_ClearEventProcessor                0x000018a1   Thumb Code   128  tcbprocessor.o(.text)
    OsTcb_GetEventProcessor                  0x00001921   Thumb Code    92  tcbprocessor.o(.text)
    OsTcb_WaitEventProcessor                 0x0000197d   Thumb Code   154  tcbprocessor.o(.text)
    OsTcb_GetTaskStateProcessor              0x00001a17   Thumb Code    60  tcbprocessor.o(.text)
    OsTcb_TaskAlrmExpiredProcessor           0x00001a53   Thumb Code    32  tcbprocessor.o(.text)
    OsTcb_EventAlrmExpiredProcessor          0x00001a73   Thumb Code    32  tcbprocessor.o(.text)
    OsTcb_SetTaskPri                         0x00001a93   Thumb Code    18  tcbprocessor.o(.text)
    OsTcb_GetTaskPriorityEx                  0x00001aa5   Thumb Code    12  tcbprocessor.o(.text)
    OsTcb_SetResOccupied                     0x00001ab1   Thumb Code    14  tcbprocessor.o(.text)
    OsTcb_GetCurrentTCBRef                   0x00001abf   Thumb Code     8  tcbprocessor.o(.text)
    OsTcb_GetTcbSP                           0x00001ac7   Thumb Code    14  tcbprocessor.o(.text)
    OsTcb_UpdateTCBSP                        0x00001ad5   Thumb Code    36  tcbprocessor.o(.text)
    OsTcb_UpdatePSP                          0x00001af9   Thumb Code    56  tcbprocessor.o(.text)
    OsTcb_SilenceHook                        0x00001b31   Thumb Code     8  tcbprocessor.o(.text)
    OsTcb_ScheduleProcessor                  0x00001b39   Thumb Code    92  tcbprocessor.o(.text)
    OsTcb_ThreadStackOverFlow                0x00001b95   Thumb Code    44  tcbprocessor.o(.text)
    OsPort_SetInitialStack                   0x00001d3d   Thumb Code    90  portable.o(.text)
    OsPort_GetSVCNumber                      0x00001d97   Thumb Code    14  portable.o(.text)
    OsPort_GetPSP                            0x00001da5   Thumb Code     8  portable.o(.text)
    OsPort_SetPSP                            0x00001dad   Thumb Code     6  portable.o(.text)
    OsPort_SetThreadMode                     0x00001db3   Thumb Code    14  portable.o(.text)
    OsPort_CoreInit                          0x00001dc1   Thumb Code    14  portable.o(.text)
    rand                                     0x00001dd5   Thumb Code    20  rand.o(.text)
    srand                                    0x00001de9   Thumb Code     6  rand.o(.text)
    __aeabi_memcpy                           0x00001df9   Thumb Code    36  memcpya.o(.text)
    __aeabi_memcpy4                          0x00001df9   Thumb Code     0  memcpya.o(.text)
    __aeabi_memcpy8                          0x00001df9   Thumb Code     0  memcpya.o(.text)
    __aeabi_uldivmod                         0x00001e1d   Thumb Code    98  uldiv.o(.text)
    __scatterload                            0x00001e81   Thumb Code    38  init.o(.text)
    __scatterload_rt2                        0x00001e81   Thumb Code     0  init.o(.text)
    __aeabi_llsl                             0x00001eb1   Thumb Code    30  llshl.o(.text)
    __semihosting_library_function           0x00001eb1   Thumb Code     0  semi.o(.text)
    _ll_shift_l                              0x00001eb1   Thumb Code     0  llshl.o(.text)
    __aeabi_llsr                             0x00001ecf   Thumb Code    32  llushr.o(.text)
    _ll_ushift_r                             0x00001ecf   Thumb Code     0  llushr.o(.text)
    __I$use$semihosting$fputc                0x00001eef   Thumb Code     0  iusesemip.o(.text)
    __0printf$5                              0x00001ef1   Thumb Code    22  printf5.o(i.__0printf$5)
    __1printf$5                              0x00001ef1   Thumb Code     0  printf5.o(i.__0printf$5)
    __2printf                                0x00001ef1   Thumb Code     0  printf5.o(i.__0printf$5)
    __scatterload_copy                       0x00001f11   Thumb Code    14  handlers.o(i.__scatterload_copy)
    __scatterload_null                       0x00001f1f   Thumb Code     2  handlers.o(i.__scatterload_null)
    __scatterload_zeroinit                   0x00001f21   Thumb Code    14  handlers.o(i.__scatterload_zeroinit)
    fputc                                    0x000021f1   Thumb Code    18  fputc.o(i.fputc)
    puts                                     0x00002205   Thumb Code    30  puts.o(i.puts)
    OsCfg_ALL_STACK_SIZE                     0x00002228   Data           2  oscfg.o(.rodata.OsCfg_ALL_STACK_SIZE)
    OsCfg_MAX_NUM_OF_ALARMS                  0x0000222a   Data           1  oscfg.o(.rodata.OsCfg_MAX_NUM_OF_ALARMS)
    OsCfg_MAX_NUM_OF_RESOURCES               0x0000222b   Data           1  oscfg.o(.rodata.OsCfg_MAX_NUM_OF_RESOURCES)
    OsCfg_MAX_NUM_OF_TASKS                   0x0000222c   Data           1  oscfg.o(.rodata.OsCfg_MAX_NUM_OF_TASKS)
    OsCfg_ResourceCeilPri                    0x0000222d   Data           1  oscfg.o(.rodata.OsCfg_ResourceCeilPri)
    OsCfg_ResourceTaskAuthorized             0x0000222e   Data           1  oscfg.o(.rodata.OsCfg_ResourceTaskAuthorized)
    OsCfg_SYSTEM_TICK_IN_MS                  0x00002230   Data           4  oscfg.o(.rodata.OsCfg_SYSTEM_TICK_IN_MS)
    OsCfg_StackSize                          0x00002234   Data          16  oscfg.o(.rodata.OsCfg_StackSize)
    OsCfg_USE_ERROR_HOOK                     0x00002244   Data           1  oscfg.o(.rodata.OsCfg_USE_ERROR_HOOK)
    OsCfg_USE_POSTTASK_HOOK                  0x00002245   Data           1  oscfg.o(.rodata.OsCfg_USE_POSTTASK_HOOK)
    OsCfg_USE_PRETASK_HOOK                   0x00002246   Data           1  oscfg.o(.rodata.OsCfg_USE_PRETASK_HOOK)
    OsCfg_USE_STACK_OVER_FLOW_HOOK           0x00002247   Data           1  oscfg.o(.rodata.OsCfg_USE_STACK_OVER_FLOW_HOOK)
    OsCfg_USE_STARTUP_HOOK                   0x00002248   Data           1  oscfg.o(.rodata.OsCfg_USE_STARTUP_HOOK)
    Region$$Table$$Base                      0x0000224c   Number         0  anon$$obj.o(Region$$Table)
    Region$$Table$$Limit                     0x0000226c   Number         0  anon$$obj.o(Region$$Table)
    Current_TCB_Ref                          0x20000010   Data           4  tcbprocessor.o(.data)
    __stdout                                 0x2000001c   Data           4  stdout.o(.data)
    MainCounter                              0x20000020   Data          12  oscfg.o(.data.MainCounter)
    OsCfg_Alarms                             0x2000002c   Data          24  oscfg.o(.data.OsCfg_Alarms)
    OsCfg_TCBs                               0x20000044   Data         140  oscfg.o(.data.OsCfg_TCBs)
    Check_Data_Read                          0x200000d1   Data           1  osekosecu1.o(.bss.Check_Data_Read)
    Check_Data_Send                          0x200000d2   Data           1  osekosecu1.o(.bss.Check_Data_Send)
    Check_Dem_Send                           0x200000d3   Data           1  osekosecu1.o(.bss.Check_Dem_Send)
    Check_Nvm_Stored                         0x200000d4   Data           1  osekosecu1.o(.bss.Check_Nvm_Stored)
    OsCfg_Stack                              0x200000d8   Data        7232  oscfg.o(.bss.OsCfg_Stack)
    RCB                                      0x20001d1c   Data           2  oscfg.o(.bss.RCB)
    SVCCnxt_ErrCodes                         0x20001d1e   Data           4  oscfg.o(.bss.SVCCnxt_ErrCodes)
    SVCCnxt_ResMgrCnxt                       0x20001d22   Data           1  oscfg.o(.bss.SVCCnxt_ResMgrCnxt)
    speed                                    0x20001d38   Data           2  osekosecu1.o(.bss.speed)
    __initial_sp                             0x20001f60   Data           0  keiluvisoin_startup.o(STACK)



==============================================================================

Memory Map of the image

  Image Entry point : 0x00000751

  Load Region LR_1 (Base: 0x00000000, Size: 0x0000233c, Max: 0xffffffff, ABSOLUTE)

    Execution Region ER_RO (Exec base: 0x00000000, Load base: 0x00000000, Size: 0x0000226c, Max: 0xffffffff, ABSOLUTE)

    Exec Addr    Load Addr    Size         Type   Attr      Idx    E Section Name        Object

    0x00000000   0x00000000   0x0000026c   Data   RO           88    RESET               keiluvisoin_startup.o
    0x0000026c   0x0000026c   0x00000000   Code   RO          342  * .ARM.Collect$$$$00000000  mc_w.l(entry.o)
    0x0000026c   0x0000026c   0x00000004   Code   RO          619    .ARM.Collect$$$$00000001  mc_w.l(entry2.o)
    0x00000270   0x00000270   0x00000004   Code   RO          622    .ARM.Collect$$$$00000004  mc_w.l(entry5.o)
    0x00000274   0x00000274   0x00000000   Code   RO          624    .ARM.Collect$$$$00000008  mc_w.l(entry7b.o)
    0x00000274   0x00000274   0x00000000   Code   RO          626    .ARM.Collect$$$$0000000A  mc_w.l(entry8b.o)
    0x00000274   0x00000274   0x00000008   Code   RO          627    .ARM.Collect$$$$0000000B  mc_w.l(entry9a.o)
    0x0000027c   0x0000027c   0x00000000   Code   RO          629    .ARM.Collect$$$$0000000D  mc_w.l(entry10a.o)
    0x0000027c   0x0000027c   0x00000000   Code   RO          631    .ARM.Collect$$$$0000000F  mc_w.l(entry11a.o)
    0x0000027c   0x0000027c   0x00000004   Code   RO          620    .ARM.Collect$$$$00002712  mc_w.l(entry2.o)
    0x00000280   0x00000280   0x00000070   Code   RO            1    .text               speedsensorswc.o
    0x000002f0   0x000002f0   0x00000004   Code   RO           10    .text               rte_can.o
    0x000002f4   0x000002f4   0x0000001c   Code   RO           17    .text               rte_dem.o
    0x00000310   0x00000310   0x00000018   Code   RO           25    .text               rte_speedsensor.o
    0x00000328   0x00000328   0x00000004   Code   RO           33    .text               can.o
    0x0000032c   0x0000032c   0x000001f6   Code   RO           40    .text               dem.o
    0x00000522   0x00000522   0x00000002   PAD
    0x00000524   0x00000524   0x00000074   Code   RO           52    .text               nvm.o
    0x00000598   0x00000598   0x0000007a   Code   RO           60    .text               comhwabstraction.o
    0x00000612   0x00000612   0x00000002   PAD
    0x00000614   0x00000614   0x000000e6   Code   RO           68    .text               iohwab_speedsensor.o
    0x000006fa   0x000006fa   0x00000002   PAD
    0x000006fc   0x000006fc   0x00000052   Code   RO           78    .text               memif.o
    0x0000074e   0x0000074e   0x00000002   PAD
    0x00000750   0x00000750   0x000000fc   Code   RO           89  * .text               keiluvisoin_startup.o
    0x0000084c   0x0000084c   0x0000006c   Code   RO           95    .text               counter.o
    0x000008b8   0x000008b8   0x00000012   Code   RO          103    .text               hook.o
    0x000008ca   0x000008ca   0x00000002   PAD
    0x000008cc   0x000008cc   0x00000132   Code   RO          138    .text               osekosecu1.o
    0x000009fe   0x000009fe   0x00000002   PAD
    0x00000a00   0x00000a00   0x0000005a   Code   RO          160    .text               can_driver.o
    0x00000a5a   0x00000a5a   0x00000002   PAD
    0x00000a5c   0x00000a5c   0x000000c4   Code   RO          168    .text               icu_driver.o
    0x00000b20   0x00000b20   0x000003e0   Code   RO          179    .text               OsekLib.lib(alarm.o)
    0x00000f00   0x00000f00   0x00000066   Code   RO          224    .text               OsekLib.lib(event.o)
    0x00000f66   0x00000f66   0x00000002   PAD
    0x00000f68   0x00000f68   0x0000016c   Code   RO          242    .text               OsekLib.lib(task.o)
    0x000010d4   0x000010d4   0x0000005a   Code   RO          269    .text               OsekLib.lib(port.o)
    0x0000112e   0x0000112e   0x00000002   PAD
    0x00001130   0x00001130   0x0000005c   Code   RO          272    .text               OsekLib.lib(errmgr.o)
    0x0000118c   0x0000118c   0x0000011c   Code   RO          286    .text               OsekLib.lib(rcbprocessor.o)
    0x000012a8   0x000012a8   0x00000058   Code   RO          298    .text               OsekLib.lib(svccontext.o)
    0x00001300   0x00001300   0x00000a3c   Code   RO          312    .text               OsekLib.lib(tcbprocessor.o)
    0x00001d3c   0x00001d3c   0x00000098   Code   RO          327    .text               OsekLib.lib(portable.o)
    0x00001dd4   0x00001dd4   0x00000024   Code   RO          349    .text               mc_w.l(rand.o)
    0x00001df8   0x00001df8   0x00000024   Code   RO          354    .text               mc_w.l(memcpya.o)
    0x00001e1c   0x00001e1c   0x00000062   Code   RO          649    .text               mc_w.l(uldiv.o)
    0x00001e7e   0x00001e7e   0x00000002   PAD
    0x00001e80   0x00001e80   0x00000030   Code   RO          662    .text               mc_w.l(init.o)
    0x00001eb0   0x00001eb0   0x00000000   Code   RO          664    .text               mc_w.l(semi.o)
    0x00001eb0   0x00001eb0   0x0000001e   Code   RO          665    .text               mc_w.l(llshl.o)
    0x00001ece   0x00001ece   0x00000020   Code   RO          667    .text               mc_w.l(llushr.o)
    0x00001eee   0x00001eee   0x00000000   Code   RO          671    .text               mc_w.l(iusesemip.o)
    0x00001eee   0x00001eee   0x00000002   PAD
    0x00001ef0   0x00001ef0   0x00000020   Code   RO          491    i.__0printf$5       mc_w.l(printf5.o)
    0x00001f10   0x00001f10   0x0000000e   Code   RO          676    i.__scatterload_copy  mc_w.l(handlers.o)
    0x00001f1e   0x00001f1e   0x00000002   Code   RO          677    i.__scatterload_null  mc_w.l(handlers.o)
    0x00001f20   0x00001f20   0x0000000e   Code   RO          678    i.__scatterload_zeroinit  mc_w.l(handlers.o)
    0x00001f2e   0x00001f2e   0x00000002   PAD
    0x00001f30   0x00001f30   0x000002c0   Code   RO          498    i._printf_core      mc_w.l(printf5.o)
    0x000021f0   0x000021f0   0x00000012   Code   RO          633    i.fputc             mc_w.l(fputc.o)
    0x00002202   0x00002202   0x00000002   PAD
    0x00002204   0x00002204   0x00000024   Code   RO          345    i.puts              mc_w.l(puts.o)
    0x00002228   0x00002228   0x00000002   Data   RO          114    .rodata.OsCfg_ALL_STACK_SIZE  oscfg.o
    0x0000222a   0x0000222a   0x00000001   Data   RO          112    .rodata.OsCfg_MAX_NUM_OF_ALARMS  oscfg.o
    0x0000222b   0x0000222b   0x00000001   Data   RO          113    .rodata.OsCfg_MAX_NUM_OF_RESOURCES  oscfg.o
    0x0000222c   0x0000222c   0x00000001   Data   RO          111    .rodata.OsCfg_MAX_NUM_OF_TASKS  oscfg.o
    0x0000222d   0x0000222d   0x00000001   Data   RO          131    .rodata.OsCfg_ResourceCeilPri  oscfg.o
    0x0000222e   0x0000222e   0x00000001   Data   RO          130    .rodata.OsCfg_ResourceTaskAuthorized  oscfg.o
    0x0000222f   0x0000222f   0x00000001   PAD
    0x00002230   0x00002230   0x00000004   Data   RO          122    .rodata.OsCfg_SYSTEM_TICK_IN_MS  oscfg.o
    0x00002234   0x00002234   0x00000010   Data   RO          125    .rodata.OsCfg_StackSize  oscfg.o
    0x00002244   0x00002244   0x00000001   Data   RO          115    .rodata.OsCfg_USE_ERROR_HOOK  oscfg.o
    0x00002245   0x00002245   0x00000001   Data   RO          117    .rodata.OsCfg_USE_POSTTASK_HOOK  oscfg.o
    0x00002246   0x00002246   0x00000001   Data   RO          116    .rodata.OsCfg_USE_PRETASK_HOOK  oscfg.o
    0x00002247   0x00002247   0x00000001   Data   RO          119    .rodata.OsCfg_USE_STACK_OVER_FLOW_HOOK  oscfg.o
    0x00002248   0x00002248   0x00000001   Data   RO          118    .rodata.OsCfg_USE_STARTUP_HOOK  oscfg.o
    0x00002249   0x00002249   0x00000003   PAD
    0x0000224c   0x0000224c   0x00000020   Data   RO          675    Region$$Table       anon$$obj.o


    Execution Region ER_RW (Exec base: 0x20000000, Load base: 0x0000226c, Size: 0x000000d0, Max: 0xffffffff, ABSOLUTE)

    Exec Addr    Load Addr    Size         Type   Attr      Idx    E Section Name        Object

    0x20000000   0x0000226c   0x0000000c   Data   RW          273    .data               OsekLib.lib(errmgr.o)
    0x2000000c   0x00002278   0x00000003   Data   RW          299    .data               OsekLib.lib(svccontext.o)
    0x2000000f   0x0000227b   0x00000001   PAD
    0x20000010   0x0000227c   0x00000006   Data   RW          313    .data               OsekLib.lib(tcbprocessor.o)
    0x20000016   0x00002282   0x00000002   PAD
    0x20000018   0x00002284   0x00000004   Data   RW          350    .data               mc_w.l(rand.o)
    0x2000001c   0x00002288   0x00000004   Data   RW          637    .data               mc_w.l(stdout.o)
    0x20000020   0x0000228c   0x0000000c   Data   RW          127    .data.MainCounter   oscfg.o
    0x2000002c   0x00002298   0x00000018   Data   RW          128    .data.OsCfg_Alarms  oscfg.o
    0x20000044   0x000022b0   0x0000008c   Data   RW          124    .data.OsCfg_TCBs    oscfg.o


    Execution Region ER_ZI (Exec base: 0x200000d0, Load base: 0x0000233c, Size: 0x00001e90, Max: 0xffffffff, ABSOLUTE)

    Exec Addr    Load Addr    Size         Type   Attr      Idx    E Section Name        Object

    0x200000d0        -       0x00000001   Zero   RW          150    .bss.CanSend_Toggle  osekosecu1.o
    0x200000d1        -       0x00000001   Zero   RW          144    .bss.Check_Data_Read  osekosecu1.o
    0x200000d2        -       0x00000001   Zero   RW          145    .bss.Check_Data_Send  osekosecu1.o
    0x200000d3        -       0x00000001   Zero   RW          146    .bss.Check_Dem_Send  osekosecu1.o
    0x200000d4        -       0x00000001   Zero   RW          147    .bss.Check_Nvm_Stored  osekosecu1.o
    0x200000d5        -       0x00000001   Zero   RW          151    .bss.DemSend_Toggle  osekosecu1.o
    0x200000d6        -       0x00000001   Zero   RW          152    .bss.NvmLogging_Toggle  osekosecu1.o
    0x200000d7   0x0000233c   0x00000001   PAD
    0x200000d8        -       0x00001c40   Zero   RW          126    .bss.OsCfg_Stack    oscfg.o
    0x20001d18        -       0x00000004   Zero   RW           97    .bss.OsCnt_SystemCounter  counter.o
    0x20001d1c        -       0x00000002   Zero   RW          133    .bss.RCB            oscfg.o
    0x20001d1e        -       0x00000004   Zero   RW          129    .bss.SVCCnxt_ErrCodes  oscfg.o
    0x20001d22        -       0x00000001   Zero   RW          132    .bss.SVCCnxt_ResMgrCnxt  oscfg.o
    0x20001d23        -       0x00000001   Zero   RW          148    .bss.SensorData_Toggle  osekosecu1.o
    0x20001d24        -       0x00000001   Zero   RW            3    .bss.detectedDTC    speedsensorswc.o
    0x20001d25        -       0x00000001   Zero   RW           42    .bss.dtcCount       dem.o
    0x20001d26   0x0000233c   0x00000002   PAD
    0x20001d28        -       0x00000004   Zero   RW           70    .bss.lastTimestamp  iohwab_speedsensor.o
    0x20001d2c        -       0x00000004   Zero   RW          170    .bss.lastTimestamp  icu_driver.o
    0x20001d30        -       0x00000004   Zero   RW           71    .bss.pulseInterval  iohwab_speedsensor.o
    0x20001d34        -       0x00000004   Zero   RW          171    .bss.pulseInterval  icu_driver.o
    0x20001d38        -       0x00000002   Zero   RW          149    .bss.speed          osekosecu1.o
    0x20001d3a   0x0000233c   0x00000002   PAD
    0x20001d3c        -       0x00000014   Zero   RW           43    .bss.storedDTCs     dem.o
    0x20001d50        -       0x0000000a   Zero   RW           44    .bss.storedStatus   dem.o
    0x20001d5a   0x0000233c   0x00000006   PAD
    0x20001d60        -       0x00000200   Zero   RW           86    STACK               keiluvisoin_startup.o


==============================================================================

Image component sizes


      Code (inc. data)   RO Data    RW Data    ZI Data      Debug   Object Name

         4          0          0          0          0        908   can.o
        90         52          0          0          0       1207   can_driver.o
       122         48          0          0          0       1270   comhwabstraction.o
       108          0          0          0          4        808   counter.o
       502          0          0          0         31       2774   dem.o
        18          0          0          0          0        926   hook.o
       196         52          0          0          8       2006   icu_driver.o
       230         84          0          0          8       1633   iohwab_speedsensor.o
       252         10        620          0        512       5500   keiluvisoin_startup.o
        82         20          0          0          0       2037   memif.o
       116         36          0          0          0       1308   nvm.o
         0          0         32        176       7239       3077   oscfg.o
       306          0          0          0         10       2339   osekosecu1.o
         4          0          0          0          0        839   rte_can.o
        28          0          0          0          0       1350   rte_dem.o
        24          0          0          0          0       1514   rte_speedsensor.o
       112         36          0          0          1       1693   speedsensorswc.o

    ----------------------------------------------------------------------
      2208        338        688        176       7824      31189   Object Totals
         0          0         32          0          0          0   (incl. Generated)
        14          0          4          0         11          0   (incl. Padding)

    ----------------------------------------------------------------------

      Code (inc. data)   RO Data    RW Data    ZI Data      Debug   Library Member Name

       992         20          0          0          0      14592   alarm.o
        92         22          0         12          0       2466   errmgr.o
       102          0          0          0          0       1477   event.o
        90          0          0          0          0        256   port.o
       152          6          0          0          0       1706   portable.o
       284         20          0          0          0        864   rcbprocessor.o
        88         18          0          3          0       2614   svccontext.o
       364         26          0          0          0       2647   task.o
      2620        112          0          6          0      10800   tcbprocessor.o
         0          0          0          0          0          0   entry.o
         0          0          0          0          0          0   entry10a.o
         0          0          0          0          0          0   entry11a.o
         8          4          0          0          0          0   entry2.o
         4          0          0          0          0          0   entry5.o
         0          0          0          0          0          0   entry7b.o
         0          0          0          0          0          0   entry8b.o
         8          4          0          0          0          0   entry9a.o
        18          0          0          0          0         80   fputc.o
        30          0          0          0          0          0   handlers.o
        48         10          0          0          0         68   init.o
         0          0          0          0          0          0   iusesemip.o
        30          0          0          0          0         68   llshl.o
        32          0          0          0          0         68   llushr.o
        36          0          0          0          0         68   memcpya.o
       736         56          0          0          0        184   printf5.o
        36          6          0          0          0         80   puts.o
        36         10          0          4          0        136   rand.o
         0          0          0          0          0          0   semi.o
         0          0          0          4          0          0   stdout.o
        98          0          0          0          0         92   uldiv.o

    ----------------------------------------------------------------------
      5916        314          0         32          0      38266   Library Totals
        12          0          0          3          0          0   (incl. Padding)

    ----------------------------------------------------------------------

      Code (inc. data)   RO Data    RW Data    ZI Data      Debug   Library Name

      4784        224          0         21          0      37422   OsekLib.lib
      1120         90          0          8          0        844   mc_w.l

    ----------------------------------------------------------------------
      5916        314          0         32          0      38266   Library Totals

    ----------------------------------------------------------------------

==============================================================================


      Code (inc. data)   RO Data    RW Data    ZI Data      Debug   

      8124        652        688        208       7824      68339   Grand Totals
      8124        652        688        208       7824      68339   ELF Image Totals
      8124        652        688        208          0          0   ROM Totals

==============================================================================

    Total RO  Size (Code + RO Data)                 8812 (   8.61kB)
    Total RW  Size (RW Data + ZI Data)              8032 (   7.84kB)
    Total ROM Size (Code + RO Data + RW Data)       9020 (   8.81kB)

==============================================================================

