Component: Arm Compiler for Embedded 6.22 Tool: armlink [5ee90200]

==============================================================================

Section Cross References

    nvblockswc.o(.text) refers to nvblockswc.o(.bss.storedDTC) for storedDTC
    nvblockswc.o(.text) refers to rte_nvm.o(.text) for Rte_Write_NvmInterface_WriteDTC
    nvblockswc.o(.ARM.exidx) refers to nvblockswc.o(.text) for [Anonymous Symbol]
    speedsensorswc.o(.text) refers to puts.o(i.puts) for puts
    speedsensorswc.o(.text) refers to speedsensorswc.o(.bss.detectedDTC) for detectedDTC
    speedsensorswc.o(.text) refers to rte_dem.o(.text) for Rte_Call_Dem_ReportErrorStatus
    speedsensorswc.o(.text) refers to rte_nvm.o(.text) for Rte_Write_NVDATA_DTC
    speedsensorswc.o(.text) refers to speedsensorswc.o(.bss.vehicleSpeed) for vehicleSpeed
    speedsensorswc.o(.text) refers to rte_can.o(.text) for Rte_Write_CANMessage
    speedsensorswc.o(.text) refers to rte_speedsensor.o(.text) for Rte_Read_RP_SpeedData_ReceiveSpeed
    speedsensorswc.o(.ARM.exidx) refers to speedsensorswc.o(.text) for [Anonymous Symbol]
    rte_can.o(.text) refers to can.o(.text) for Can_Services_SendSpeed
    rte_can.o(.ARM.exidx) refers to rte_can.o(.text) for [Anonymous Symbol]
    rte_dem.o(.text) refers to dem.o(.text) for Dem_ReportErrorStatus
    rte_dem.o(.ARM.exidx) refers to rte_dem.o(.text) for [Anonymous Symbol]
    rte_speedsensor.o(.text) refers to iohwab_speedsensor.o(.text) for IoHwAb_SpeedSensor_GetSpeed
    rte_speedsensor.o(.text) refers to speedsensorswc.o(.text) for R_ReadSpeed
    rte_speedsensor.o(.ARM.exidx) refers to rte_speedsensor.o(.text) for [Anonymous Symbol]
    rte_nvm.o(.text) refers to nvm.o(.text) for Nvm_Write
    rte_nvm.o(.text) refers to nvblockswc.o(.text) for R_NVBlockSWC_ReceiveDTC
    rte_nvm.o(.ARM.exidx) refers to rte_nvm.o(.text) for [Anonymous Symbol]
    dem.o(.text) refers to dem.o(.bss.dtcCount) for dtcCount
    dem.o(.text) refers to dem.o(.bss.storedStatus) for storedStatus
    dem.o(.text) refers to dem.o(.bss.storedDTCs) for storedDTCs
    dem.o(.text) refers to memcpya.o(.text) for __aeabi_memcpy
    dem.o(.ARM.exidx) refers to dem.o(.text) for [Anonymous Symbol]
    nvm.o(.text) refers to memif.o(.text) for MemIf_Write
    nvm.o(.text) refers to printf5.o(i.__0printf$5) for __2printf
    nvm.o(.ARM.exidx) refers to nvm.o(.text) for [Anonymous Symbol]
    can.o(.text) refers to comhwabstraction.o(.text) for Com_HAL_SendSpeed
    can.o(.ARM.exidx) refers to can.o(.text) for [Anonymous Symbol]
    comhwabstraction.o(.text) refers to puts.o(i.puts) for puts
    comhwabstraction.o(.text) refers to can_driver.o(.text) for CanDrv_Init
    comhwabstraction.o(.text) refers to comhwabstraction.o(.bss.speedCan) for speedCan
    comhwabstraction.o(.ARM.exidx) refers to comhwabstraction.o(.text) for [Anonymous Symbol]
    iohwab_speedsensor.o(.text) refers to icu_driver.o(.text) for Icu_GetTime
    iohwab_speedsensor.o(.text) refers to iohwab_speedsensor.o(.bss.lastTimestamp) for lastTimestamp
    iohwab_speedsensor.o(.text) refers to iohwab_speedsensor.o(.bss.pulseInterval) for pulseInterval
    iohwab_speedsensor.o(.text) refers to puts.o(i.puts) for puts
    iohwab_speedsensor.o(.text) refers to rand.o(.text) for rand
    iohwab_speedsensor.o(.ARM.exidx) refers to iohwab_speedsensor.o(.text) for [Anonymous Symbol]
    memif.o(.text) refers to puts.o(i.puts) for puts
    memif.o(.ARM.exidx) refers to memif.o(.text) for [Anonymous Symbol]
    keiluvisoin_startup.o(RESET) refers to keiluvisoin_startup.o(STACK) for __initial_sp
    keiluvisoin_startup.o(RESET) refers to keiluvisoin_startup.o(.text) for Reset_Handler
    keiluvisoin_startup.o(RESET) refers to task.o(.text) for SVC_Dispatcher
    keiluvisoin_startup.o(RESET) refers to port.o(.text) for OsPort_PendSVHandler
    keiluvisoin_startup.o(RESET) refers to alarm.o(.text) for SystemTimerHandler
    keiluvisoin_startup.o(.text) refers to osekosecu1.o(.text) for SystemInit
    keiluvisoin_startup.o(.text) refers to entry.o(.ARM.Collect$$$$00000000) for __main
    counter.o(.text) refers to oscfg.o(.rodata.OsCfg_SYSTEM_TICK_IN_MS) for OsCfg_SYSTEM_TICK_IN_MS
    counter.o(.text) refers to counter.o(.bss.OsCnt_SystemCounter) for OsCnt_SystemCounter
    counter.o(.ARM.exidx) refers to counter.o(.text) for [Anonymous Symbol]
    hook.o(.ARM.exidx) refers to hook.o(.text) for [Anonymous Symbol]
    oscfg.o(.data.OsCfg_TCBs) refers to osekosecu1.o(.text) for OsTask_NVM_Logging_Task
    oscfg.o(.data.OsCfg_TCBs) refers to task.o(.text) for OsTask_IdleMechanism
    oscfg.o(.data.OsCfg_Alarms) refers to oscfg.o(.data.MainCounter) for MainCounter
    osekosecu1.o(.text) refers to task.o(.text) for StartOS
    osekosecu1.o(.text) refers to osekosecu1.o(.bss.SensorData_Toggle) for SensorData_Toggle
    osekosecu1.o(.text) refers to osekosecu1.o(.bss.g_speed) for g_speed
    osekosecu1.o(.text) refers to rte_speedsensor.o(.text) for Rte_Call_RP_SpeedSensorSWC_ReadSpeed
[...]
    printf0.o(i.__0vsnprintf$0) refers to printf0.o(i._snputc) for _snputc
    printf0.o(i.__0vsprintf$0) refers to printf0.o(i._printf_core) for _printf_core
    printf0.o(i.__0vsprintf$0) refers to printf0.o(i._sputc) for _sputc
    printf1.o(i.__0fprintf$1) refers to printf1.o(i._printf_core) for _printf_core
    printf1.o(i.__0fprintf$1) refers to fputc.o(i.fputc) for fputc
    printf1.o(i.__0printf$1) refers to printf1.o(i._printf_core) for _printf_core
    printf1.o(i.__0printf$1) refers to fputc.o(i.fputc) for fputc
    printf1.o(i.__0printf$1) refers to stdout.o(.data) for __stdout
    printf1.o(i.__0snprintf$1) refers to printf1.o(i._printf_core) for _printf_core
    printf1.o(i.__0snprintf$1) refers to printf1.o(i._snputc) for _snputc
    printf1.o(i.__0sprintf$1) refers to printf1.o(i._printf_core) for _printf_core
    printf1.o(i.__0sprintf$1) refers to printf1.o(i._sputc) for _sputc
    printf1.o(i.__0vfprintf$1) refers to printf1.o(i._printf_core) for _printf_core
    printf1.o(i.__0vfprintf$1) refers to fputc.o(i.fputc) for fputc
    printf1.o(i.__0vprintf$1) refers to printf1.o(i._printf_core) for _printf_core
    printf1.o(i.__0vprintf$1) refers to fputc.o(i.fputc) for fputc
    printf1.o(i.__0vprintf$1) refers to stdout.o(.data) for __stdout
    printf1.o(i.__0vsnprintf$1) refers to printf1.o(i._printf_core) for _printf_core
    printf1.o(i.__0vsnprintf$1) refers to printf1.o(i._snputc) for _snputc
    printf1.o(i.__0vsprintf$1) refers to printf1.o(i._printf_core) for _printf_core
    printf1.o(i.__0vsprintf$1) refers to printf1.o(i._sputc) for _sputc
    printf1.o(i._printf_core) refers to uidiv.o(.text) for __aeabi_uidivmod
    printf2.o(i.__0fprintf$2) refers to printf2.o(i._printf_core) for _printf_core
    printf2.o(i.__0fprintf$2) refers to fputc.o(i.fputc) for fputc
    printf2.o(i.__0printf$2) refers to printf2.o(i._printf_core) for _printf_core
    printf2.o(i.__0printf$2) refers to fputc.o(i.fputc) for fputc
    printf2.o(i.__0printf$2) refers to stdout.o(.data) for __stdout
    printf2.o(i.__0snprintf$2) refers to printf2.o(i._printf_core) for _printf_core
    printf2.o(i.__0snprintf$2) refers to printf2.o(i._snputc) for _snputc
    printf2.o(i.__0sprintf$2) refers to printf2.o(i._printf_core) for _printf_core
    printf2.o(i.__0sprintf$2) refers to printf2.o(i._sputc) for _sputc
    printf2.o(i.__0vfprintf$2) refers to printf2.o(i._printf_core) for _printf_core
    printf2.o(i.__0vfprintf$2) refers to fputc.o(i.fputc) for fputc
    printf2.o(i.__0vprintf$2) refers to printf2.o(i._printf_core) for _printf_core
    printf2.o(i.__0vprintf$2) refers to fputc.o(i.fputc) for fputc
    printf2.o(i.__0vprintf$2) refers to stdout.o(.data) for __stdout
    printf2.o(i.__0vsnprintf$2) refers to printf2.o(i._printf_core) for _printf_core
    printf2.o(i.__0vsnprintf$2) refers to printf2.o(i._snputc) for _snputc
    printf2.o(i.__0vsprintf$2) refers to printf2.o(i._printf_core) for _printf_core
    printf2.o(i.__0vsprintf$2) refers to printf2.o(i._sputc) for _sputc
    printf3.o(i.__0fprintf$3) refers to printf3.o(i._printf_core) for _printf_core
    printf3.o(i.__0fprintf$3) refers to fputc.o(i.fputc) for fputc
    printf3.o(i.__0printf$3) refers to printf3.o(i._printf_core) for _printf_core
    printf3.o(i.__0printf$3) refers to fputc.o(i.fputc) for fputc
    printf3.o(i.__0printf$3) refers to stdout.o(.data) for __stdout
    printf3.o(i.__0snprintf$3) refers to printf3.o(i._printf_core) for _printf_core
    printf3.o(i.__0snprintf$3) refers to printf3.o(i._snputc) for _snputc
    printf3.o(i.__0sprintf$3) refers to printf3.o(i._printf_core) for _printf_core
    printf3.o(i.__0sprintf$3) refers to printf3.o(i._sputc) for _sputc
    printf3.o(i.__0vfprintf$3) refers to printf3.o(i._printf_core) for _printf_core
    printf3.o(i.__0vfprintf$3) refers to fputc.o(i.fputc) for fputc
    printf3.o(i.__0vprintf$3) refers to printf3.o(i._printf_core) for _printf_core
    printf3.o(i.__0vprintf$3) refers to fputc.o(i.fputc) for fputc
    printf3.o(i.__0vprintf$3) refers to stdout.o(.data) for __stdout
    printf3.o(i.__0vsnprintf$3) refers to printf3.o(i._printf_core) for _printf_core
    printf3.o(i.__0vsnprintf$3) refers to printf3.o(i._snputc) for _snputc
    printf3.o(i.__0vsprintf$3) refers to printf3.o(i._printf_core) for _printf_core
    printf3.o(i.__0vsprintf$3) refers to printf3.o(i._sputc) for _sputc
    printf3.o(i._printf_core) refers to uidiv.o(.text) for __aeabi_uidivmod
    printf4.o(i.__0fprintf$4) refers to printf4.o(i._printf_core) for _printf_core
    printf4.o(i.__0fprintf$4) refers to fputc.o(i.fputc) for fputc
    printf4.o(i.__0printf$4) refers to printf4.o(i._printf_core) for _printf_core
    printf4.o(i.__0printf$4) refers to fputc.o(i.fputc) for fputc
    printf4.o(i.__0printf$4) refers to stdout.o(.data) for __stdout
    printf4.o(i.__0snprintf$4) refers to printf4.o(i._printf_core) for _printf_core
    printf4.o(i.__0snprintf$4) refers to printf4.o(i._snputc) for _snputc
    printf4.o(i.__0sprintf$4) refers to printf4.o(i._printf_core) for _printf_core
    printf4.o(i.__0sprintf$4) refers to printf4.o(i._sputc) for _sputc
    printf4.o(i.__0vfprintf$4) refers to printf4.o(i._printf_core) for _printf_core
    printf4.o(i.__0vfprintf$4) refers to fputc.o(i.fputc) for fputc
    printf4.o(i.__0vprintf$4) refers to printf4.o(i._printf_core) for _printf_core
    printf4.o(i.__0vprintf$4) refers to fputc.o(i.fputc) for fputc
    printf4.o(i.__0vprintf$4) refers to stdout.o(.data) for __stdout
    printf4.o(i.__0vsnprintf$4) refers to printf4.o(i._printf_core) for _printf_core
    printf4.o(i.__0vsnprintf$4) refers to printf4.o(i._snputc) for _snputc
    printf4.o(i.__0vsprintf$4) refers to printf4.o(i._printf_core) for _printf_core
    printf4.o(i.__0vsprintf$4) refers to printf4.o(i._sputc) for _sputc
    printf4.o(i._printf_core) refers to uldiv.o(.text) for __aeabi_uldivmod
    printf5.o(i.__0fprintf$5) refers to printf5.o(i._printf_core) for _printf_core
    printf5.o(i.__0fprintf$5) refers to fputc.o(i.fputc) for fputc
    printf5.o(i.__0printf$5) refers to printf5.o(i._printf_core) for _printf_core
    printf5.o(i.__0printf$5) refers to fputc.o(i.fputc) for fputc
    printf5.o(i.__0printf$5) refers to stdout.o(.data) for __stdout
    printf5.o(i.__0snprintf$5) refers to printf5.o(i._printf_core) for _printf_core
    printf5.o(i.__0snprintf$5) refers to printf5.o(i._snputc) for _snputc
    printf5.o(i.__0sprintf$5) refers to printf5.o(i._printf_core) for _printf_core
    printf5.o(i.__0sprintf$5) refers to printf5.o(i._sputc) for _sputc
    printf5.o(i.__0vfprintf$5) refers to printf5.o(i._printf_core) for _printf_core
    printf5.o(i.__0vfprintf$5) refers to fputc.o(i.fputc) for fputc
    printf5.o(i.__0vprintf$5) refers to printf5.o(i._printf_core) for _printf_core
    printf5.o(i.__0vprintf$5) refers to fputc.o(i.fputc) for fputc
    printf5.o(i.__0vprintf$5) refers to stdout.o(.data) for __stdout
    printf5.o(i.__0vsnprintf$5) refers to printf5.o(i._printf_core) for _printf_core
    printf5.o(i.__0vsnprintf$5) refers to printf5.o(i._snputc) for _snputc
    printf5.o(i.__0vsprintf$5) refers to printf5.o(i._printf_core) for _printf_core
    printf5.o(i.__0vsprintf$5) refers to printf5.o(i._sputc) for _sputc
    printf5.o(i._printf_core) refers to uldiv.o(.text) for __aeabi_uldivmod
    printf6.o(i.__0fprintf$6) refers to printf6.o(i._printf_core) for _printf_core
    printf6.o(i.__0fprintf$6) refers to fputc.o(i.fputc) for fputc
    printf6.o(i.__0printf$6) refers to printf6.o(i._printf_core) for _printf_core
    printf6.o(i.__0printf$6) refers to fputc.o(i.fputc) for fputc
    printf6.o(i.__0printf$6) refers to stdout.o(.data) for __stdout
    printf6.o(i.__0snprintf$6) refers to printf6.o(i._printf_core) for _printf_core
    printf6.o(i.__0snprintf$6) refers to printf6.o(i._snputc) for _snputc
    printf6.o(i.__0sprintf$6) refers to printf6.o(i._printf_core) for _printf_core
    printf6.o(i.__0sprintf$6) refers to printf6.o(i._sputc) for _sputc
    printf6.o(i.__0vfprintf$6) refers to printf6.o(i._printf_core) for _printf_core
    printf6.o(i.__0vfprintf$6) refers to fputc.o(i.fputc) for fputc
    printf6.o(i.__0vprintf$6) refers to printf6.o(i._printf_core) for _printf_core
    printf6.o(i.__0vprintf$6) refers to fputc.o(i.fputc) for fputc
    printf6.o(i.__0vprintf$6) refers to stdout.o(.data) for __stdout
    printf6.o(i.__0vsnprintf$6) refers to printf6.o(i._printf_core) for _printf_core
    printf6.o(i.__0vsnprintf$6) refers to printf6.o(i._snputc) for _snputc
    printf6.o(i.__0vsprintf$6) refers to printf6.o(i._printf_core) for _printf_core
    printf6.o(i.__0vsprintf$6) refers to printf6.o(i._sputc) for _sputc
    printf6.o(i._printf_core) refers to printf6.o(i._printf_pre_padding) for _printf_pre_padding
    printf6.o(i._printf_core) refers to uidiv.o(.text) for __aeabi_uidivmod
    printf6.o(i._printf_core) refers to printf6.o(i._printf_post_padding) for _printf_post_padding
    printf7.o(i.__0fprintf$7) refers to printf7.o(i._printf_core) for _printf_core
    printf7.o(i.__0fprintf$7) refers to fputc.o(i.fputc) for fputc
    printf7.o(i.__0printf$7) refers to printf7.o(i._printf_core) for _printf_core
    printf7.o(i.__0printf$7) refers to fputc.o(i.fputc) for fputc
    printf7.o(i.__0printf$7) refers to stdout.o(.data) for __stdout
    printf7.o(i.__0snprintf$7) refers to printf7.o(i._printf_core) for _printf_core
    printf7.o(i.__0snprintf$7) refers to printf7.o(i._snputc) for _snputc
    printf7.o(i.__0sprintf$7) refers to printf7.o(i._printf_core) for _printf_core
    printf7.o(i.__0sprintf$7) refers to printf7.o(i._sputc) for _sputc
    printf7.o(i.__0vfprintf$7) refers to printf7.o(i._printf_core) for _printf_core
    printf7.o(i.__0vfprintf$7) refers to fputc.o(i.fputc) for fputc
    printf7.o(i.__0vprintf$7) refers to printf7.o(i._printf_core) for _printf_core
    printf7.o(i.__0vprintf$7) refers to fputc.o(i.fputc) for fputc
    printf7.o(i.__0vprintf$7) refers to stdout.o(.data) for __stdout
    printf7.o(i.__0vsnprintf$7) refers to printf7.o(i._printf_core) for _printf_core
    printf7.o(i.__0vsnprintf$7) refers to printf7.o(i._snputc) for _snputc
    printf7.o(i.__0vsprintf$7) refers to printf7.o(i._printf_core) for _printf_core
    printf7.o(i.__0vsprintf$7) refers to printf7.o(i._sputc) for _sputc
    printf7.o(i._printf_core) refers to printf7.o(i._printf_pre_padding) for _printf_pre_padding
    printf7.o(i._printf_core) refers to uldiv.o(.text) for __aeabi_uldivmod
    printf7.o(i._printf_core) refers to printf7.o(i._printf_post_padding) for _printf_post_padding
    printf8.o(i.__0fprintf$8) refers to printf8.o(i._printf_core) for _printf_core
    printf8.o(i.__0fprintf$8) refers to fputc.o(i.fputc) for fputc
    printf8.o(i.__0printf$8) refers to printf8.o(i._printf_core) for _printf_core
    printf8.o(i.__0printf$8) refers to fputc.o(i.fputc) for fputc
    printf8.o(i.__0printf$8) refers to stdout.o(.data) for __stdout
    printf8.o(i.__0snprintf$8) refers to printf8.o(i._printf_core) for _printf_core
    printf8.o(i.__0snprintf$8) refers to printf8.o(i._snputc) for _snputc
    printf8.o(i.__0sprintf$8) refers to printf8.o(i._printf_core) for _printf_core
    printf8.o(i.__0sprintf$8) refers to printf8.o(i._sputc) for _sputc
    printf8.o(i.__0vfprintf$8) refers to printf8.o(i._printf_core) for _printf_core
    printf8.o(i.__0vfprintf$8) refers to fputc.o(i.fputc) for fputc
    printf8.o(i.__0vprintf$8) refers to printf8.o(i._printf_core) for _printf_core
    printf8.o(i.__0vprintf$8) refers to fputc.o(i.fputc) for fputc
    printf8.o(i.__0vprintf$8) refers to stdout.o(.data) for __stdout
    printf8.o(i.__0vsnprintf$8) refers to printf8.o(i._printf_core) for _printf_core
    printf8.o(i.__0vsnprintf$8) refers to printf8.o(i._snputc) for _snputc
    printf8.o(i.__0vsprintf$8) refers to printf8.o(i._printf_core) for _printf_core
    printf8.o(i.__0vsprintf$8) refers to printf8.o(i._sputc) for _sputc
    printf8.o(i._printf_core) refers to printf8.o(i._printf_pre_padding) for _printf_pre_padding
    printf8.o(i._printf_core) refers to uldiv.o(.text) for __aeabi_uldivmod
    printf8.o(i._printf_core) refers to printf8.o(i._printf_post_padding) for _printf_post_padding
    printfa.o(i.__0fprintf) refers (Special) to iusefp.o(.text) for __I$use$fp
    printfa.o(i.__0fprintf) refers to printfa.o(i._printf_core) for _printf_core
    printfa.o(i.__0fprintf) refers to fputc.o(i.fputc) for fputc
    printfa.o(i.__0printf) refers (Special) to iusefp.o(.text) for __I$use$fp
    printfa.o(i.__0printf) refers to printfa.o(i._printf_core) for _printf_core
    printfa.o(i.__0printf) refers to fputc.o(i.fputc) for fputc
    printfa.o(i.__0printf) refers to stdout.o(.data) for __stdout
    printfa.o(i.__0snprintf) refers (Special) to iusefp.o(.text) for __I$use$fp
    printfa.o(i.__0snprintf) refers to printfa.o(i._printf_core) for _printf_core
    printfa.o(i.__0snprintf) refers to printfa.o(i._snputc) for _snputc
    printfa.o(i.__0sprintf) refers (Special) to iusefp.o(.text) for __I$use$fp
    printfa.o(i.__0sprintf) refers to printfa.o(i._printf_core) for _printf_core
    printfa.o(i.__0sprintf) refers to printfa.o(i._sputc) for _sputc
    printfa.o(i.__0vfprintf) refers (Special) to iusefp.o(.text) for __I$use$fp
    printfa.o(i.__0vfprintf) refers to printfa.o(i._printf_core) for _printf_core
    printfa.o(i.__0vfprintf) refers to fputc.o(i.fputc) for fputc
    printfa.o(i.__0vprintf) refers (Special) to iusefp.o(.text) for __I$use$fp
    printfa.o(i.__0vprintf) refers to printfa.o(i._printf_core) for _printf_core
    printfa.o(i.__0vprintf) refers to fputc.o(i.fputc) for fputc
    printfa.o(i.__0vprintf) refers to stdout.o(.data) for __stdout
    printfa.o(i.__0vsnprintf) refers (Special) to iusefp.o(.text) for __I$use$fp
    printfa.o(i.__0vsnprintf) refers to printfa.o(i._printf_core) for _printf_core
    printfa.o(i.__0vsnprintf) refers to printfa.o(i._snputc) for _snputc
    printfa.o(i.__0vsprintf) refers (Special) to iusefp.o(.text) for __I$use$fp
    printfa.o(i.__0vsprintf) refers to printfa.o(i._printf_core) for _printf_core
    printfa.o(i.__0vsprintf) refers to printfa.o(i._sputc) for _sputc
    printfa.o(i._fp_digits) refers (Special) to iusefp.o(.text) for __I$use$fp
    printfa.o(i._fp_digits) refers to dmul.o(.text) for __aeabi_dmul
    printfa.o(i._fp_digits) refers to ddiv.o(.text) for __aeabi_ddiv
    printfa.o(i._fp_digits) refers to cdrcmple.o(.text) for __aeabi_cdrcmple
    printfa.o(i._fp_digits) refers to dadd.o(.text) for __aeabi_dadd
    printfa.o(i._fp_digits) refers to dfixul.o(.text) for __aeabi_d2ulz
    printfa.o(i._fp_digits) refers to uldiv.o(.text) for __aeabi_uldivmod
    printfa.o(i._printf_core) refers (Special) to iusefp.o(.text) for __I$use$fp
    printfa.o(i._printf_core) refers to printfa.o(i._printf_pre_padding) for _printf_pre_padding
    printfa.o(i._printf_core) refers to uldiv.o(.text) for __aeabi_uldivmod
    printfa.o(i._printf_core) refers to printfa.o(i._printf_post_padding) for _printf_post_padding
    printfa.o(i._printf_core) refers to printfa.o(i._fp_digits) for _fp_digits
    printfa.o(i._printf_core) refers to uidiv.o(.text) for __aeabi_uidivmod
    printfa.o(i._printf_post_padding) refers (Special) to iusefp.o(.text) for __I$use$fp
    printfa.o(i._printf_pre_padding) refers (Special) to iusefp.o(.text) for __I$use$fp
    printfa.o(i._snputc) refers (Special) to iusefp.o(.text) for __I$use$fp
    printfa.o(i._sputc) refers (Special) to iusefp.o(.text) for __I$use$fp
    entry2.o(.ARM.Collect$$$$00000001) refers to entry2.o(.ARM.Collect$$$$00002712) for __lit__00000000
    entry2.o(.ARM.Collect$$$$00002712) refers to keiluvisoin_startup.o(STACK) for __initial_sp
    entry2.o(__vectab_stack_and_reset_area) refers to keiluvisoin_startup.o(STACK) for __initial_sp
    entry2.o(__vectab_stack_and_reset_area) refers to entry.o(.ARM.Collect$$$$00000000) for __main
    entry5.o(.ARM.Collect$$$$00000004) refers to init.o(.text) for __scatterload
    entry9a.o(.ARM.Collect$$$$0000000B) refers to osekosecu1.o(.text) for main
    entry9b.o(.ARM.Collect$$$$0000000C) refers to osekosecu1.o(.text) for main
    fputc.o(i.fputc) refers (Special) to iusesemip.o(.text) for __I$use$semihosting$fputc
    fputc.o(i.fputc) refers (Special) to semi.o(.text) for __semihosting_library_function
    fputc_h.o(i._fputc$hlt) refers (Special) to iusesemip.o(.text) for __I$use$semihosting$fputc
    fputc_h.o(i._fputc$hlt) refers (Special) to semi.o(.text) for __semihosting_library_function
    uldiv.o(.text) refers to llushr.o(.text) for __aeabi_llsr
    uldiv.o(.text) refers to llshl.o(.text) for __aeabi_llsl
    dadd.o(.text) refers (Special) to iusefp.o(.text) for __I$use$fp
    dadd.o(.text) refers to llshl.o(.text) for __aeabi_llsl
    dadd.o(.text) refers to llsshr.o(.text) for __aeabi_lasr
    dadd.o(.text) refers to depilogue.o(.text) for _double_epilogue
    dmul.o(.text) refers (Special) to iusefp.o(.text) for __I$use$fp
    dmul.o(.text) refers to depilogue.o(.text) for _double_epilogue
    ddiv.o(.text) refers (Special) to iusefp.o(.text) for __I$use$fp
    ddiv.o(.text) refers to depilogue.o(.text) for _double_round
    dfixul.o(.text) refers (Special) to iusefp.o(.text) for __I$use$fp
    dfixul.o(.text) refers to llushr.o(.text) for __aeabi_llsr
    dfixul.o(.text) refers to llshl.o(.text) for __aeabi_llsl
    cdrcmple.o(.text) refers (Special) to iusefp.o(.text) for __I$use$fp
    init.o(.text) refers to entry5.o(.ARM.Collect$$$$00000004) for __main_after_scatterload
    depilogue.o(.text) refers (Special) to iusefp.o(.text) for __I$use$fp
    depilogue.o(.text) refers to llshl.o(.text) for __aeabi_llsl
    depilogue.o(.text) refers to llushr.o(.text) for __aeabi_llsr


==============================================================================

Removing Unused input sections from the image.

    Removing nvblockswc.o(.ARM.exidx), (16 bytes).
    Removing speedsensorswc.o(.ARM.exidx), (40 bytes).
    Removing rte_can.o(.ARM.exidx), (8 bytes).
    Removing rte_dem.o(.ARM.exidx), (16 bytes).
    Removing rte_speedsensor.o(.ARM.exidx), (40 bytes).
    Removing rte_nvm.o(.ARM.exidx), (24 bytes).
    Removing dem.o(.ARM.exidx), (32 bytes).
    Removing nvm.o(.ARM.exidx), (24 bytes).
    Removing can.o(.ARM.exidx), (8 bytes).
    Removing comhwabstraction.o(.ARM.exidx), (16 bytes).
    Removing iohwab_speedsensor.o(.ARM.exidx), (24 bytes).
    Removing memif.o(.ARM.exidx), (72 bytes).
    Removing keiluvisoin_startup.o(HEAP), (0 bytes).
    Removing counter.o(.ARM.exidx), (24 bytes).
    Removing hook.o(.ARM.exidx), (40 bytes).
    Removing oscfg.o(.text), (0 bytes).
    Removing oscfg.o(.rodata.OsCfg_USE_PARAMETER_ACCESS), (1 bytes).
    Removing oscfg.o(.rodata.OsCfg_USE_GET_SERVICE_ID), (1 bytes).
    Removing oscfg.o(.rodata.OSTICKDURATION), (4 bytes).
    Removing osekosecu1.o(.ARM.exidx), (32 bytes).
    Removing osekosecu1.o(.bss.SensorTask_Running), (1 bytes).
    Removing osekosecu1.o(.bss.DEMTask_Running), (1 bytes).
    Removing osekosecu1.o(.bss.NVMLoggingTask_Running), (1 bytes).
    Removing osekosecu1.o(.ARM.use_no_argv), (4 bytes).
    Removing can_driver.o(.ARM.exidx), (16 bytes).
    Removing icu_driver.o(.ARM.exidx), (40 bytes).
    Removing dadd.o(.text), (334 bytes).
    Removing dmul.o(.text), (228 bytes).
    Removing ddiv.o(.text), (222 bytes).
    Removing dfixul.o(.text), (48 bytes).
    Removing cdrcmple.o(.text), (48 bytes).
    Removing depilogue.o(.text), (186 bytes).

32 unused section(s) (total 1551 bytes) removed from the image.

==============================================================================

Image Symbol Table

    Local Symbols

    Symbol Name                              Value     Ov Type        Size  Object(Section)

    ../ECU1_VehicleSpeed/BSW/OS/startup/keilUvisoin_startup.s 0x00000000   Number         0  keiluvisoin_startup.o ABSOLUTE
    ../clib/division.s                       0x00000000   Number         0  aeabi_sdiv.o ABSOLUTE
    ../clib/microlib/division.c              0x00000000   Number         0  uidiv.o ABSOLUTE
    ../clib/microlib/division.c              0x00000000   Number         0  uldiv.o ABSOLUTE
    ../clib/microlib/init/entry.s            0x00000000   Number         0  entry.o ABSOLUTE
    ../clib/microlib/init/entry.s            0x00000000   Number         0  entry2.o ABSOLUTE
    ../clib/microlib/init/entry.s            0x00000000   Number         0  entry5.o ABSOLUTE
    ../clib/microlib/init/entry.s            0x00000000   Number         0  entry7a.o ABSOLUTE
    ../clib/microlib/init/entry.s            0x00000000   Number         0  entry7b.o ABSOLUTE
    ../clib/microlib/init/entry.s            0x00000000   Number         0  entry8a.o ABSOLUTE
    ../clib/microlib/init/entry.s            0x00000000   Number         0  entry8b.o ABSOLUTE
    ../clib/microlib/init/entry.s            0x00000000   Number         0  entry9a.o ABSOLUTE
    ../clib/microlib/init/entry.s            0x00000000   Number         0  entry9b.o ABSOLUTE
    ../clib/microlib/init/entry.s            0x00000000   Number         0  entry10a.o ABSOLUTE
    ../clib/microlib/init/entry.s            0x00000000   Number         0  entry10b.o ABSOLUTE
    ../clib/microlib/init/entry.s            0x00000000   Number         0  entry11a.o ABSOLUTE
    ../clib/microlib/init/entry.s            0x00000000   Number         0  entry11b.o ABSOLUTE
    ../clib/microlib/longlong.c              0x00000000   Number         0  llshl.o ABSOLUTE
    ../clib/microlib/longlong.c              0x00000000   Number         0  llushr.o ABSOLUTE
    ../clib/microlib/longlong.c              0x00000000   Number         0  llsshr.o ABSOLUTE
    ../clib/microlib/printf/printf.c         0x00000000   Number         0  printfb.o ABSOLUTE
    ../clib/microlib/printf/printf.c         0x00000000   Number         0  printf0.o ABSOLUTE
    ../clib/microlib/printf/printf.c         0x00000000   Number         0  printf1.o ABSOLUTE
    ../clib/microlib/printf/printf.c         0x00000000   Number         0  printf2.o ABSOLUTE
    ../clib/microlib/printf/printf.c         0x00000000   Number         0  printf3.o ABSOLUTE
    ../clib/microlib/printf/printf.c         0x00000000   Number         0  printf4.o ABSOLUTE
    ../clib/microlib/printf/printf.c         0x00000000   Number         0  printf5.o ABSOLUTE
    ../clib/microlib/printf/printf.c         0x00000000   Number         0  printf6.o ABSOLUTE
    ../clib/microlib/printf/printf.c         0x00000000   Number         0  printf7.o ABSOLUTE
    ../clib/microlib/printf/printf.c         0x00000000   Number         0  printf8.o ABSOLUTE
    ../clib/microlib/printf/printf.c         0x00000000   Number         0  printfa.o ABSOLUTE
    ../clib/microlib/printf/stubs.s          0x00000000   Number         0  printfstubs.o ABSOLUTE
    ../clib/microlib/stdio/fputc.c           0x00000000   Number         0  fputc.o ABSOLUTE
    ../clib/microlib/stdio/fputc.c           0x00000000   Number         0  fputc_h.o ABSOLUTE
    ../clib/microlib/stdio/puts.c            0x00000000   Number         0  puts.o ABSOLUTE
    ../clib/microlib/stdio/puts.c            0x00000000   Number         0  puts_e.o ABSOLUTE
    ../clib/microlib/stdio/semi.s            0x00000000   Number         0  semi.o ABSOLUTE
    ../clib/microlib/stdio/streams.c         0x00000000   Number         0  stdout.o ABSOLUTE
    ../clib/microlib/stdlib/rand.c           0x00000000   Number         0  rand.o ABSOLUTE
    ../clib/microlib/string/memcpy.c         0x00000000   Number         0  memcpya.o ABSOLUTE
    ../clib/microlib/string/memcpy.c         0x00000000   Number         0  memcpyb.o ABSOLUTE
    ../clib/microlib/stubs.s                 0x00000000   Number         0  iusefp.o ABSOLUTE
    ../clib/microlib/stubs.s                 0x00000000   Number         0  iusesemip.o ABSOLUTE
    ../clib/microlib/time/clock.c            0x00000000   Number         0  clock.o ABSOLUTE
    ../fplib/microlib/fpadd.c                0x00000000   Number         0  dadd.o ABSOLUTE
    ../fplib/microlib/fpdiv.c                0x00000000   Number         0  ddiv.o ABSOLUTE
    ../fplib/microlib/fpepilogue.c           0x00000000   Number         0  depilogue.o ABSOLUTE
    ../fplib/microlib/fpfix.c                0x00000000   Number         0  dfixul.o ABSOLUTE
    ../fplib/microlib/fpmul.c                0x00000000   Number         0  dmul.o ABSOLUTE
    Can.c                                    0x00000000   Number         0  can.o ABSOLUTE
    Can_Driver.c                             0x00000000   Number         0  can_driver.o ABSOLUTE
    ComHwAbstraction.c                       0x00000000   Number         0  comhwabstraction.o ABSOLUTE
    Dem.c                                    0x00000000   Number         0  dem.o ABSOLUTE
    Icu_Driver.c                             0x00000000   Number         0  icu_driver.o ABSOLUTE
    IoHwAb_SpeedSensor.c                     0x00000000   Number         0  iohwab_speedsensor.o ABSOLUTE
    MemIf.c                                  0x00000000   Number         0  memif.o ABSOLUTE
    NVBlockSWC.c                             0x00000000   Number         0  nvblockswc.o ABSOLUTE
    Nvm.c                                    0x00000000   Number         0  nvm.o ABSOLUTE
    OsCfg.c                                  0x00000000   Number         0  oscfg.o ABSOLUTE
    OsekOSECU1.c                             0x00000000   Number         0  osekosecu1.o ABSOLUTE
    Rte_Can.c                                0x00000000   Number         0  rte_can.o ABSOLUTE
    Rte_Dem.c                                0x00000000   Number         0  rte_dem.o ABSOLUTE
    Rte_Nvm.c                                0x00000000   Number         0  rte_nvm.o ABSOLUTE
    Rte_SpeedSensor.c                        0x00000000   Number         0  rte_speedsensor.o ABSOLUTE
    SpeedSensorSWC.c                         0x00000000   Number         0  speedsensorswc.o ABSOLUTE
    cdrcmple.s                               0x00000000   Number         0  cdrcmple.o ABSOLUTE
    counter.c                                0x00000000   Number         0  counter.o ABSOLUTE
    dc.s                                     0x00000000   Number         0  dc.o ABSOLUTE
    handlers.s                               0x00000000   Number         0  handlers.o ABSOLUTE
    hook.c                                   0x00000000   Number         0  hook.o ABSOLUTE
    init.s                                   0x00000000   Number         0  init.o ABSOLUTE
    src\ErrMgr.c                             0x00000000   Number         0  errmgr.o ABSOLUTE
    src\RcbProcessor.c                       0x00000000   Number         0  rcbprocessor.o ABSOLUTE
    src\SVCContext.c                         0x00000000   Number         0  svccontext.o ABSOLUTE
    src\TcbProcessor.c                       0x00000000   Number         0  tcbprocessor.o ABSOLUTE
    src\alarm.c                              0x00000000   Number         0  alarm.o ABSOLUTE
    src\event.c                              0x00000000   Number         0  event.o ABSOLUTE
    src\portable\Keil\port.s                 0x00000000   Number         0  port.o ABSOLUTE
    src\portable\Keil\portable.c             0x00000000   Number         0  portable.o ABSOLUTE
    src\task.c                               0x00000000   Number         0  task.o ABSOLUTE
    RESET                                    0x00000000   Section      620  keiluvisoin_startup.o(RESET)
    .ARM.Collect$$$$00000000                 0x0000026c   Section        0  entry.o(.ARM.Collect$$$$00000000)
    .ARM.Collect$$$$00000001                 0x0000026c   Section        4  entry2.o(.ARM.Collect$$$$00000001)
    .ARM.Collect$$$$00000004                 0x00000270   Section        4  entry5.o(.ARM.Collect$$$$00000004)
    .ARM.Collect$$$$00000008                 0x00000274   Section        0  entry7b.o(.ARM.Collect$$$$00000008)
    .ARM.Collect$$$$0000000A                 0x00000274   Section        0  entry8b.o(.ARM.Collect$$$$0000000A)
    .ARM.Collect$$$$0000000B                 0x00000274   Section        8  entry9a.o(.ARM.Collect$$$$0000000B)
    __lit__00000000                          0x0000027c   Data           4  entry2.o(.ARM.Collect$$$$00002712)
    .ARM.Collect$$$$0000000D                 0x0000027c   Section        0  entry10a.o(.ARM.Collect$$$$0000000D)
    .ARM.Collect$$$$0000000F                 0x0000027c   Section        0  entry11a.o(.ARM.Collect$$$$0000000F)
    .ARM.Collect$$$$00002712                 0x0000027c   Section        4  entry2.o(.ARM.Collect$$$$00002712)
    [Anonymous Symbol]                       0x00000280   Section        0  nvblockswc.o(.text)
    [Anonymous Symbol]                       0x000002b8   Section        0  speedsensorswc.o(.text)
    [Anonymous Symbol]                       0x0000036c   Section        0  rte_can.o(.text)
    [Anonymous Symbol]                       0x00000370   Section        0  rte_dem.o(.text)
    [Anonymous Symbol]                       0x00000388   Section        0  rte_speedsensor.o(.text)
    [Anonymous Symbol]                       0x0000039c   Section        0  rte_nvm.o(.text)
    [Anonymous Symbol]                       0x000003b8   Section        0  dem.o(.text)
    [Anonymous Symbol]                       0x000005b0   Section        0  nvm.o(.text)
    [Anonymous Symbol]                       0x00000624   Section        0  can.o(.text)
    [Anonymous Symbol]                       0x00000628   Section        0  comhwabstraction.o(.text)
    [Anonymous Symbol]                       0x000006c4   Section        0  iohwab_speedsensor.o(.text)
    [Anonymous Symbol]                       0x000007ac   Section        0  memif.o(.text)
    $v0                                      0x00000800   Number         0  keiluvisoin_startup.o(.text)
    .text                                    0x00000800   Section      252  keiluvisoin_startup.o(.text)
    [Anonymous Symbol]                       0x000008fc   Section        0  counter.o(.text)
    [Anonymous Symbol]                       0x00000968   Section        0  hook.o(.text)
    [Anonymous Symbol]                       0x0000097c   Section        0  osekosecu1.o(.text)
    [Anonymous Symbol]                       0x00000a74   Section        0  can_driver.o(.text)
    [Anonymous Symbol]                       0x00000ad0   Section        0  icu_driver.o(.text)
    .text                                    0x00000b94   Section        0  alarm.o(.text)
    OsAlrm_AssignAlarmEntry                  0x00000c31   Thumb Code    38  alarm.o(.text)
    OsAlrm_ValidateStartValue                0x00000c57   Thumb Code    44  alarm.o(.text)
    OsAlrm_ValidateCycle                     0x00000c83   Thumb Code    46  alarm.o(.text)
    OsAlrm_AlarmActionExecute                0x00000d83   Thumb Code   200  alarm.o(.text)
    OsAlrm_AlarmFireProcessor                0x00000e4b   Thumb Code    82  alarm.o(.text)
    SystemAlarmsProcessor                    0x00000e9d   Thumb Code    74  alarm.o(.text)
    OsAlrm_ValidateID                        0x00000f13   Thumb Code    16  alarm.o(.text)
    OsAlrm_GetFirePoint                      0x00000f23   Thumb Code    14  alarm.o(.text)
    OsAlrm_AlarmIsEnabled                    0x00000f31   Thumb Code    16  alarm.o(.text)
    OsAlrm_DisableAlarm                      0x00000f41   Thumb Code    16  alarm.o(.text)
    OsAlrm_GetAlrmTaskID                     0x00000f51   Thumb Code    16  alarm.o(.text)
    .text                                    0x00000f74   Section        0  event.o(.text)
    .text                                    0x00000fdc   Section        0  task.o(.text)
    .text                                    0x00001148   Section       90  port.o(.text)
    .text                                    0x000011a4   Section        0  errmgr.o(.text)
    .text                                    0x00001200   Section        0  rcbprocessor.o(.text)
    .text                                    0x0000131c   Section        0  svccontext.o(.text)
    OsTcb_SetInitialStack                    0x00001375   Thumb Code   252  tcbprocessor.o(.text)
    .text                                    0x00001374   Section        0  tcbprocessor.o(.text)
    OsTcb_StackPointersInit                  0x00001471   Thumb Code   110  tcbprocessor.o(.text)
    OsTcb_SetTaskState                       0x0000150f   Thumb Code    20  tcbprocessor.o(.text)
    OsTcb_ResetTaskEvent                     0x00001539   Thumb Code    26  tcbprocessor.o(.text)
    OsTcb_ResetTCB                           0x000015cf   Thumb Code    66  tcbprocessor.o(.text)
    OsTcb_CheckEventTrigger                  0x00001835   Thumb Code    42  tcbprocessor.o(.text)
    OsTcb_SetTaskEvent                       0x0000185f   Thumb Code    30  tcbprocessor.o(.text)
    OsTcb_StackCanarInit                     0x00001c35   Thumb Code   114  tcbprocessor.o(.text)
    OsTcb_IdleTaskInit                       0x00001ca7   Thumb Code   144  tcbprocessor.o(.text)
    OsTcb_GetTaskPriority                    0x00001d37   Thumb Code    16  tcbprocessor.o(.text)
    OsTcb_TaskModelIsBasic                   0x00001d47   Thumb Code    24  tcbprocessor.o(.text)
    OsTcb_TaskIDValid                        0x00001d5f   Thumb Code    18  tcbprocessor.o(.text)
    OsTcb_SetCurrentTCBRef                   0x00001d71   Thumb Code    16  tcbprocessor.o(.text)
    .text                                    0x00001db0   Section        0  portable.o(.text)
    .text                                    0x00001e48   Section        0  rand.o(.text)
    .text                                    0x00001e6c   Section        0  memcpya.o(.text)
    .text                                    0x00001e90   Section        0  uldiv.o(.text)
    .text                                    0x00001ef4   Section       48  init.o(.text)
    .text                                    0x00001f24   Section        0  semi.o(.text)
    .text                                    0x00001f24   Section        0  llshl.o(.text)
    .text                                    0x00001f42   Section        0  llushr.o(.text)
    .text                                    0x00001f62   Section        0  iusesemip.o(.text)
    i.__0printf$5                            0x00001f64   Section        0  printf5.o(i.__0printf$5)
    i.__scatterload_copy                     0x00001f84   Section       14  handlers.o(i.__scatterload_copy)
    i.__scatterload_null                     0x00001f92   Section        2  handlers.o(i.__scatterload_null)
    i.__scatterload_zeroinit                 0x00001f94   Section       14  handlers.o(i.__scatterload_zeroinit)
    _printf_core                             0x00001fa5   Thumb Code   658  printf5.o(i._printf_core)
    i._printf_core                           0x00001fa4   Section        0  printf5.o(i._printf_core)
    i.fputc                                  0x00002264   Section        0  fputc.o(i.fputc)
    i.puts                                   0x00002278   Section        0  puts.o(i.puts)
    OsErrMgr_DetectedService                 0x20000000   Data           1  errmgr.o(.data)
    .data                                    0x20000000   Section       12  errmgr.o(.data)
    OsErrMgr_DetectedTaskID                  0x20000001   Data           1  errmgr.o(.data)
    OsErrMgr_DetectedEventID                 0x20000002   Data           1  errmgr.o(.data)
    OSErrMgr_DetectedResID                   0x20000003   Data           1  errmgr.o(.data)
    OsErrMgr_OverflowContext                 0x20000004   Data           8  errmgr.o(.data)
    SVCCnxt_TskMgrCnxt                       0x2000000c   Data           1  svccontext.o(.data)
    .data                                    0x2000000c   Section        3  svccontext.o(.data)
    SVCCnxt_EventMgrCnxt                     0x2000000d   Data           2  svccontext.o(.data)
    .data                                    0x20000010   Section        6  tcbprocessor.o(.data)
    TcbProcessor_RunningTaskID               0x20000014   Data           1  tcbprocessor.o(.data)
    TaskHookIsSilent                         0x20000015   Data           1  tcbprocessor.o(.data)
    _rand_state                              0x20000018   Data           4  rand.o(.data)
    .data                                    0x20000018   Section        4  rand.o(.data)
    .data                                    0x2000001c   Section        4  stdout.o(.data)
    NvmLogging_Toggle                        0x2000009d   Data           1  osekosecu1.o(.bss.NvmLogging_Toggle)
    [Anonymous Symbol]                       0x2000009d   Section        0  osekosecu1.o(.bss.NvmLogging_Toggle)
    OsCnt_SystemCounter                      0x200010e0   Data           4  counter.o(.bss.OsCnt_SystemCounter)
    [Anonymous Symbol]                       0x200010e0   Section        0  counter.o(.bss.OsCnt_SystemCounter)
    SensorData_Toggle                        0x200010e9   Data           1  osekosecu1.o(.bss.SensorData_Toggle)
    [Anonymous Symbol]                       0x200010e9   Section        0  osekosecu1.o(.bss.SensorData_Toggle)
    detectedDTC                              0x200010ea   Data           1  speedsensorswc.o(.bss.detectedDTC)
    [Anonymous Symbol]                       0x200010ea   Section        0  speedsensorswc.o(.bss.detectedDTC)
    dtcCount                                 0x200010eb   Data           1  dem.o(.bss.dtcCount)
    [Anonymous Symbol]                       0x200010eb   Section        0  dem.o(.bss.dtcCount)
    lastTimestamp                            0x200010f0   Data           4  iohwab_speedsensor.o(.bss.lastTimestamp)
    [Anonymous Symbol]                       0x200010f0   Section        0  iohwab_speedsensor.o(.bss.lastTimestamp)
    lastTimestamp                            0x200010f4   Data           4  icu_driver.o(.bss.lastTimestamp)
    [Anonymous Symbol]                       0x200010f4   Section        0  icu_driver.o(.bss.lastTimestamp)
    pulseInterval                            0x200010f8   Data           4  iohwab_speedsensor.o(.bss.pulseInterval)
    [Anonymous Symbol]                       0x200010f8   Section        0  iohwab_speedsensor.o(.bss.pulseInterval)
    pulseInterval                            0x200010fc   Data           4  icu_driver.o(.bss.pulseInterval)
    [Anonymous Symbol]                       0x200010fc   Section        0  icu_driver.o(.bss.pulseInterval)
    storedDTC                                0x20001108   Data           2  nvblockswc.o(.bss.storedDTC)
    [Anonymous Symbol]                       0x20001108   Section        0  nvblockswc.o(.bss.storedDTC)
    storedDTCs                               0x2000110c   Data          20  dem.o(.bss.storedDTCs)
    [Anonymous Symbol]                       0x2000110c   Section        0  dem.o(.bss.storedDTCs)
    storedStatus                             0x20001120   Data          10  dem.o(.bss.storedStatus)
    [Anonymous Symbol]                       0x20001120   Section        0  dem.o(.bss.storedStatus)
    STACK                                    0x20001130   Section      512  keiluvisoin_startup.o(STACK)

    Global Symbols

    Symbol Name                              Value     Ov Type        Size  Object(Section)

    BuildAttributes$$THM_ISAv4$E$P$D$K$B$S$7EM$VFPi3$EXTD16$VFPS$VFMA$PE$A:L22UL41UL21$X:L11$S22US41US21$IEEE1$IW$~IW$USESV6$~STKCKD$USESV7$~SHL$OTIME$ROPI$EBA8$MICROLIB$REQ8$PRES8$EABIv2 0x00000000   Number         0  anon$$obj.o ABSOLUTE
    __Vectors                                0x00000000   Data           4  keiluvisoin_startup.o(RESET)
    _printf_a                                0x00000000   Number         0  printfstubs.o ABSOLUTE
    _printf_c                                0x00000000   Number         0  printfstubs.o ABSOLUTE
    _printf_charcount                        0x00000000   Number         0  printfstubs.o ABSOLUTE
    _printf_d                                0x00000000   Number         0  printfstubs.o ABSOLUTE
    _printf_e                                0x00000000   Number         0  printfstubs.o ABSOLUTE
    _printf_f                                0x00000000   Number         0  printfstubs.o ABSOLUTE
    _printf_flags                            0x00000000   Number         0  printfstubs.o ABSOLUTE
    _printf_fp_dec                           0x00000000   Number         0  printfstubs.o ABSOLUTE
    _printf_fp_hex                           0x00000000   Number         0  printfstubs.o ABSOLUTE
    _printf_g                                0x00000000   Number         0  printfstubs.o ABSOLUTE
    _printf_i                                0x00000000   Number         0  printfstubs.o ABSOLUTE
    _printf_int_dec                          0x00000000   Number         0  printfstubs.o ABSOLUTE
    _printf_l                                0x00000000   Number         0  printfstubs.o ABSOLUTE
    _printf_lc                               0x00000000   Number         0  printfstubs.o ABSOLUTE
    _printf_ll                               0x00000000   Number         0  printfstubs.o ABSOLUTE
    _printf_lld                              0x00000000   Number         0  printfstubs.o ABSOLUTE
    _printf_lli                              0x00000000   Number         0  printfstubs.o ABSOLUTE
    _printf_llo                              0x00000000   Number         0  printfstubs.o ABSOLUTE
    _printf_llu                              0x00000000   Number         0  printfstubs.o ABSOLUTE
    _printf_llx                              0x00000000   Number         0  printfstubs.o ABSOLUTE
    _printf_longlong_dec                     0x00000000   Number         0  printfstubs.o ABSOLUTE
    _printf_longlong_hex                     0x00000000   Number         0  printfstubs.o ABSOLUTE
    _printf_longlong_oct                     0x00000000   Number         0  printfstubs.o ABSOLUTE
    _printf_ls                               0x00000000   Number         0  printfstubs.o ABSOLUTE
    _printf_mbtowc                           0x00000000   Number         0  printfstubs.o ABSOLUTE
    _printf_n                                0x00000000   Number         0  printfstubs.o ABSOLUTE
    _printf_o                                0x00000000   Number         0  printfstubs.o ABSOLUTE
    _printf_p                                0x00000000   Number         0  printfstubs.o ABSOLUTE
    _printf_percent                          0x00000000   Number         0  printfstubs.o ABSOLUTE
    _printf_pre_padding                      0x00000000   Number         0  printfstubs.o ABSOLUTE
    _printf_return_value                     0x00000000   Number         0  printfstubs.o ABSOLUTE
    _printf_s                                0x00000000   Number         0  printfstubs.o ABSOLUTE
    _printf_sizespec                         0x00000000   Number         0  printfstubs.o ABSOLUTE
    _printf_str                              0x00000000   Number         0  printfstubs.o ABSOLUTE
    _printf_truncate_signed                  0x00000000   Number         0  printfstubs.o ABSOLUTE
    _printf_truncate_unsigned                0x00000000   Number         0  printfstubs.o ABSOLUTE
    _printf_u                                0x00000000   Number         0  printfstubs.o ABSOLUTE
    _printf_wc                               0x00000000   Number         0  printfstubs.o ABSOLUTE
    _printf_wctomb                           0x00000000   Number         0  printfstubs.o ABSOLUTE
    _printf_widthprec                        0x00000000   Number         0  printfstubs.o ABSOLUTE
    _printf_x                                0x00000000   Number         0  printfstubs.o ABSOLUTE
    __cpp_initialize__aeabi_                  - Undefined Weak Reference
    __cxa_finalize                            - Undefined Weak Reference
    __decompress                              - Undefined Weak Reference
    _clock_init                               - Undefined Weak Reference
    _microlib_exit                            - Undefined Weak Reference
    __Vectors_End                            0x0000026c   Data           0  keiluvisoin_startup.o(RESET)
    __Vectors_Size                           0x0000026c   Number         0  keiluvisoin_startup.o ABSOLUTE
    __main                                   0x0000026d   Thumb Code     0  entry.o(.ARM.Collect$$$$00000000)
    _main_stk                                0x0000026d   Thumb Code     0  entry2.o(.ARM.Collect$$$$00000001)
    _main_scatterload                        0x00000271   Thumb Code     0  entry5.o(.ARM.Collect$$$$00000004)
    __main_after_scatterload                 0x00000275   Thumb Code     0  entry5.o(.ARM.Collect$$$$00000004)
    _main_clock                              0x00000275   Thumb Code     0  entry7b.o(.ARM.Collect$$$$00000008)
    _main_cpp_init                           0x00000275   Thumb Code     0  entry8b.o(.ARM.Collect$$$$0000000A)
    _main_init                               0x00000275   Thumb Code     0  entry9a.o(.ARM.Collect$$$$0000000B)
    __rt_final_cpp                           0x0000027d   Thumb Code     0  entry10a.o(.ARM.Collect$$$$0000000D)
    __rt_final_exit                          0x0000027d   Thumb Code     0  entry11a.o(.ARM.Collect$$$$0000000F)
    R_NVBlockSWC_ReceiveDTC                  0x00000281   Thumb Code    24  nvblockswc.o(.text)
    R_NVBlockSWC_StoreDTCToNVM               0x00000299   Thumb Code    32  nvblockswc.o(.text)
    R_SpeedSensorSWC_Init                    0x000002b9   Thumb Code     8  speedsensorswc.o(.text)
    R_SpeedSensorSWC_CheckAndReportError     0x000002e5   Thumb Code    30  speedsensorswc.o(.text)
    R_SpeedSensorSWC_SendErrorToNVBlockSWC   0x00000305   Thumb Code    32  speedsensorswc.o(.text)
    R_SpeedSensorSWC_SendSpeedToCAN          0x00000325   Thumb Code    34  speedsensorswc.o(.text)
    R_ReadSpeed                              0x00000349   Thumb Code    36  speedsensorswc.o(.text)
    Rte_Write_CANMessage                     0x0000036d   Thumb Code     4  rte_can.o(.text)
    Rte_Call_Dem_ReportErrorStatus           0x00000371   Thumb Code    18  rte_dem.o(.text)
    Rte_Call_DemInterface_ErrorConfirmed     0x00000385   Thumb Code     4  rte_dem.o(.text)
    Rte_Read_RP_SpeedData_ReceiveSpeed       0x00000389   Thumb Code     4  rte_speedsensor.o(.text)
    Rte_Call_RP_SpeedSensorSWC_ReadSpeed     0x0000038d   Thumb Code     4  rte_speedsensor.o(.text)
    Rte_Call_SpeedSensorSWC_SendSpeedToCAN   0x00000391   Thumb Code     4  rte_speedsensor.o(.text)
    Rte_Call_SpeedSensorSWC_CheckAndReportError 0x00000395   Thumb Code     4  rte_speedsensor.o(.text)
    Rte_Call_SpeedSensorSWC_SendErrorToNVBlockSWC 0x00000399   Thumb Code     4  rte_speedsensor.o(.text)
    Rte_Write_NvmInterface_WriteDTC          0x0000039d   Thumb Code     4  rte_nvm.o(.text)
    Rte_Write_NVDATA_DTC                     0x000003a1   Thumb Code    20  rte_nvm.o(.text)
    Rte_Call_NVBlockSWC_StoreDTCToNVM        0x000003b5   Thumb Code     4  rte_nvm.o(.text)
    Dem_ReportErrorStatus                    0x000003b9   Thumb Code   278  dem.o(.text)
    Dem_ClearDTC                             0x000004d1   Thumb Code   112  dem.o(.text)
    Dem_GetEventStatus                       0x00000541   Thumb Code    76  dem.o(.text)
    Dem_GetStoredDTC                         0x0000058d   Thumb Code    34  dem.o(.text)
    Nvm_Write                                0x000005b1   Thumb Code    30  nvm.o(.text)
    Nvm_Read                                 0x000005d1   Thumb Code    20  nvm.o(.text)
    Nvm_Clear                                0x000005e5   Thumb Code    28  nvm.o(.text)
    Can_Services_SendSpeed                   0x00000625   Thumb Code     4  can.o(.text)
    Com_HAL_Init                             0x00000629   Thumb Code    24  comhwabstraction.o(.text)
    Com_HAL_SendSpeed                        0x00000671   Thumb Code    82  comhwabstraction.o(.text)
    IoHwAb_SpeedSensor_Callback              0x000006c5   Thumb Code    42  iohwab_speedsensor.o(.text)
    IoHwAb_SpeedSensor_Init                  0x000006f1   Thumb Code    36  iohwab_speedsensor.o(.text)
    IoHwAb_SpeedSensor_GetSpeed              0x00000769   Thumb Code    66  iohwab_speedsensor.o(.text)
    MemIf_Init                               0x000007ad   Thumb Code     8  memif.o(.text)
    Eep_Write                                0x000007c9   Thumb Code     4  memif.o(.text)
    Eep_Read                                 0x000007cd   Thumb Code     4  memif.o(.text)
    Fls_Write                                0x000007d1   Thumb Code     4  memif.o(.text)
    Fls_Read                                 0x000007d5   Thumb Code     4  memif.o(.text)
    Fls_Erase                                0x000007d9   Thumb Code     2  memif.o(.text)
    MemIf_Write                              0x000007dd   Thumb Code    12  memif.o(.text)
    MemIf_Read                               0x000007e9   Thumb Code    12  memif.o(.text)
    MemIf_Erase                              0x000007f5   Thumb Code    10  memif.o(.text)
    Reset_Handler                            0x00000801   Thumb Code     8  keiluvisoin_startup.o(.text)
    NMI_Handler                              0x00000809   Thumb Code     2  keiluvisoin_startup.o(.text)
    HardFault_Handler                        0x0000080b   Thumb Code     2  keiluvisoin_startup.o(.text)
    MemManage_Handler                        0x0000080d   Thumb Code     2  keiluvisoin_startup.o(.text)
    BusFault_Handler                         0x0000080f   Thumb Code     2  keiluvisoin_startup.o(.text)
    UsageFault_Handler                       0x00000811   Thumb Code     2  keiluvisoin_startup.o(.text)
    SVC_Handler                              0x00000813   Thumb Code     2  keiluvisoin_startup.o(.text)
    DebugMon_Handler                         0x00000815   Thumb Code     2  keiluvisoin_startup.o(.text)
    PendSV_Handler                           0x00000817   Thumb Code     2  keiluvisoin_startup.o(.text)
    SysTick_Handler                          0x00000819   Thumb Code     2  keiluvisoin_startup.o(.text)
    GPIOA_Handler                            0x0000081b   Thumb Code     2  keiluvisoin_startup.o(.text)
    GPIOB_Handler                            0x0000081d   Thumb Code     2  keiluvisoin_startup.o(.text)
    GPIOC_Handler                            0x0000081f   Thumb Code     2  keiluvisoin_startup.o(.text)
    GPIOD_Handler                            0x00000821   Thumb Code     2  keiluvisoin_startup.o(.text)
    GPIOE_Handler                            0x00000823   Thumb Code     2  keiluvisoin_startup.o(.text)
    UART0_Handler                            0x00000825   Thumb Code     2  keiluvisoin_startup.o(.text)
    UART1_Handler                            0x00000827   Thumb Code     2  keiluvisoin_startup.o(.text)
    SSI0_Handler                             0x00000829   Thumb Code     2  keiluvisoin_startup.o(.text)
    I2C0_Handler                             0x0000082b   Thumb Code     2  keiluvisoin_startup.o(.text)
    PMW0_FAULT_Handler                       0x0000082d   Thumb Code     2  keiluvisoin_startup.o(.text)
    PWM0_0_Handler                           0x0000082f   Thumb Code     2  keiluvisoin_startup.o(.text)
    PWM0_1_Handler                           0x00000831   Thumb Code     2  keiluvisoin_startup.o(.text)
    PWM0_2_Handler                           0x00000833   Thumb Code     2  keiluvisoin_startup.o(.text)
    QEI0_Handler                             0x00000835   Thumb Code     2  keiluvisoin_startup.o(.text)
    ADC0SS0_Handler                          0x00000837   Thumb Code     2  keiluvisoin_startup.o(.text)
    ADC0SS1_Handler                          0x00000839   Thumb Code     2  keiluvisoin_startup.o(.text)
    ADC0SS2_Handler                          0x0000083b   Thumb Code     2  keiluvisoin_startup.o(.text)
    ADC0SS3_Handler                          0x0000083d   Thumb Code     2  keiluvisoin_startup.o(.text)
    WDT0_Handler                             0x0000083f   Thumb Code     2  keiluvisoin_startup.o(.text)
    TIMER0A_Handler                          0x00000841   Thumb Code     2  keiluvisoin_startup.o(.text)
    TIMER0B_Handler                          0x00000843   Thumb Code     2  keiluvisoin_startup.o(.text)
    TIMER1A_Handler                          0x00000845   Thumb Code     2  keiluvisoin_startup.o(.text)
    TIMER1B_Handler                          0x00000847   Thumb Code     2  keiluvisoin_startup.o(.text)
    TIMER2A_Handler                          0x00000849   Thumb Code     2  keiluvisoin_startup.o(.text)
    TIMER2B_Handler                          0x0000084b   Thumb Code     2  keiluvisoin_startup.o(.text)
    COMP0_Handler                            0x0000084d   Thumb Code     2  keiluvisoin_startup.o(.text)
    COMP1_Handler                            0x0000084f   Thumb Code     2  keiluvisoin_startup.o(.text)
    COMP2_Handler                            0x00000851   Thumb Code     2  keiluvisoin_startup.o(.text)
    SYSCTL_Handler                           0x00000853   Thumb Code     2  keiluvisoin_startup.o(.text)
    FLASH_Handler                            0x00000855   Thumb Code     2  keiluvisoin_startup.o(.text)
    GPIOF_Handler                            0x00000857   Thumb Code     2  keiluvisoin_startup.o(.text)
    GPIOG_Handler                            0x00000859   Thumb Code     2  keiluvisoin_startup.o(.text)
    GPIOH_Handler                            0x0000085b   Thumb Code     2  keiluvisoin_startup.o(.text)
    UART2_Handler                            0x0000085d   Thumb Code     2  keiluvisoin_startup.o(.text)
    SSI1_Handler                             0x0000085f   Thumb Code     2  keiluvisoin_startup.o(.text)
    TIMER3A_Handler                          0x00000861   Thumb Code     2  keiluvisoin_startup.o(.text)
    TIMER3B_Handler                          0x00000863   Thumb Code     2  keiluvisoin_startup.o(.text)
    I2C1_Handler                             0x00000865   Thumb Code     2  keiluvisoin_startup.o(.text)
    QEI1_Handler                             0x00000867   Thumb Code     2  keiluvisoin_startup.o(.text)
    CAN0_Handler                             0x00000869   Thumb Code     2  keiluvisoin_startup.o(.text)
    CAN1_Handler                             0x0000086b   Thumb Code     2  keiluvisoin_startup.o(.text)
    CAN2_Handler                             0x0000086d   Thumb Code     2  keiluvisoin_startup.o(.text)
    HIB_Handler                              0x0000086f   Thumb Code     2  keiluvisoin_startup.o(.text)
    USB0_Handler                             0x00000871   Thumb Code     2  keiluvisoin_startup.o(.text)
    PWM0_3_Handler                           0x00000873   Thumb Code     2  keiluvisoin_startup.o(.text)
    UDMA_Handler                             0x00000875   Thumb Code     2  keiluvisoin_startup.o(.text)
    UDMAERR_Handler                          0x00000877   Thumb Code     2  keiluvisoin_startup.o(.text)
    ADC1SS0_Handler                          0x00000879   Thumb Code     2  keiluvisoin_startup.o(.text)
    ADC1SS1_Handler                          0x0000087b   Thumb Code     2  keiluvisoin_startup.o(.text)
    ADC1SS2_Handler                          0x0000087d   Thumb Code     2  keiluvisoin_startup.o(.text)
    ADC1SS3_Handler                          0x0000087f   Thumb Code     2  keiluvisoin_startup.o(.text)
    GPIOJ_Handler                            0x00000881   Thumb Code     2  keiluvisoin_startup.o(.text)
    GPIOK_Handler                            0x00000883   Thumb Code     2  keiluvisoin_startup.o(.text)
    GPIOL_Handler                            0x00000885   Thumb Code     2  keiluvisoin_startup.o(.text)
    SSI2_Handler                             0x00000887   Thumb Code     2  keiluvisoin_startup.o(.text)
    SSI3_Handler                             0x00000889   Thumb Code     2  keiluvisoin_startup.o(.text)
    UART3_Handler                            0x0000088b   Thumb Code     2  keiluvisoin_startup.o(.text)
    UART4_Handler                            0x0000088d   Thumb Code     2  keiluvisoin_startup.o(.text)
    UART5_Handler                            0x0000088f   Thumb Code     2  keiluvisoin_startup.o(.text)
    UART6_Handler                            0x00000891   Thumb Code     2  keiluvisoin_startup.o(.text)
    UART7_Handler                            0x00000893   Thumb Code     2  keiluvisoin_startup.o(.text)
    I2C2_Handler                             0x00000895   Thumb Code     2  keiluvisoin_startup.o(.text)
    I2C3_Handler                             0x00000897   Thumb Code     2  keiluvisoin_startup.o(.text)
    TIMER4A_Handler                          0x00000899   Thumb Code     2  keiluvisoin_startup.o(.text)
    TIMER4B_Handler                          0x0000089b   Thumb Code     2  keiluvisoin_startup.o(.text)
    TIMER5A_Handler                          0x0000089d   Thumb Code     2  keiluvisoin_startup.o(.text)
    TIMER5B_Handler                          0x0000089f   Thumb Code     2  keiluvisoin_startup.o(.text)
    WTIMER0A_Handler                         0x000008a1   Thumb Code     2  keiluvisoin_startup.o(.text)
    WTIMER0B_Handler                         0x000008a3   Thumb Code     2  keiluvisoin_startup.o(.text)
    WTIMER1A_Handler                         0x000008a5   Thumb Code     2  keiluvisoin_startup.o(.text)
    WTIMER1B_Handler                         0x000008a7   Thumb Code     2  keiluvisoin_startup.o(.text)
    WTIMER2A_Handler                         0x000008a9   Thumb Code     2  keiluvisoin_startup.o(.text)
    WTIMER2B_Handler                         0x000008ab   Thumb Code     2  keiluvisoin_startup.o(.text)
    WTIMER3A_Handler                         0x000008ad   Thumb Code     2  keiluvisoin_startup.o(.text)
    WTIMER3B_Handler                         0x000008af   Thumb Code     2  keiluvisoin_startup.o(.text)
    WTIMER4A_Handler                         0x000008b1   Thumb Code     2  keiluvisoin_startup.o(.text)
    WTIMER4B_Handler                         0x000008b3   Thumb Code     2  keiluvisoin_startup.o(.text)
    WTIMER5A_Handler                         0x000008b5   Thumb Code     2  keiluvisoin_startup.o(.text)
    WTIMER5B_Handler                         0x000008b7   Thumb Code     2  keiluvisoin_startup.o(.text)
    FPU_Handler                              0x000008b9   Thumb Code     2  keiluvisoin_startup.o(.text)
    I2C4_Handler                             0x000008bb   Thumb Code     2  keiluvisoin_startup.o(.text)
    I2C5_Handler                             0x000008bd   Thumb Code     2  keiluvisoin_startup.o(.text)
    GPIOM_Handler                            0x000008bf   Thumb Code     2  keiluvisoin_startup.o(.text)
    GPION_Handler                            0x000008c1   Thumb Code     2  keiluvisoin_startup.o(.text)
    QEI2_Handler                             0x000008c3   Thumb Code     2  keiluvisoin_startup.o(.text)
    GPIOP0_Handler                           0x000008c5   Thumb Code     2  keiluvisoin_startup.o(.text)
    GPIOP1_Handler                           0x000008c7   Thumb Code     2  keiluvisoin_startup.o(.text)
    GPIOP2_Handler                           0x000008c9   Thumb Code     2  keiluvisoin_startup.o(.text)
    GPIOP3_Handler                           0x000008cb   Thumb Code     2  keiluvisoin_startup.o(.text)
    GPIOP4_Handler                           0x000008cd   Thumb Code     2  keiluvisoin_startup.o(.text)
    GPIOP5_Handler                           0x000008cf   Thumb Code     2  keiluvisoin_startup.o(.text)
    GPIOP6_Handler                           0x000008d1   Thumb Code     2  keiluvisoin_startup.o(.text)
    GPIOP7_Handler                           0x000008d3   Thumb Code     2  keiluvisoin_startup.o(.text)
    GPIOQ0_Handler                           0x000008d5   Thumb Code     2  keiluvisoin_startup.o(.text)
    GPIOQ1_Handler                           0x000008d7   Thumb Code     2  keiluvisoin_startup.o(.text)
    GPIOQ2_Handler                           0x000008d9   Thumb Code     2  keiluvisoin_startup.o(.text)
    GPIOQ3_Handler                           0x000008db   Thumb Code     2  keiluvisoin_startup.o(.text)
    GPIOQ4_Handler                           0x000008dd   Thumb Code     2  keiluvisoin_startup.o(.text)
    GPIOQ5_Handler                           0x000008df   Thumb Code     2  keiluvisoin_startup.o(.text)
    GPIOQ6_Handler                           0x000008e1   Thumb Code     2  keiluvisoin_startup.o(.text)
    GPIOQ7_Handler                           0x000008e3   Thumb Code     2  keiluvisoin_startup.o(.text)
    GPIOR_Handler                            0x000008e5   Thumb Code     2  keiluvisoin_startup.o(.text)
    GPIOS_Handler                            0x000008e7   Thumb Code     2  keiluvisoin_startup.o(.text)
    PMW1_0_Handler                           0x000008e9   Thumb Code     2  keiluvisoin_startup.o(.text)
    PWM1_1_Handler                           0x000008eb   Thumb Code     2  keiluvisoin_startup.o(.text)
    PWM1_2_Handler                           0x000008ed   Thumb Code     2  keiluvisoin_startup.o(.text)
    PWM1_3_Handler                           0x000008ef   Thumb Code     2  keiluvisoin_startup.o(.text)
    PWM1_FAULT_Handler                       0x000008f1   Thumb Code     2  keiluvisoin_startup.o(.text)
    SysTick_Init                             0x000008fd   Thumb Code    78  counter.o(.text)
    OsCnt_IncrSystemCounter                  0x0000094d   Thumb Code    16  counter.o(.text)
    OsCnt_GetSystemCounter                   0x0000095d   Thumb Code    12  counter.o(.text)
    ErrorHook                                0x00000969   Thumb Code     2  hook.o(.text)
    StartupHook                              0x0000096d   Thumb Code     2  hook.o(.text)
    PreTaskHook                              0x00000971   Thumb Code     2  hook.o(.text)
    PostTaskHook                             0x00000975   Thumb Code     2  hook.o(.text)
    StackOverFlowHook                        0x00000979   Thumb Code     2  hook.o(.text)
    SystemInit                               0x0000097d   Thumb Code     2  osekosecu1.o(.text)
    main                                     0x00000981   Thumb Code     6  osekosecu1.o(.text)
    OsTask_Sensor_Read_Task                  0x00000989   Thumb Code   176  osekosecu1.o(.text)
    OsTask_NVM_Logging_Task                  0x00000a39   Thumb Code    60  osekosecu1.o(.text)
    CanDrv_Init                              0x00000a75   Thumb Code    20  can_driver.o(.text)
    CanDrv_Transmit                          0x00000abd   Thumb Code    18  can_driver.o(.text)
    Icu_GetTime                              0x00000ad1   Thumb Code    14  icu_driver.o(.text)
    Icu_SpeedSensorCallback                  0x00000ae1   Thumb Code    44  icu_driver.o(.text)
    Icu_Setup                                0x00000b0d   Thumb Code    12  icu_driver.o(.text)
    Icu_EnableNotification                   0x00000b19   Thumb Code    12  icu_driver.o(.text)
    Icu_Init                                 0x00000b25   Thumb Code    60  icu_driver.o(.text)
    DeclareAlarm                             0x00000b95   Thumb Code     2  alarm.o(.text)
    GetAlarmBase                             0x00000b97   Thumb Code    74  alarm.o(.text)
    GetAlarm                                 0x00000be1   Thumb Code    80  alarm.o(.text)
    SetAbsAlarm                              0x00000cb1   Thumb Code    76  alarm.o(.text)
    SetRelAlarm                              0x00000cfd   Thumb Code    94  alarm.o(.text)
    CancelAlarm                              0x00000d5b   Thumb Code    40  alarm.o(.text)
    SystemTimerHandler                       0x00000ee7   Thumb Code    44  alarm.o(.text)
    SetEvent                                 0x00000f75   Thumb Code    34  event.o(.text)
    ClearEvent                               0x00000f97   Thumb Code    26  event.o(.text)
    GetEvent                                 0x00000fb1   Thumb Code    16  event.o(.text)
    WaitEvent                                0x00000fc1   Thumb Code    26  event.o(.text)
    StartOS                                  0x00000fdd   Thumb Code    48  task.o(.text)
    ActivateTask                             0x0000100d   Thumb Code    30  task.o(.text)
    TerminateTask                            0x0000102b   Thumb Code    22  task.o(.text)
    ChainTask                                0x00001041   Thumb Code    30  task.o(.text)
    Schedule                                 0x0000105f   Thumb Code    22  task.o(.text)
    GetTaskID                                0x00001075   Thumb Code    16  task.o(.text)
    GetTaskState                             0x00001085   Thumb Code    16  task.o(.text)
    SVC_Dispatcher                           0x00001095   Thumb Code   160  task.o(.text)
    OsTask_IdleMechanism                     0x00001135   Thumb Code     4  task.o(.text)
    OsPort_JumpToApp                         0x00001149   Thumb Code     0  port.o(.text)
    OsPort_PendSVHandler                     0x0000116b   Thumb Code     0  port.o(.text)
    OsPort_PushUpperContext                  0x0000117d   Thumb Code     0  port.o(.text)
    OsPort_PopUpperContext                   0x0000118b   Thumb Code     0  port.o(.text)
    OsPort_ReturnWithAutopop                 0x00001199   Thumb Code     0  port.o(.text)
    OsErrMgr_SetServiceID                    0x000011a5   Thumb Code     6  errmgr.o(.text)
    OsErrMgr_GetServiceID                    0x000011ab   Thumb Code     6  errmgr.o(.text)
    OsErrMgr_StoreTaskID                     0x000011b1   Thumb Code     6  errmgr.o(.text)
    OsErrMgr_GetTaskID                       0x000011b7   Thumb Code     6  errmgr.o(.text)
    OsErrMgr_StoreEventID                    0x000011bd   Thumb Code     6  errmgr.o(.text)
    OsErrMgr_GetEventID                      0x000011c3   Thumb Code     6  errmgr.o(.text)
    OsErrMgr_StoreResID                      0x000011c9   Thumb Code     6  errmgr.o(.text)
    OsErrMgr_GetResID                        0x000011cf   Thumb Code     6  errmgr.o(.text)
    OsErrMgr_SetOverFlowContext              0x000011d5   Thumb Code     8  errmgr.o(.text)
    OsErrMgr_GetOverFlowContext              0x000011dd   Thumb Code    14  errmgr.o(.text)
    OsRes_GetResourceProcessor               0x00001201   Thumb Code   136  rcbprocessor.o(.text)
    OsRcb_ReleaseResourceProcessor           0x00001289   Thumb Code   128  rcbprocessor.o(.text)
    SVCCnxt_SetErrCode                       0x0000131d   Thumb Code     6  svccontext.o(.text)
    SVCCnxt_GetErrCode                       0x00001323   Thumb Code     8  svccontext.o(.text)
    SVCCnxt_TskMgrSetTskID                   0x0000132b   Thumb Code     6  svccontext.o(.text)
    SVCCnxt_TskMgrGetTskID                   0x00001331   Thumb Code     8  svccontext.o(.text)
    SVCCnxt_EventMgrSetTskID                 0x00001339   Thumb Code     6  svccontext.o(.text)
    SVCCnxt_EventMgrGetTskID                 0x0000133f   Thumb Code     8  svccontext.o(.text)
    SVCCnxt_EventMgrSetEventMsk              0x00001347   Thumb Code     6  svccontext.o(.text)
    SVCCnxt_EventMgrGetEventMsk              0x0000134d   Thumb Code     8  svccontext.o(.text)
    SVCCnxt_ResMgrSetResID                   0x00001355   Thumb Code     6  svccontext.o(.text)
    SVCCnxt_ResMgrGetResID                   0x0000135b   Thumb Code     8  svccontext.o(.text)
    OsTcb_TasksInit                          0x000014df   Thumb Code    48  tcbprocessor.o(.text)
    OsTcb_GetTaskState                       0x00001523   Thumb Code    16  tcbprocessor.o(.text)
    OsTcb_GetTaskIDProcessor                 0x00001533   Thumb Code     6  tcbprocessor.o(.text)
    OsTcb_ActivateTaskTCBProcesor            0x00001553   Thumb Code   124  tcbprocessor.o(.text)
    OsTcb_GetResOccupied                     0x00001611   Thumb Code    16  tcbprocessor.o(.text)
    OsTcb_ChainTaskTCBProcessor              0x00001621   Thumb Code   178  tcbprocessor.o(.text)
    OsTcb_SetScheduleReq                     0x000016d3   Thumb Code    18  tcbprocessor.o(.text)
    OsTcb_TerminateTaskTCBProcessor          0x000016e5   Thumb Code    82  tcbprocessor.o(.text)
    OsTcb_JumpToNextTCB                      0x00001737   Thumb Code   254  tcbprocessor.o(.text)
    OsTcb_SetEventProcessor                  0x0000187d   Thumb Code   152  tcbprocessor.o(.text)
    OsTcb_ClearEventProcessor                0x00001915   Thumb Code   128  tcbprocessor.o(.text)
    OsTcb_GetEventProcessor                  0x00001995   Thumb Code    92  tcbprocessor.o(.text)
    OsTcb_WaitEventProcessor                 0x000019f1   Thumb Code   154  tcbprocessor.o(.text)
    OsTcb_GetTaskStateProcessor              0x00001a8b   Thumb Code    60  tcbprocessor.o(.text)
    OsTcb_TaskAlrmExpiredProcessor           0x00001ac7   Thumb Code    32  tcbprocessor.o(.text)
    OsTcb_EventAlrmExpiredProcessor          0x00001ae7   Thumb Code    32  tcbprocessor.o(.text)
    OsTcb_SetTaskPri                         0x00001b07   Thumb Code    18  tcbprocessor.o(.text)
    OsTcb_GetTaskPriorityEx                  0x00001b19   Thumb Code    12  tcbprocessor.o(.text)
    OsTcb_SetResOccupied                     0x00001b25   Thumb Code    14  tcbprocessor.o(.text)
    OsTcb_GetCurrentTCBRef                   0x00001b33   Thumb Code     8  tcbprocessor.o(.text)
    OsTcb_GetTcbSP                           0x00001b3b   Thumb Code    14  tcbprocessor.o(.text)
    OsTcb_UpdateTCBSP                        0x00001b49   Thumb Code    36  tcbprocessor.o(.text)
    OsTcb_UpdatePSP                          0x00001b6d   Thumb Code    56  tcbprocessor.o(.text)
    OsTcb_SilenceHook                        0x00001ba5   Thumb Code     8  tcbprocessor.o(.text)
    OsTcb_ScheduleProcessor                  0x00001bad   Thumb Code    92  tcbprocessor.o(.text)
    OsTcb_ThreadStackOverFlow                0x00001c09   Thumb Code    44  tcbprocessor.o(.text)
    OsPort_SetInitialStack                   0x00001db1   Thumb Code    90  portable.o(.text)
    OsPort_GetSVCNumber                      0x00001e0b   Thumb Code    14  portable.o(.text)
    OsPort_GetPSP                            0x00001e19   Thumb Code     8  portable.o(.text)
    OsPort_SetPSP                            0x00001e21   Thumb Code     6  portable.o(.text)
    OsPort_SetThreadMode                     0x00001e27   Thumb Code    14  portable.o(.text)
    OsPort_CoreInit                          0x00001e35   Thumb Code    14  portable.o(.text)
    rand                                     0x00001e49   Thumb Code    20  rand.o(.text)
    srand                                    0x00001e5d   Thumb Code     6  rand.o(.text)
    __aeabi_memcpy                           0x00001e6d   Thumb Code    36  memcpya.o(.text)
    __aeabi_memcpy4                          0x00001e6d   Thumb Code     0  memcpya.o(.text)
    __aeabi_memcpy8                          0x00001e6d   Thumb Code     0  memcpya.o(.text)
    __aeabi_uldivmod                         0x00001e91   Thumb Code    98  uldiv.o(.text)
    __scatterload                            0x00001ef5   Thumb Code    38  init.o(.text)
    __scatterload_rt2                        0x00001ef5   Thumb Code     0  init.o(.text)
    __aeabi_llsl                             0x00001f25   Thumb Code    30  llshl.o(.text)
    __semihosting_library_function           0x00001f25   Thumb Code     0  semi.o(.text)
    _ll_shift_l                              0x00001f25   Thumb Code     0  llshl.o(.text)
    __aeabi_llsr                             0x00001f43   Thumb Code    32  llushr.o(.text)
    _ll_ushift_r                             0x00001f43   Thumb Code     0  llushr.o(.text)
    __I$use$semihosting$fputc                0x00001f63   Thumb Code     0  iusesemip.o(.text)
    __0printf$5                              0x00001f65   Thumb Code    22  printf5.o(i.__0printf$5)
    __1printf$5                              0x00001f65   Thumb Code     0  printf5.o(i.__0printf$5)
    __2printf                                0x00001f65   Thumb Code     0  printf5.o(i.__0printf$5)
    __scatterload_copy                       0x00001f85   Thumb Code    14  handlers.o(i.__scatterload_copy)
    __scatterload_null                       0x00001f93   Thumb Code     2  handlers.o(i.__scatterload_null)
    __scatterload_zeroinit                   0x00001f95   Thumb Code    14  handlers.o(i.__scatterload_zeroinit)
    fputc                                    0x00002265   Thumb Code    18  fputc.o(i.fputc)
    puts                                     0x00002279   Thumb Code    30  puts.o(i.puts)
    OsCfg_ALL_STACK_SIZE                     0x0000229c   Data           2  oscfg.o(.rodata.OsCfg_ALL_STACK_SIZE)
    OsCfg_MAX_NUM_OF_ALARMS                  0x0000229e   Data           1  oscfg.o(.rodata.OsCfg_MAX_NUM_OF_ALARMS)
    OsCfg_MAX_NUM_OF_RESOURCES               0x0000229f   Data           1  oscfg.o(.rodata.OsCfg_MAX_NUM_OF_RESOURCES)
    OsCfg_MAX_NUM_OF_TASKS                   0x000022a0   Data           1  oscfg.o(.rodata.OsCfg_MAX_NUM_OF_TASKS)
    OsCfg_ResourceCeilPri                    0x000022a1   Data           1  oscfg.o(.rodata.OsCfg_ResourceCeilPri)
    OsCfg_ResourceTaskAuthorized             0x000022a2   Data           1  oscfg.o(.rodata.OsCfg_ResourceTaskAuthorized)
    OsCfg_SYSTEM_TICK_IN_MS                  0x000022a4   Data           4  oscfg.o(.rodata.OsCfg_SYSTEM_TICK_IN_MS)
    OsCfg_StackSize                          0x000022a8   Data           8  oscfg.o(.rodata.OsCfg_StackSize)
    OsCfg_USE_ERROR_HOOK                     0x000022b0   Data           1  oscfg.o(.rodata.OsCfg_USE_ERROR_HOOK)
    OsCfg_USE_POSTTASK_HOOK                  0x000022b1   Data           1  oscfg.o(.rodata.OsCfg_USE_POSTTASK_HOOK)
    OsCfg_USE_PRETASK_HOOK                   0x000022b2   Data           1  oscfg.o(.rodata.OsCfg_USE_PRETASK_HOOK)
    OsCfg_USE_STACK_OVER_FLOW_HOOK           0x000022b3   Data           1  oscfg.o(.rodata.OsCfg_USE_STACK_OVER_FLOW_HOOK)
    OsCfg_USE_STARTUP_HOOK                   0x000022b4   Data           1  oscfg.o(.rodata.OsCfg_USE_STARTUP_HOOK)
    Region$$Table$$Base                      0x000022b8   Number         0  anon$$obj.o(Region$$Table)
    Region$$Table$$Limit                     0x000022d8   Number         0  anon$$obj.o(Region$$Table)
    Current_TCB_Ref                          0x20000010   Data           4  tcbprocessor.o(.data)
    __stdout                                 0x2000001c   Data           4  stdout.o(.data)
    MainCounter                              0x20000020   Data          12  oscfg.o(.data.MainCounter)
    OsCfg_Alarms                             0x2000002c   Data          24  oscfg.o(.data.OsCfg_Alarms)
    OsCfg_TCBs                               0x20000044   Data          84  oscfg.o(.data.OsCfg_TCBs)
    Check_Data_Read                          0x20000098   Data           1  osekosecu1.o(.bss.Check_Data_Read)
    Check_Data_Send                          0x20000099   Data           1  osekosecu1.o(.bss.Check_Data_Send)
    Check_Dem_Send                           0x2000009a   Data           1  osekosecu1.o(.bss.Check_Dem_Send)
    Check_Nvm_Stored                         0x2000009b   Data           1  osekosecu1.o(.bss.Check_Nvm_Stored)
    Check_Send_DTC                           0x2000009c   Data           1  osekosecu1.o(.bss.Check_Send_DTC)
    OsCfg_Stack                              0x200000a0   Data        4160  oscfg.o(.bss.OsCfg_Stack)
    RCB                                      0x200010e4   Data           2  oscfg.o(.bss.RCB)
    SVCCnxt_ErrCodes                         0x200010e6   Data           2  oscfg.o(.bss.SVCCnxt_ErrCodes)
    SVCCnxt_ResMgrCnxt                       0x200010e8   Data           1  oscfg.o(.bss.SVCCnxt_ResMgrCnxt)
    g_speed                                  0x200010ec   Data           2  osekosecu1.o(.bss.g_speed)
    speedCan                                 0x20001100   Data           8  comhwabstraction.o(.bss.speedCan)
    vehicleSpeed                             0x2000112a   Data           2  speedsensorswc.o(.bss.vehicleSpeed)
    __initial_sp                             0x20001330   Data           0  keiluvisoin_startup.o(STACK)



==============================================================================

Memory Map of the image

  Image Entry point : 0x00000801

  Load Region LR_1 (Base: 0x00000000, Size: 0x00002370, Max: 0xffffffff, ABSOLUTE)

    Execution Region ER_RO (Exec base: 0x00000000, Load base: 0x00000000, Size: 0x000022d8, Max: 0xffffffff, ABSOLUTE)

    Exec Addr    Load Addr    Size         Type   Attr      Idx    E Section Name        Object

    0x00000000   0x00000000   0x0000026c   Data   RO          105    RESET               keiluvisoin_startup.o
    0x0000026c   0x0000026c   0x00000000   Code   RO          358  * .ARM.Collect$$$$00000000  mc_w.l(entry.o)
    0x0000026c   0x0000026c   0x00000004   Code   RO          635    .ARM.Collect$$$$00000001  mc_w.l(entry2.o)
    0x00000270   0x00000270   0x00000004   Code   RO          638    .ARM.Collect$$$$00000004  mc_w.l(entry5.o)
    0x00000274   0x00000274   0x00000000   Code   RO          640    .ARM.Collect$$$$00000008  mc_w.l(entry7b.o)
    0x00000274   0x00000274   0x00000000   Code   RO          642    .ARM.Collect$$$$0000000A  mc_w.l(entry8b.o)
    0x00000274   0x00000274   0x00000008   Code   RO          643    .ARM.Collect$$$$0000000B  mc_w.l(entry9a.o)
    0x0000027c   0x0000027c   0x00000000   Code   RO          645    .ARM.Collect$$$$0000000D  mc_w.l(entry10a.o)
    0x0000027c   0x0000027c   0x00000000   Code   RO          647    .ARM.Collect$$$$0000000F  mc_w.l(entry11a.o)
    0x0000027c   0x0000027c   0x00000004   Code   RO          636    .ARM.Collect$$$$00002712  mc_w.l(entry2.o)
    0x00000280   0x00000280   0x00000038   Code   RO            1    .text               nvblockswc.o
    0x000002b8   0x000002b8   0x000000b4   Code   RO           10    .text               speedsensorswc.o
    0x0000036c   0x0000036c   0x00000004   Code   RO           20    .text               rte_can.o
    0x00000370   0x00000370   0x00000018   Code   RO           27    .text               rte_dem.o
    0x00000388   0x00000388   0x00000014   Code   RO           35    .text               rte_speedsensor.o
    0x0000039c   0x0000039c   0x0000001c   Code   RO           42    .text               rte_nvm.o
    0x000003b8   0x000003b8   0x000001f6   Code   RO           49    .text               dem.o
    0x000005ae   0x000005ae   0x00000002   PAD
    0x000005b0   0x000005b0   0x00000074   Code   RO           61    .text               nvm.o
    0x00000624   0x00000624   0x00000004   Code   RO           69    .text               can.o
    0x00000628   0x00000628   0x0000009a   Code   RO           76    .text               comhwabstraction.o
    0x000006c2   0x000006c2   0x00000002   PAD
    0x000006c4   0x000006c4   0x000000e6   Code   RO           85    .text               iohwab_speedsensor.o
    0x000007aa   0x000007aa   0x00000002   PAD
    0x000007ac   0x000007ac   0x00000052   Code   RO           95    .text               memif.o
    0x000007fe   0x000007fe   0x00000002   PAD
    0x00000800   0x00000800   0x000000fc   Code   RO          106  * .text               keiluvisoin_startup.o
    0x000008fc   0x000008fc   0x0000006c   Code   RO          112    .text               counter.o
    0x00000968   0x00000968   0x00000012   Code   RO          120    .text               hook.o
    0x0000097a   0x0000097a   0x00000002   PAD
    0x0000097c   0x0000097c   0x000000f8   Code   RO          155    .text               osekosecu1.o
    0x00000a74   0x00000a74   0x0000005a   Code   RO          176    .text               can_driver.o
    0x00000ace   0x00000ace   0x00000002   PAD
    0x00000ad0   0x00000ad0   0x000000c4   Code   RO          184    .text               icu_driver.o
    0x00000b94   0x00000b94   0x000003e0   Code   RO          195    .text               OsekLib.lib(alarm.o)
    0x00000f74   0x00000f74   0x00000066   Code   RO          240    .text               OsekLib.lib(event.o)
    0x00000fda   0x00000fda   0x00000002   PAD
    0x00000fdc   0x00000fdc   0x0000016c   Code   RO          258    .text               OsekLib.lib(task.o)
    0x00001148   0x00001148   0x0000005a   Code   RO          285    .text               OsekLib.lib(port.o)
    0x000011a2   0x000011a2   0x00000002   PAD
    0x000011a4   0x000011a4   0x0000005c   Code   RO          288    .text               OsekLib.lib(errmgr.o)
    0x00001200   0x00001200   0x0000011c   Code   RO          302    .text               OsekLib.lib(rcbprocessor.o)
    0x0000131c   0x0000131c   0x00000058   Code   RO          314    .text               OsekLib.lib(svccontext.o)
    0x00001374   0x00001374   0x00000a3c   Code   RO          328    .text               OsekLib.lib(tcbprocessor.o)
    0x00001db0   0x00001db0   0x00000098   Code   RO          343    .text               OsekLib.lib(portable.o)
    0x00001e48   0x00001e48   0x00000024   Code   RO          365    .text               mc_w.l(rand.o)
    0x00001e6c   0x00001e6c   0x00000024   Code   RO          370    .text               mc_w.l(memcpya.o)
    0x00001e90   0x00001e90   0x00000062   Code   RO          665    .text               mc_w.l(uldiv.o)
    0x00001ef2   0x00001ef2   0x00000002   PAD
    0x00001ef4   0x00001ef4   0x00000030   Code   RO          678    .text               mc_w.l(init.o)
    0x00001f24   0x00001f24   0x00000000   Code   RO          680    .text               mc_w.l(semi.o)
    0x00001f24   0x00001f24   0x0000001e   Code   RO          681    .text               mc_w.l(llshl.o)
    0x00001f42   0x00001f42   0x00000020   Code   RO          683    .text               mc_w.l(llushr.o)
    0x00001f62   0x00001f62   0x00000000   Code   RO          687    .text               mc_w.l(iusesemip.o)
    0x00001f62   0x00001f62   0x00000002   PAD
    0x00001f64   0x00001f64   0x00000020   Code   RO          507    i.__0printf$5       mc_w.l(printf5.o)
    0x00001f84   0x00001f84   0x0000000e   Code   RO          692    i.__scatterload_copy  mc_w.l(handlers.o)
    0x00001f92   0x00001f92   0x00000002   Code   RO          693    i.__scatterload_null  mc_w.l(handlers.o)
    0x00001f94   0x00001f94   0x0000000e   Code   RO          694    i.__scatterload_zeroinit  mc_w.l(handlers.o)
    0x00001fa2   0x00001fa2   0x00000002   PAD
    0x00001fa4   0x00001fa4   0x000002c0   Code   RO          514    i._printf_core      mc_w.l(printf5.o)
    0x00002264   0x00002264   0x00000012   Code   RO          649    i.fputc             mc_w.l(fputc.o)
    0x00002276   0x00002276   0x00000002   PAD
    0x00002278   0x00002278   0x00000024   Code   RO          361    i.puts              mc_w.l(puts.o)
    0x0000229c   0x0000229c   0x00000002   Data   RO          131    .rodata.OsCfg_ALL_STACK_SIZE  oscfg.o
    0x0000229e   0x0000229e   0x00000001   Data   RO          129    .rodata.OsCfg_MAX_NUM_OF_ALARMS  oscfg.o
    0x0000229f   0x0000229f   0x00000001   Data   RO          130    .rodata.OsCfg_MAX_NUM_OF_RESOURCES  oscfg.o
    0x000022a0   0x000022a0   0x00000001   Data   RO          128    .rodata.OsCfg_MAX_NUM_OF_TASKS  oscfg.o
    0x000022a1   0x000022a1   0x00000001   Data   RO          148    .rodata.OsCfg_ResourceCeilPri  oscfg.o
    0x000022a2   0x000022a2   0x00000001   Data   RO          147    .rodata.OsCfg_ResourceTaskAuthorized  oscfg.o
    0x000022a3   0x000022a3   0x00000001   PAD
    0x000022a4   0x000022a4   0x00000004   Data   RO          139    .rodata.OsCfg_SYSTEM_TICK_IN_MS  oscfg.o
    0x000022a8   0x000022a8   0x00000008   Data   RO          142    .rodata.OsCfg_StackSize  oscfg.o
    0x000022b0   0x000022b0   0x00000001   Data   RO          132    .rodata.OsCfg_USE_ERROR_HOOK  oscfg.o
    0x000022b1   0x000022b1   0x00000001   Data   RO          134    .rodata.OsCfg_USE_POSTTASK_HOOK  oscfg.o
    0x000022b2   0x000022b2   0x00000001   Data   RO          133    .rodata.OsCfg_USE_PRETASK_HOOK  oscfg.o
    0x000022b3   0x000022b3   0x00000001   Data   RO          136    .rodata.OsCfg_USE_STACK_OVER_FLOW_HOOK  oscfg.o
    0x000022b4   0x000022b4   0x00000001   Data   RO          135    .rodata.OsCfg_USE_STARTUP_HOOK  oscfg.o
    0x000022b5   0x000022b5   0x00000003   PAD
    0x000022b8   0x000022b8   0x00000020   Data   RO          691    Region$$Table       anon$$obj.o


    Execution Region ER_RW (Exec base: 0x20000000, Load base: 0x000022d8, Size: 0x00000098, Max: 0xffffffff, ABSOLUTE)

    Exec Addr    Load Addr    Size         Type   Attr      Idx    E Section Name        Object

    0x20000000   0x000022d8   0x0000000c   Data   RW          289    .data               OsekLib.lib(errmgr.o)
    0x2000000c   0x000022e4   0x00000003   Data   RW          315    .data               OsekLib.lib(svccontext.o)
    0x2000000f   0x000022e7   0x00000001   PAD
    0x20000010   0x000022e8   0x00000006   Data   RW          329    .data               OsekLib.lib(tcbprocessor.o)
    0x20000016   0x000022ee   0x00000002   PAD
    0x20000018   0x000022f0   0x00000004   Data   RW          366    .data               mc_w.l(rand.o)
    0x2000001c   0x000022f4   0x00000004   Data   RW          653    .data               mc_w.l(stdout.o)
    0x20000020   0x000022f8   0x0000000c   Data   RW          144    .data.MainCounter   oscfg.o
    0x2000002c   0x00002304   0x00000018   Data   RW          145    .data.OsCfg_Alarms  oscfg.o
    0x20000044   0x0000231c   0x00000054   Data   RW          141    .data.OsCfg_TCBs    oscfg.o


    Execution Region ER_ZI (Exec base: 0x20000098, Load base: 0x00002370, Size: 0x00001298, Max: 0xffffffff, ABSOLUTE)

    Exec Addr    Load Addr    Size         Type   Attr      Idx    E Section Name        Object

    0x20000098        -       0x00000001   Zero   RW          160    .bss.Check_Data_Read  osekosecu1.o
    0x20000099        -       0x00000001   Zero   RW          161    .bss.Check_Data_Send  osekosecu1.o
    0x2000009a        -       0x00000001   Zero   RW          162    .bss.Check_Dem_Send  osekosecu1.o
    0x2000009b        -       0x00000001   Zero   RW          164    .bss.Check_Nvm_Stored  osekosecu1.o
    0x2000009c        -       0x00000001   Zero   RW          163    .bss.Check_Send_DTC  osekosecu1.o
    0x2000009d        -       0x00000001   Zero   RW          167    .bss.NvmLogging_Toggle  osekosecu1.o
    0x2000009e   0x00002370   0x00000002   PAD
    0x200000a0        -       0x00001040   Zero   RW          143    .bss.OsCfg_Stack    oscfg.o
    0x200010e0        -       0x00000004   Zero   RW          114    .bss.OsCnt_SystemCounter  counter.o
    0x200010e4        -       0x00000002   Zero   RW          150    .bss.RCB            oscfg.o
    0x200010e6        -       0x00000002   Zero   RW          146    .bss.SVCCnxt_ErrCodes  oscfg.o
    0x200010e8        -       0x00000001   Zero   RW          149    .bss.SVCCnxt_ResMgrCnxt  oscfg.o
    0x200010e9        -       0x00000001   Zero   RW          165    .bss.SensorData_Toggle  osekosecu1.o
    0x200010ea        -       0x00000001   Zero   RW           13    .bss.detectedDTC    speedsensorswc.o
    0x200010eb        -       0x00000001   Zero   RW           51    .bss.dtcCount       dem.o
    0x200010ec        -       0x00000002   Zero   RW          166    .bss.g_speed        osekosecu1.o
    0x200010ee   0x00002370   0x00000002   PAD
    0x200010f0        -       0x00000004   Zero   RW           87    .bss.lastTimestamp  iohwab_speedsensor.o
    0x200010f4        -       0x00000004   Zero   RW          186    .bss.lastTimestamp  icu_driver.o
    0x200010f8        -       0x00000004   Zero   RW           88    .bss.pulseInterval  iohwab_speedsensor.o
    0x200010fc        -       0x00000004   Zero   RW          187    .bss.pulseInterval  icu_driver.o
    0x20001100        -       0x00000008   Zero   RW           78    .bss.speedCan       comhwabstraction.o
    0x20001108        -       0x00000002   Zero   RW            3    .bss.storedDTC      nvblockswc.o
    0x2000110a   0x00002370   0x00000002   PAD
    0x2000110c        -       0x00000014   Zero   RW           52    .bss.storedDTCs     dem.o
    0x20001120        -       0x0000000a   Zero   RW           53    .bss.storedStatus   dem.o
    0x2000112a        -       0x00000002   Zero   RW           12    .bss.vehicleSpeed   speedsensorswc.o
    0x2000112c   0x00002370   0x00000004   PAD
    0x20001130        -       0x00000200   Zero   RW          103    STACK               keiluvisoin_startup.o


==============================================================================

Image component sizes


      Code (inc. data)   RO Data    RW Data    ZI Data      Debug   Object Name

         4          0          0          0          0        901   can.o
        90         52          0          0          0       1192   can_driver.o
       154         48          0          0          8       1397   comhwabstraction.o
       108          0          0          0          4        808   counter.o
       502          0          0          0         31       2767   dem.o
        18          0          0          0          0        926   hook.o
       196         52          0          0          8       1991   icu_driver.o
       230         84          0          0          8       1618   iohwab_speedsensor.o
       252         10        620          0        512       5500   keiluvisoin_startup.o
        82         20          0          0          0       2037   memif.o
        56          0          0          0          2       1015   nvblockswc.o
       116         36          0          0          0       1301   nvm.o
         0          0         24        120       4165       3077   oscfg.o
       248          0          0          0          9       2290   osekosecu1.o
         4          0          0          0          0        853   rte_can.o
        24          0          0          0          0       1178   rte_dem.o
        28          0          0          0          0       1141   rte_nvm.o
        20          0          0          0          0       1641   rte_speedsensor.o
       180         36          0          0          3       1833   speedsensorswc.o

    ----------------------------------------------------------------------
      2324        338        680        120       4760      33466   Object Totals
         0          0         32          0          0          0   (incl. Generated)
        12          0          4          0         10          0   (incl. Padding)

    ----------------------------------------------------------------------

      Code (inc. data)   RO Data    RW Data    ZI Data      Debug   Library Member Name

       992         20          0          0          0      14592   alarm.o
        92         22          0         12          0       2466   errmgr.o
       102          0          0          0          0       1477   event.o
        90          0          0          0          0        256   port.o
       152          6          0          0          0       1706   portable.o
       284         20          0          0          0        864   rcbprocessor.o
        88         18          0          3          0       2614   svccontext.o
       364         26          0          0          0       2647   task.o
      2620        112          0          6          0      10800   tcbprocessor.o
         0          0          0          0          0          0   entry.o
         0          0          0          0          0          0   entry10a.o
         0          0          0          0          0          0   entry11a.o
         8          4          0          0          0          0   entry2.o
         4          0          0          0          0          0   entry5.o
         0          0          0          0          0          0   entry7b.o
         0          0          0          0          0          0   entry8b.o
         8          4          0          0          0          0   entry9a.o
        18          0          0          0          0         80   fputc.o
        30          0          0          0          0          0   handlers.o
        48         10          0          0          0         68   init.o
         0          0          0          0          0          0   iusesemip.o
        30          0          0          0          0         68   llshl.o
        32          0          0          0          0         68   llushr.o
        36          0          0          0          0         68   memcpya.o
       736         56          0          0          0        184   printf5.o
        36          6          0          0          0         80   puts.o
        36         10          0          4          0        136   rand.o
         0          0          0          0          0          0   semi.o
         0          0          0          4          0          0   stdout.o
        98          0          0          0          0         92   uldiv.o

    ----------------------------------------------------------------------
      5916        314          0         32          0      38266   Library Totals
        12          0          0          3          0          0   (incl. Padding)

    ----------------------------------------------------------------------

      Code (inc. data)   RO Data    RW Data    ZI Data      Debug   Library Name

      4784        224          0         21          0      37422   OsekLib.lib
      1120         90          0          8          0        844   mc_w.l

    ----------------------------------------------------------------------
      5916        314          0         32          0      38266   Library Totals

    ----------------------------------------------------------------------

==============================================================================


      Code (inc. data)   RO Data    RW Data    ZI Data      Debug   

      8240        652        680        152       4760      70576   Grand Totals
      8240        652        680        152       4760      70576   ELF Image Totals
      8240        652        680        152          0          0   ROM Totals

==============================================================================

    Total RO  Size (Code + RO Data)                 8920 (   8.71kB)
    Total RW  Size (RW Data + ZI Data)              4912 (   4.80kB)
    Total ROM Size (Code + RO Data + RW Data)       9072 (   8.86kB)

==============================================================================

